Archive member included to satisfy reference by file (symbol)

d:/stm32platform/gcc-arm-none-eabi-10.3-2021.10/bin/../lib/gcc/arm-none-eabi/10.3.1/thumb/v7-m/nofp\libgcc.a(_arm_muldivsf3.o)
                              CMakeFiles/DriveControl.elf.dir/Core/Src/main.c.obj (__aeabi_fdiv)
d:/stm32platform/gcc-arm-none-eabi-10.3-2021.10/bin/../lib/gcc/arm-none-eabi/10.3.1/thumb/v7-m/nofp\libgcc.a(_arm_fixsfsi.o)
                              CMakeFiles/DriveControl.elf.dir/Core/Src/main.c.obj (__aeabi_f2iz)
d:/stm32platform/gcc-arm-none-eabi-10.3-2021.10/bin/../lib/gcc/arm-none-eabi/10.3.1/../../../../arm-none-eabi/lib/thumb/v7-m/nofp\libg.a(lib_a-errno.o)
                              CMakeFiles/DriveControl.elf.dir/Core/Src/syscalls.c.obj (__errno)
d:/stm32platform/gcc-arm-none-eabi-10.3-2021.10/bin/../lib/gcc/arm-none-eabi/10.3.1/../../../../arm-none-eabi/lib/thumb/v7-m/nofp\libg.a(lib_a-exit.o)
                              d:/stm32platform/gcc-arm-none-eabi-10.3-2021.10/bin/../lib/gcc/arm-none-eabi/10.3.1/../../../../arm-none-eabi/lib/thumb/v7-m/nofp/crt0.o (exit)
d:/stm32platform/gcc-arm-none-eabi-10.3-2021.10/bin/../lib/gcc/arm-none-eabi/10.3.1/../../../../arm-none-eabi/lib/thumb/v7-m/nofp\libg.a(lib_a-impure.o)
                              d:/stm32platform/gcc-arm-none-eabi-10.3-2021.10/bin/../lib/gcc/arm-none-eabi/10.3.1/../../../../arm-none-eabi/lib/thumb/v7-m/nofp\libg.a(lib_a-exit.o) (_global_impure_ptr)
d:/stm32platform/gcc-arm-none-eabi-10.3-2021.10/bin/../lib/gcc/arm-none-eabi/10.3.1/../../../../arm-none-eabi/lib/thumb/v7-m/nofp\libg.a(lib_a-init.o)
                              d:/stm32platform/gcc-arm-none-eabi-10.3-2021.10/bin/../lib/gcc/arm-none-eabi/10.3.1/../../../../arm-none-eabi/lib/thumb/v7-m/nofp/crt0.o (__libc_init_array)
d:/stm32platform/gcc-arm-none-eabi-10.3-2021.10/bin/../lib/gcc/arm-none-eabi/10.3.1/../../../../arm-none-eabi/lib/thumb/v7-m/nofp\libg.a(lib_a-memset.o)
                              d:/stm32platform/gcc-arm-none-eabi-10.3-2021.10/bin/../lib/gcc/arm-none-eabi/10.3.1/../../../../arm-none-eabi/lib/thumb/v7-m/nofp/crt0.o (memset)
d:/stm32platform/gcc-arm-none-eabi-10.3-2021.10/bin/../lib/gcc/arm-none-eabi/10.3.1/../../../../arm-none-eabi/lib/thumb/v7-m/nofp\libg.a(lib_a-strtod.o)
                              CMakeFiles/DriveControl.elf.dir/Core/Src/main.c.obj (strtof)
d:/stm32platform/gcc-arm-none-eabi-10.3-2021.10/bin/../lib/gcc/arm-none-eabi/10.3.1/../../../../arm-none-eabi/lib/thumb/v7-m/nofp\libg.a(lib_a-__call_atexit.o)
                              d:/stm32platform/gcc-arm-none-eabi-10.3-2021.10/bin/../lib/gcc/arm-none-eabi/10.3.1/../../../../arm-none-eabi/lib/thumb/v7-m/nofp\libg.a(lib_a-exit.o) (__call_exitprocs)
d:/stm32platform/gcc-arm-none-eabi-10.3-2021.10/bin/../lib/gcc/arm-none-eabi/10.3.1/../../../../arm-none-eabi/lib/thumb/v7-m/nofp\libg.a(lib_a-atexit.o)
                              d:/stm32platform/gcc-arm-none-eabi-10.3-2021.10/bin/../lib/gcc/arm-none-eabi/10.3.1/../../../../arm-none-eabi/lib/thumb/v7-m/nofp\libg.a(lib_a-__call_atexit.o) (atexit)
d:/stm32platform/gcc-arm-none-eabi-10.3-2021.10/bin/../lib/gcc/arm-none-eabi/10.3.1/../../../../arm-none-eabi/lib/thumb/v7-m/nofp\libg.a(lib_a-fini.o)
                              d:/stm32platform/gcc-arm-none-eabi-10.3-2021.10/bin/../lib/gcc/arm-none-eabi/10.3.1/../../../../arm-none-eabi/lib/thumb/v7-m/nofp\libg.a(lib_a-__call_atexit.o) (__libc_fini_array)
d:/stm32platform/gcc-arm-none-eabi-10.3-2021.10/bin/../lib/gcc/arm-none-eabi/10.3.1/../../../../arm-none-eabi/lib/thumb/v7-m/nofp\libg.a(lib_a-gdtoa-gethex.o)
                              d:/stm32platform/gcc-arm-none-eabi-10.3-2021.10/bin/../lib/gcc/arm-none-eabi/10.3.1/../../../../arm-none-eabi/lib/thumb/v7-m/nofp\libg.a(lib_a-strtod.o) (__gethex)
d:/stm32platform/gcc-arm-none-eabi-10.3-2021.10/bin/../lib/gcc/arm-none-eabi/10.3.1/../../../../arm-none-eabi/lib/thumb/v7-m/nofp\libg.a(lib_a-gdtoa-hexnan.o)
                              d:/stm32platform/gcc-arm-none-eabi-10.3-2021.10/bin/../lib/gcc/arm-none-eabi/10.3.1/../../../../arm-none-eabi/lib/thumb/v7-m/nofp\libg.a(lib_a-strtod.o) (__match)
d:/stm32platform/gcc-arm-none-eabi-10.3-2021.10/bin/../lib/gcc/arm-none-eabi/10.3.1/../../../../arm-none-eabi/lib/thumb/v7-m/nofp\libg.a(lib_a-lnumeric.o)
                              d:/stm32platform/gcc-arm-none-eabi-10.3-2021.10/bin/../lib/gcc/arm-none-eabi/10.3.1/../../../../arm-none-eabi/lib/thumb/v7-m/nofp\libg.a(lib_a-strtod.o) (_C_numeric_locale)
d:/stm32platform/gcc-arm-none-eabi-10.3-2021.10/bin/../lib/gcc/arm-none-eabi/10.3.1/../../../../arm-none-eabi/lib/thumb/v7-m/nofp\libg.a(lib_a-locale.o)
                              d:/stm32platform/gcc-arm-none-eabi-10.3-2021.10/bin/../lib/gcc/arm-none-eabi/10.3.1/../../../../arm-none-eabi/lib/thumb/v7-m/nofp\libg.a(lib_a-strtod.o) (__global_locale)
[...]
Memory Configuration

Name             Origin             Length             Attributes
RAM              0x20000000         0x00005000         xrw
FLASH            0x08000000         0x00010000         xr
*default*        0x00000000         0xffffffff

Linker script and memory map

LOAD d:/stm32platform/gcc-arm-none-eabi-10.3-2021.10/bin/../lib/gcc/arm-none-eabi/10.3.1/thumb/v7-m/nofp/crti.o
LOAD d:/stm32platform/gcc-arm-none-eabi-10.3-2021.10/bin/../lib/gcc/arm-none-eabi/10.3.1/thumb/v7-m/nofp/crtbegin.o
LOAD d:/stm32platform/gcc-arm-none-eabi-10.3-2021.10/bin/../lib/gcc/arm-none-eabi/10.3.1/../../../../arm-none-eabi/lib/thumb/v7-m/nofp/crt0.o
LOAD CMakeFiles/DriveControl.elf.dir/Core/Src/action_usart.c.obj
LOAD CMakeFiles/DriveControl.elf.dir/Core/Src/detect.c.obj
LOAD CMakeFiles/DriveControl.elf.dir/Core/Src/gpio.c.obj
LOAD CMakeFiles/DriveControl.elf.dir/Core/Src/main.c.obj
LOAD CMakeFiles/DriveControl.elf.dir/Core/Src/motorcontrol.c.obj
LOAD CMakeFiles/DriveControl.elf.dir/Core/Src/stm32f1xx_hal_msp.c.obj
LOAD CMakeFiles/DriveControl.elf.dir/Core/Src/stm32f1xx_it.c.obj
LOAD CMakeFiles/DriveControl.elf.dir/Core/Src/syscalls.c.obj
LOAD CMakeFiles/DriveControl.elf.dir/Core/Src/sysmem.c.obj
LOAD CMakeFiles/DriveControl.elf.dir/Core/Src/system_stm32f1xx.c.obj
LOAD CMakeFiles/DriveControl.elf.dir/Core/Src/tim.c.obj
LOAD CMakeFiles/DriveControl.elf.dir/Core/Src/usart.c.obj
LOAD CMakeFiles/DriveControl.elf.dir/Core/Startup/startup_stm32f103c8tx.s.obj
LOAD CMakeFiles/DriveControl.elf.dir/Drivers/STM32F1xx_HAL_Driver/Src/stm32f1xx_hal.c.obj
LOAD CMakeFiles/DriveControl.elf.dir/Drivers/STM32F1xx_HAL_Driver/Src/stm32f1xx_hal_cortex.c.obj
LOAD CMakeFiles/DriveControl.elf.dir/Drivers/STM32F1xx_HAL_Driver/Src/stm32f1xx_hal_dma.c.obj
LOAD CMakeFiles/DriveControl.elf.dir/Drivers/STM32F1xx_HAL_Driver/Src/stm32f1xx_hal_exti.c.obj
LOAD CMakeFiles/DriveControl.elf.dir/Drivers/STM32F1xx_HAL_Driver/Src/stm32f1xx_hal_flash.c.obj
LOAD CMakeFiles/DriveControl.elf.dir/Drivers/STM32F1xx_HAL_Driver/Src/stm32f1xx_hal_flash_ex.c.obj
LOAD CMakeFiles/DriveControl.elf.dir/Drivers/STM32F1xx_HAL_Driver/Src/stm32f1xx_hal_gpio.c.obj
LOAD CMakeFiles/DriveControl.elf.dir/Drivers/STM32F1xx_HAL_Driver/Src/stm32f1xx_hal_gpio_ex.c.obj
LOAD CMakeFiles/DriveControl.elf.dir/Drivers/STM32F1xx_HAL_Driver/Src/stm32f1xx_hal_pwr.c.obj
LOAD CMakeFiles/DriveControl.elf.dir/Drivers/STM32F1xx_HAL_Driver/Src/stm32f1xx_hal_rcc.c.obj
LOAD CMakeFiles/DriveControl.elf.dir/Drivers/STM32F1xx_HAL_Driver/Src/stm32f1xx_hal_rcc_ex.c.obj
LOAD CMakeFiles/DriveControl.elf.dir/Drivers/STM32F1xx_HAL_Driver/Src/stm32f1xx_hal_tim.c.obj
LOAD CMakeFiles/DriveControl.elf.dir/Drivers/STM32F1xx_HAL_Driver/Src/stm32f1xx_hal_tim_ex.c.obj
LOAD CMakeFiles/DriveControl.elf.dir/Drivers/STM32F1xx_HAL_Driver/Src/stm32f1xx_hal_uart.c.obj
START GROUP
LOAD d:/stm32platform/gcc-arm-none-eabi-10.3-2021.10/bin/../lib/gcc/arm-none-eabi/10.3.1/thumb/v7-m/nofp\libgcc.a
LOAD d:/stm32platform/gcc-arm-none-eabi-10.3-2021.10/bin/../lib/gcc/arm-none-eabi/10.3.1/../../../../arm-none-eabi/lib/thumb/v7-m/nofp\libg.a
LOAD d:/stm32platform/gcc-arm-none-eabi-10.3-2021.10/bin/../lib/gcc/arm-none-eabi/10.3.1/../../../../arm-none-eabi/lib/thumb/v7-m/nofp\libc.a
END GROUP
LOAD d:/stm32platform/gcc-arm-none-eabi-10.3-2021.10/bin/../lib/gcc/arm-none-eabi/10.3.1/thumb/v7-m/nofp/crtend.o
LOAD d:/stm32platform/gcc-arm-none-eabi-10.3-2021.10/bin/../lib/gcc/arm-none-eabi/10.3.1/thumb/v7-m/nofp/crtn.o
                0x20005000                _estack = (ORIGIN (RAM) + LENGTH (RAM))
                0x00000200                _Min_Heap_Size = 0x200
                0x00000400                _Min_Stack_Size = 0x400

.isr_vector     0x08000000      0x10c
                0x08000000                . = ALIGN (0x4)
 *(.isr_vector)
 .isr_vector    0x08000000      0x10c CMakeFiles/DriveControl.elf.dir/Core/Startup/startup_stm32f103c8tx.s.obj
                0x08000000                g_pfnVectors
                0x0800010c                . = ALIGN (0x4)

.text           0x08000110     0x85b8
                0x08000110                . = ALIGN (0x4)
 *(.text)
 .text          0x08000110       0x40 d:/stm32platform/gcc-arm-none-eabi-10.3-2021.10/bin/../lib/gcc/arm-none-eabi/10.3.1/thumb/v7-m/nofp/crtbegin.o
 .text          0x08000150      0x2a0 d:/stm32platform/gcc-arm-none-eabi-10.3-2021.10/bin/../lib/gcc/arm-none-eabi/10.3.1/thumb/v7-m/nofp\libgcc.a(_arm_muldivsf3.o)
                0x08000150                __mulsf3
                0x08000150                __aeabi_fmul
                0x080002b8                __aeabi_fdiv
                0x080002b8                __divsf3
 .text          0x080003f0       0x4c d:/stm32platform/gcc-arm-none-eabi-10.3-2021.10/bin/../lib/gcc/arm-none-eabi/10.3.1/thumb/v7-m/nofp\libgcc.a(_arm_fixsfsi.o)
                0x080003f0                __aeabi_f2iz
                0x080003f0                __fixsfsi
 .text          0x0800043c       0xec d:/stm32platform/gcc-arm-none-eabi-10.3-2021.10/bin/../lib/gcc/arm-none-eabi/10.3.1/../../../../arm-none-eabi/lib/thumb/v7-m/nofp\libg.a(lib_a-memcpy.o)
                0x0800043c                memcpy
 .text          0x08000528      0x378 d:/stm32platform/gcc-arm-none-eabi-10.3-2021.10/bin/../lib/gcc/arm-none-eabi/10.3.1/thumb/v7-m/nofp\libgcc.a(_arm_addsubdf3.o)
                0x08000528                __aeabi_drsub
                0x08000530                __aeabi_dsub
                0x08000530                __subdf3
                0x08000534                __aeabi_dadd
                0x08000534                __adddf3
                0x080007ac                __floatunsidf
                0x080007ac                __aeabi_ui2d
                0x080007cc                __floatsidf
                0x080007cc                __aeabi_i2d
                0x080007f0                __aeabi_f2d
                0x080007f0                __extendsfdf2
                0x08000834                __floatundidf
                0x08000834                __aeabi_ul2d
                0x08000844                __floatdidf
                0x08000844                __aeabi_l2d
 .text          0x080008a0      0x424 d:/stm32platform/gcc-arm-none-eabi-10.3-2021.10/bin/../lib/gcc/arm-none-eabi/10.3.1/thumb/v7-m/nofp\libgcc.a(_arm_muldivdf3.o)
                0x080008a0                __aeabi_dmul
                0x080008a0                __muldf3
                0x08000af4                __divdf3
                0x08000af4                __aeabi_ddiv
 .text          0x08000cc4      0x110 d:/stm32platform/gcc-arm-none-eabi-10.3-2021.10/bin/../lib/gcc/arm-none-eabi/10.3.1/thumb/v7-m/nofp\libgcc.a(_arm_cmpdf2.o)
                0x08000cc4                __gtdf2
                0x08000cc4                __gedf2
                0x08000ccc                __ltdf2
                0x08000ccc                __ledf2
                0x08000cd4                __nedf2
                0x08000cd4                __eqdf2
                0x08000cd4                __cmpdf2
                0x08000d50                __aeabi_cdrcmple
                0x08000d60                __aeabi_cdcmpeq
                0x08000d60                __aeabi_cdcmple
                0x08000d70                __aeabi_dcmpeq
                0x08000d84                __aeabi_dcmplt
                0x08000d98                __aeabi_dcmple
                0x08000dac                __aeabi_dcmpge
                0x08000dc0                __aeabi_dcmpgt
 .text          0x08000dd4       0x2c d:/stm32platform/gcc-arm-none-eabi-10.3-2021.10/bin/../lib/gcc/arm-none-eabi/10.3.1/thumb/v7-m/nofp\libgcc.a(_arm_unorddf2.o)
                0x08000dd4                __unorddf2
                0x08000dd4                __aeabi_dcmpun
 .text          0x08000e00       0x40 d:/stm32platform/gcc-arm-none-eabi-10.3-2021.10/bin/../lib/gcc/arm-none-eabi/10.3.1/thumb/v7-m/nofp\libgcc.a(_arm_fixunsdfsi.o)
                0x08000e00                __aeabi_d2uiz
                0x08000e00                __fixunsdfsi
 .text          0x08000e40       0xa0 d:/stm32platform/gcc-arm-none-eabi-10.3-2021.10/bin/../lib/gcc/arm-none-eabi/10.3.1/thumb/v7-m/nofp\libgcc.a(_arm_truncdfsf2.o)
                0x08000e40                __truncdfsf2
                0x08000e40                __aeabi_d2f
 .text          0x08000ee0       0xec d:/stm32platform/gcc-arm-none-eabi-10.3-2021.10/bin/../lib/gcc/arm-none-eabi/10.3.1/thumb/v7-m/nofp\libgcc.a(_arm_cmpsf2.o)
                0x08000ee0                __gesf2
                0x08000ee0                __gtsf2
                0x08000ee8                __lesf2
                0x08000ee8                __ltsf2
                0x08000ef0                __nesf2
                0x08000ef0                __eqsf2
                0x08000ef0                __cmpsf2
                0x08000f50                __aeabi_cfrcmple
                0x08000f58                __aeabi_cfcmpeq
                0x08000f58                __aeabi_cfcmple
                0x08000f68                __aeabi_fcmpeq
                0x08000f7c                __aeabi_fcmplt
                0x08000f90                __aeabi_fcmple
                0x08000fa4                __aeabi_fcmpge
                0x08000fb8                __aeabi_fcmpgt
 .text          0x08000fcc       0x2c d:/stm32platform/gcc-arm-none-eabi-10.3-2021.10/bin/../lib/gcc/arm-none-eabi/10.3.1/thumb/v7-m/nofp\libgcc.a(_arm_unordsf2.o)
                0x08000fcc                __unordsf2
                0x08000fcc                __aeabi_fcmpun
 .text          0x08000ff8       0x30 d:/stm32platform/gcc-arm-none-eabi-10.3-2021.10/bin/../lib/gcc/arm-none-eabi/10.3.1/thumb/v7-m/nofp\libgcc.a(_aeabi_uldivmod.o)
                0x08000ff8                __aeabi_uldivmod
 .text          0x08001028       0x34 d:/stm32platform/gcc-arm-none-eabi-10.3-2021.10/bin/../lib/gcc/arm-none-eabi/10.3.1/thumb/v7-m/nofp\libgcc.a(_fixdfdi.o)
                0x08001028                __fixdfdi
                0x08001028                __aeabi_d2lz
 .text          0x0800105c       0x3c d:/stm32platform/gcc-arm-none-eabi-10.3-2021.10/bin/../lib/gcc/arm-none-eabi/10.3.1/thumb/v7-m/nofp\libgcc.a(_fixunsdfdi.o)
                0x0800105c                __fixunsdfdi
                0x0800105c                __aeabi_d2ulz
 .text          0x08001098      0x2d4 d:/stm32platform/gcc-arm-none-eabi-10.3-2021.10/bin/../lib/gcc/arm-none-eabi/10.3.1/thumb/v7-m/nofp\libgcc.a(_udivmoddi4.o)
                0x08001098                __udivmoddi4
 .text          0x0800136c        0x4 d:/stm32platform/gcc-arm-none-eabi-10.3-2021.10/bin/../lib/gcc/arm-none-eabi/10.3.1/thumb/v7-m/nofp\libgcc.a(_dvmd_tls.o)
                0x0800136c                __aeabi_idiv0
                0x0800136c                __aeabi_ldiv0
 *(.text*)
 .text.Trans_Fold_Unfold
                0x08001370       0x20 CMakeFiles/DriveControl.elf.dir/Core/Src/action_usart.c.obj
                0x08001370                Trans_Fold_Unfold
 .text.Camera_Detect
                0x08001390       0x14 CMakeFiles/DriveControl.elf.dir/Core/Src/action_usart.c.obj
                0x08001390                Camera_Detect
 .text.Menu_Action
                0x080013a4      0x1b4 CMakeFiles/DriveControl.elf.dir/Core/Src/action_usart.c.obj
                0x080013a4                Menu_Action
 .text.PID_Motor_Action
                0x08001558       0x50 CMakeFiles/DriveControl.elf.dir/Core/Src/action_usart.c.obj
                0x08001558                PID_Motor_Action
 .text.MX_GPIO_Init
                0x080015a8       0x88 CMakeFiles/DriveControl.elf.dir/Core/Src/gpio.c.obj
                0x080015a8                MX_GPIO_Init
 .text.HAL_UART_RxCpltCallback
                0x08001630       0xe4 CMakeFiles/DriveControl.elf.dir/Core/Src/main.c.obj
                0x08001630                HAL_UART_RxCpltCallback
 .text.Error_Handler
                0x08001714        0x4 CMakeFiles/DriveControl.elf.dir/Core/Src/main.c.obj
                0x08001714                Error_Handler
 .text.SystemClock_Config
                0x08001718       0x64 CMakeFiles/DriveControl.elf.dir/Core/Src/main.c.obj
                0x08001718                SystemClock_Config
 .text.main     0x0800177c      0x158 CMakeFiles/DriveControl.elf.dir/Core/Src/main.c.obj
                0x0800177c                main
 .text.Motor_Init
                0x080018d4       0xb4 CMakeFiles/DriveControl.elf.dir/Core/Src/motorcontrol.c.obj
                0x080018d4                Motor_Init
 .text.HAL_MspInit
                0x08001988       0x3c CMakeFiles/DriveControl.elf.dir/Core/Src/stm32f1xx_hal_msp.c.obj
                0x08001988                HAL_MspInit
 .text.NMI_Handler
                0x080019c4        0x2 CMakeFiles/DriveControl.elf.dir/Core/Src/stm32f1xx_it.c.obj
                0x080019c4                NMI_Handler
 .text.HardFault_Handler
                0x080019c6        0x2 CMakeFiles/DriveControl.elf.dir/Core/Src/stm32f1xx_it.c.obj
                0x080019c6                HardFault_Handler
 .text.MemManage_Handler
                0x080019c8        0x2 CMakeFiles/DriveControl.elf.dir/Core/Src/stm32f1xx_it.c.obj
                0x080019c8                MemManage_Handler
 .text.BusFault_Handler
                0x080019ca        0x2 CMakeFiles/DriveControl.elf.dir/Core/Src/stm32f1xx_it.c.obj
                0x080019ca                BusFault_Handler
 .text.UsageFault_Handler
                0x080019cc        0x2 CMakeFiles/DriveControl.elf.dir/Core/Src/stm32f1xx_it.c.obj
                0x080019cc                UsageFault_Handler
 .text.SVC_Handler
                0x080019ce        0x2 CMakeFiles/DriveControl.elf.dir/Core/Src/stm32f1xx_it.c.obj
                0x080019ce                SVC_Handler
 .text.DebugMon_Handler
                0x080019d0        0x2 CMakeFiles/DriveControl.elf.dir/Core/Src/stm32f1xx_it.c.obj
                0x080019d0                DebugMon_Handler
 .text.PendSV_Handler
                0x080019d2        0x2 CMakeFiles/DriveControl.elf.dir/Core/Src/stm32f1xx_it.c.obj
                0x080019d2                PendSV_Handler
 .text.SysTick_Handler
                0x080019d4        0x8 CMakeFiles/DriveControl.elf.dir/Core/Src/stm32f1xx_it.c.obj
                0x080019d4                SysTick_Handler
 .text.USART2_IRQHandler
                0x080019dc       0x10 CMakeFiles/DriveControl.elf.dir/Core/Src/stm32f1xx_it.c.obj
                0x080019dc                USART2_IRQHandler
 .text._getpid  0x080019ec        0x4 CMakeFiles/DriveControl.elf.dir/Core/Src/syscalls.c.obj
                0x080019ec                _getpid
 .text._kill    0x080019f0       0x10 CMakeFiles/DriveControl.elf.dir/Core/Src/syscalls.c.obj
                0x080019f0                _kill
 .text._exit    0x08001a00        0xc CMakeFiles/DriveControl.elf.dir/Core/Src/syscalls.c.obj
                0x08001a00                _exit
 .text._read    0x08001a0c       0x20 CMakeFiles/DriveControl.elf.dir/Core/Src/syscalls.c.obj
                0x08001a0c                _read
 .text._write   0x08001a2c       0x1c CMakeFiles/DriveControl.elf.dir/Core/Src/syscalls.c.obj
                0x08001a2c                _write
 .text._close   0x08001a48        0x6 CMakeFiles/DriveControl.elf.dir/Core/Src/syscalls.c.obj
                0x08001a48                _close
 .text._fstat   0x08001a4e        0xa CMakeFiles/DriveControl.elf.dir/Core/Src/syscalls.c.obj
                0x08001a4e                _fstat
 .text._isatty  0x08001a58        0x4 CMakeFiles/DriveControl.elf.dir/Core/Src/syscalls.c.obj
                0x08001a58                _isatty
 .text._lseek   0x08001a5c        0x4 CMakeFiles/DriveControl.elf.dir/Core/Src/syscalls.c.obj
                0x08001a5c                _lseek
 .text._sbrk    0x08001a60       0x48 CMakeFiles/DriveControl.elf.dir/Core/Src/sysmem.c.obj
                0x08001a60                _sbrk
 .text.SystemInit
                0x08001aa8        0x2 CMakeFiles/DriveControl.elf.dir/Core/Src/system_stm32f1xx.c.obj
                0x08001aa8                SystemInit
 *fill*         0x08001aaa        0x2 
 .text.HAL_TIM_PWM_MspInit
                0x08001aac       0x88 CMakeFiles/DriveControl.elf.dir/Core/Src/tim.c.obj
                0x08001aac                HAL_TIM_PWM_MspInit
 .text.HAL_TIM_MspPostInit
                0x08001b34      0x148 CMakeFiles/DriveControl.elf.dir/Core/Src/tim.c.obj
                0x08001b34                HAL_TIM_MspPostInit
 .text.MX_TIM1_Init
                0x08001c7c       0xec CMakeFiles/DriveControl.elf.dir/Core/Src/tim.c.obj
                0x08001c7c                MX_TIM1_Init
 .text.MX_TIM2_Init
                0x08001d68       0xb8 CMakeFiles/DriveControl.elf.dir/Core/Src/tim.c.obj
                0x08001d68                MX_TIM2_Init
 .text.MX_TIM3_Init
                0x08001e20       0xbc CMakeFiles/DriveControl.elf.dir/Core/Src/tim.c.obj
                0x08001e20                MX_TIM3_Init
 .text.MX_TIM4_Init
                0x08001edc       0xbc CMakeFiles/DriveControl.elf.dir/Core/Src/tim.c.obj
                0x08001edc                MX_TIM4_Init
 .text.MX_USART2_UART_Init
                0x08001f98       0x34 CMakeFiles/DriveControl.elf.dir/Core/Src/usart.c.obj
                0x08001f98                MX_USART2_UART_Init
 .text.HAL_UART_MspInit
                0x08001fcc       0x88 CMakeFiles/DriveControl.elf.dir/Core/Src/usart.c.obj
                0x08001fcc                HAL_UART_MspInit
 .text.Reset_Handler
                0x08002054       0x48 CMakeFiles/DriveControl.elf.dir/Core/Startup/startup_stm32f103c8tx.s.obj
                0x08002054                Reset_Handler
 .text.Default_Handler
                0x0800209c        0x2 CMakeFiles/DriveControl.elf.dir/Core/Startup/startup_stm32f103c8tx.s.obj
                0x0800209c                RTC_Alarm_IRQHandler
                0x0800209c                EXTI2_IRQHandler
                0x0800209c                TIM1_CC_IRQHandler
                0x0800209c                PVD_IRQHandler
                0x0800209c                EXTI3_IRQHandler
                0x0800209c                EXTI0_IRQHandler
                0x0800209c                I2C2_EV_IRQHandler
                0x0800209c                ADC1_2_IRQHandler
                0x0800209c                SPI1_IRQHandler
                0x0800209c                TAMPER_IRQHandler
                0x0800209c                DMA1_Channel4_IRQHandler
                0x0800209c                USART3_IRQHandler
                0x0800209c                RTC_IRQHandler
                0x0800209c                DMA1_Channel7_IRQHandler
                0x0800209c                CAN1_RX1_IRQHandler
                0x0800209c                TIM4_IRQHandler
                0x0800209c                I2C1_EV_IRQHandler
                0x0800209c                DMA1_Channel6_IRQHandler
                0x0800209c                TIM3_IRQHandler
                0x0800209c                RCC_IRQHandler
                0x0800209c                TIM1_TRG_COM_IRQHandler
                0x0800209c                DMA1_Channel1_IRQHandler
                0x0800209c                Default_Handler
                0x0800209c                EXTI15_10_IRQHandler
                0x0800209c                EXTI9_5_IRQHandler
                0x0800209c                SPI2_IRQHandler
                0x0800209c                DMA1_Channel5_IRQHandler
                0x0800209c                EXTI4_IRQHandler
                0x0800209c                USB_LP_CAN1_RX0_IRQHandler
                0x0800209c                USB_HP_CAN1_TX_IRQHandler
                0x0800209c                DMA1_Channel3_IRQHandler
                0x0800209c                TIM1_UP_IRQHandler
                0x0800209c                WWDG_IRQHandler
                0x0800209c                TIM2_IRQHandler
                0x0800209c                TIM1_BRK_IRQHandler
                0x0800209c                EXTI1_IRQHandler
                0x0800209c                I2C2_ER_IRQHandler
                0x0800209c                DMA1_Channel2_IRQHandler
                0x0800209c                CAN1_SCE_IRQHandler
                0x0800209c                FLASH_IRQHandler
                0x0800209c                USART1_IRQHandler
                0x0800209c                I2C1_ER_IRQHandler
                0x0800209c                USBWakeUp_IRQHandler
 *fill*         0x0800209e        0x2 
 .text.HAL_InitTick
                0x080020a0       0x4c CMakeFiles/DriveControl.elf.dir/Drivers/STM32F1xx_HAL_Driver/Src/stm32f1xx_hal.c.obj
                0x080020a0                HAL_InitTick
 .text.HAL_Init
                0x080020ec       0x24 CMakeFiles/DriveControl.elf.dir/Drivers/STM32F1xx_HAL_Driver/Src/stm32f1xx_hal.c.obj
                0x080020ec                HAL_Init
 .text.HAL_IncTick
                0x08002110       0x18 CMakeFiles/DriveControl.elf.dir/Drivers/STM32F1xx_HAL_Driver/Src/stm32f1xx_hal.c.obj
                0x08002110                HAL_IncTick
 .text.HAL_GetTick
                0x08002128        0xc CMakeFiles/DriveControl.elf.dir/Drivers/STM32F1xx_HAL_Driver/Src/stm32f1xx_hal.c.obj
                0x08002128                HAL_GetTick
 .text.HAL_Delay
                0x08002134       0x28 CMakeFiles/DriveControl.elf.dir/Drivers/STM32F1xx_HAL_Driver/Src/stm32f1xx_hal.c.obj
                0x08002134                HAL_Delay
 .text.HAL_NVIC_SetPriorityGrouping
                0x0800215c       0x24 CMakeFiles/DriveControl.elf.dir/Drivers/STM32F1xx_HAL_Driver/Src/stm32f1xx_hal_cortex.c.obj
                0x0800215c                HAL_NVIC_SetPriorityGrouping
 .text.HAL_NVIC_SetPriority
                0x08002180       0x70 CMakeFiles/DriveControl.elf.dir/Drivers/STM32F1xx_HAL_Driver/Src/stm32f1xx_hal_cortex.c.obj
                0x08002180                HAL_NVIC_SetPriority
 .text.HAL_NVIC_EnableIRQ
                0x080021f0       0x1c CMakeFiles/DriveControl.elf.dir/Drivers/STM32F1xx_HAL_Driver/Src/stm32f1xx_hal_cortex.c.obj
                0x080021f0                HAL_NVIC_EnableIRQ
 .text.HAL_SYSTICK_Config
                0x0800220c       0x28 CMakeFiles/DriveControl.elf.dir/Drivers/STM32F1xx_HAL_Driver/Src/stm32f1xx_hal_cortex.c.obj
                0x0800220c                HAL_SYSTICK_Config
 .text.HAL_DMA_Abort
                0x08002234       0x46 CMakeFiles/DriveControl.elf.dir/Drivers/STM32F1xx_HAL_Driver/Src/stm32f1xx_hal_dma.c.obj
                0x08002234                HAL_DMA_Abort
 *fill*         0x0800227a        0x2 
 .text.HAL_DMA_Abort_IT
                0x0800227c       0x98 CMakeFiles/DriveControl.elf.dir/Drivers/STM32F1xx_HAL_Driver/Src/stm32f1xx_hal_dma.c.obj
                0x0800227c                HAL_DMA_Abort_IT
 .text.HAL_GPIO_Init
                0x08002314      0x224 CMakeFiles/DriveControl.elf.dir/Drivers/STM32F1xx_HAL_Driver/Src/stm32f1xx_hal_gpio.c.obj
                0x08002314                HAL_GPIO_Init
 .text.HAL_GPIO_WritePin
                0x08002538        0xc CMakeFiles/DriveControl.elf.dir/Drivers/STM32F1xx_HAL_Driver/Src/stm32f1xx_hal_gpio.c.obj
                0x08002538                HAL_GPIO_WritePin
 .text.RCC_Delay
                0x08002544       0x2c CMakeFiles/DriveControl.elf.dir/Drivers/STM32F1xx_HAL_Driver/Src/stm32f1xx_hal_rcc.c.obj
 .text.HAL_RCC_OscConfig
                0x08002570      0x410 CMakeFiles/DriveControl.elf.dir/Drivers/STM32F1xx_HAL_Driver/Src/stm32f1xx_hal_rcc.c.obj
                0x08002570                HAL_RCC_OscConfig
 .text.HAL_RCC_GetSysClockFreq
                0x08002980       0x54 CMakeFiles/DriveControl.elf.dir/Drivers/STM32F1xx_HAL_Driver/Src/stm32f1xx_hal_rcc.c.obj
                0x08002980                HAL_RCC_GetSysClockFreq
 .text.HAL_RCC_ClockConfig
                0x080029d4      0x16c CMakeFiles/DriveControl.elf.dir/Drivers/STM32F1xx_HAL_Driver/Src/stm32f1xx_hal_rcc.c.obj
                0x080029d4                HAL_RCC_ClockConfig
 .text.HAL_RCC_GetHCLKFreq
                0x08002b40        0xc CMakeFiles/DriveControl.elf.dir/Drivers/STM32F1xx_HAL_Driver/Src/stm32f1xx_hal_rcc.c.obj
                0x08002b40                HAL_RCC_GetHCLKFreq
 .text.HAL_RCC_GetPCLK1Freq
                0x08002b4c       0x20 CMakeFiles/DriveControl.elf.dir/Drivers/STM32F1xx_HAL_Driver/Src/stm32f1xx_hal_rcc.c.obj
                0x08002b4c                HAL_RCC_GetPCLK1Freq
 .text.HAL_RCC_GetPCLK2Freq
                0x08002b6c       0x20 CMakeFiles/DriveControl.elf.dir/Drivers/STM32F1xx_HAL_Driver/Src/stm32f1xx_hal_rcc.c.obj
                0x08002b6c                HAL_RCC_GetPCLK2Freq
 .text.TIM_OC1_SetConfig
                0x08002b8c       0x5c CMakeFiles/DriveControl.elf.dir/Drivers/STM32F1xx_HAL_Driver/Src/stm32f1xx_hal_tim.c.obj
 .text.TIM_OC3_SetConfig
                0x08002be8       0x64 CMakeFiles/DriveControl.elf.dir/Drivers/STM32F1xx_HAL_Driver/Src/stm32f1xx_hal_tim.c.obj
 .text.TIM_OC4_SetConfig
                0x08002c4c       0x48 CMakeFiles/DriveControl.elf.dir/Drivers/STM32F1xx_HAL_Driver/Src/stm32f1xx_hal_tim.c.obj
 .text.TIM_Base_SetConfig
                0x08002c94       0x74 CMakeFiles/DriveControl.elf.dir/Drivers/STM32F1xx_HAL_Driver/Src/stm32f1xx_hal_tim.c.obj
                0x08002c94                TIM_Base_SetConfig
 .text.HAL_TIM_PWM_Init
                0x08002d08       0x58 CMakeFiles/DriveControl.elf.dir/Drivers/STM32F1xx_HAL_Driver/Src/stm32f1xx_hal_tim.c.obj
                0x08002d08                HAL_TIM_PWM_Init
 .text.TIM_OC2_SetConfig
                0x08002d60       0x64 CMakeFiles/DriveControl.elf.dir/Drivers/STM32F1xx_HAL_Driver/Src/stm32f1xx_hal_tim.c.obj
                0x08002d60                TIM_OC2_SetConfig
 .text.HAL_TIM_PWM_ConfigChannel
                0x08002dc4       0xdc CMakeFiles/DriveControl.elf.dir/Drivers/STM32F1xx_HAL_Driver/Src/stm32f1xx_hal_tim.c.obj
                0x08002dc4                HAL_TIM_PWM_ConfigChannel
 .text.TIM_CCxChannelCmd
                0x08002ea0       0x1e CMakeFiles/DriveControl.elf.dir/Drivers/STM32F1xx_HAL_Driver/Src/stm32f1xx_hal_tim.c.obj
                0x08002ea0                TIM_CCxChannelCmd
 *fill*         0x08002ebe        0x2 
 .text.HAL_TIM_PWM_Start
                0x08002ec0       0xdc CMakeFiles/DriveControl.elf.dir/Drivers/STM32F1xx_HAL_Driver/Src/stm32f1xx_hal_tim.c.obj
                0x08002ec0                HAL_TIM_PWM_Start
 .text.HAL_TIMEx_MasterConfigSynchronization
                0x08002f9c       0x6c CMakeFiles/DriveControl.elf.dir/Drivers/STM32F1xx_HAL_Driver/Src/stm32f1xx_hal_tim_ex.c.obj
                0x08002f9c                HAL_TIMEx_MasterConfigSynchronization
 .text.HAL_TIMEx_ConfigBreakDeadTime
                0x08003008       0x52 CMakeFiles/DriveControl.elf.dir/Drivers/STM32F1xx_HAL_Driver/Src/stm32f1xx_hal_tim_ex.c.obj
                0x08003008                HAL_TIMEx_ConfigBreakDeadTime
 .text.UART_EndRxTransfer
                0x0800305a       0x5c CMakeFiles/DriveControl.elf.dir/Drivers/STM32F1xx_HAL_Driver/Src/stm32f1xx_hal_uart.c.obj
 .text.UART_Transmit_IT
                0x080030b6       0x60 CMakeFiles/DriveControl.elf.dir/Drivers/STM32F1xx_HAL_Driver/Src/stm32f1xx_hal_uart.c.obj
 *fill*         0x08003116        0x2 
 .text.UART_SetConfig
                0x08003118       0x94 CMakeFiles/DriveControl.elf.dir/Drivers/STM32F1xx_HAL_Driver/Src/stm32f1xx_hal_uart.c.obj
 .text.UART_WaitOnFlagUntilTimeout
                0x080031ac       0x88 CMakeFiles/DriveControl.elf.dir/Drivers/STM32F1xx_HAL_Driver/Src/stm32f1xx_hal_uart.c.obj
 .text.HAL_UART_Init
                0x08003234       0x60 CMakeFiles/DriveControl.elf.dir/Drivers/STM32F1xx_HAL_Driver/Src/stm32f1xx_hal_uart.c.obj
                0x08003234                HAL_UART_Init
 .text.HAL_UART_Transmit
                0x08003294       0xbe CMakeFiles/DriveControl.elf.dir/Drivers/STM32F1xx_HAL_Driver/Src/stm32f1xx_hal_uart.c.obj
                0x08003294                HAL_UART_Transmit
 .text.HAL_UART_TxCpltCallback
                0x08003352        0x2 CMakeFiles/DriveControl.elf.dir/Drivers/STM32F1xx_HAL_Driver/Src/stm32f1xx_hal_uart.c.obj
                0x08003352                HAL_UART_TxCpltCallback
 .text.UART_EndTransmit_IT
                0x08003354       0x1a CMakeFiles/DriveControl.elf.dir/Drivers/STM32F1xx_HAL_Driver/Src/stm32f1xx_hal_uart.c.obj
 .text.HAL_UART_ErrorCallback
                0x0800336e        0x2 CMakeFiles/DriveControl.elf.dir/Drivers/STM32F1xx_HAL_Driver/Src/stm32f1xx_hal_uart.c.obj
                0x0800336e                HAL_UART_ErrorCallback
 .text.UART_DMAAbortOnError
                0x08003370       0x10 CMakeFiles/DriveControl.elf.dir/Drivers/STM32F1xx_HAL_Driver/Src/stm32f1xx_hal_uart.c.obj
 .text.HAL_UARTEx_RxEventCallback
                0x08003380        0x2 CMakeFiles/DriveControl.elf.dir/Drivers/STM32F1xx_HAL_Driver/Src/stm32f1xx_hal_uart.c.obj
                0x08003380                HAL_UARTEx_RxEventCallback
 .text.UART_Receive_IT
                0x08003382       0xe6 CMakeFiles/DriveControl.elf.dir/Drivers/STM32F1xx_HAL_Driver/Src/stm32f1xx_hal_uart.c.obj
 .text.HAL_UART_IRQHandler
                0x08003468      0x288 CMakeFiles/DriveControl.elf.dir/Drivers/STM32F1xx_HAL_Driver/Src/stm32f1xx_hal_uart.c.obj
                0x08003468                HAL_UART_IRQHandler
 .text.UART_Start_Receive_IT
                0x080036f0       0x36 CMakeFiles/DriveControl.elf.dir/Drivers/STM32F1xx_HAL_Driver/Src/stm32f1xx_hal_uart.c.obj
                0x080036f0                UART_Start_Receive_IT
 .text.HAL_UART_Receive_IT
                0x08003726       0x26 CMakeFiles/DriveControl.elf.dir/Drivers/STM32F1xx_HAL_Driver/Src/stm32f1xx_hal_uart.c.obj
                0x08003726                HAL_UART_Receive_IT
 .text.__errno  0x0800374c        0xc d:/stm32platform/gcc-arm-none-eabi-10.3-2021.10/bin/../lib/gcc/arm-none-eabi/10.3.1/../../../../arm-none-eabi/lib/thumb/v7-m/nofp\libg.a(lib_a-errno.o)
                0x0800374c                __errno
 .text.__libc_init_array
                0x08003758       0x48 d:/stm32platform/gcc-arm-none-eabi-10.3-2021.10/bin/../lib/gcc/arm-none-eabi/10.3.1/../../../../arm-none-eabi/lib/thumb/v7-m/nofp\libg.a(lib_a-init.o)
                0x08003758                __libc_init_array
 .text.memset   0x080037a0       0xa4 d:/stm32platform/gcc-arm-none-eabi-10.3-2021.10/bin/../lib/gcc/arm-none-eabi/10.3.1/../../../../arm-none-eabi/lib/thumb/v7-m/nofp\libg.a(lib_a-memset.o)
                0x080037a0                memset
 *fill*         0x08003844        0x4 
 .text._strtod_l
                0x08003848      0xf38 d:/stm32platform/gcc-arm-none-eabi-10.3-2021.10/bin/../lib/gcc/arm-none-eabi/10.3.1/../../../../arm-none-eabi/lib/thumb/v7-m/nofp\libg.a(lib_a-strtod.o)
                0x08003848                _strtod_l
 .text.strtof   0x08004780       0xa0 d:/stm32platform/gcc-arm-none-eabi-10.3-2021.10/bin/../lib/gcc/arm-none-eabi/10.3.1/../../../../arm-none-eabi/lib/thumb/v7-m/nofp\libg.a(lib_a-strtod.o)
                0x08004780                strtof
 .text.startup.register_fini
                0x08004820       0x14 d:/stm32platform/gcc-arm-none-eabi-10.3-2021.10/bin/../lib/gcc/arm-none-eabi/10.3.1/../../../../arm-none-eabi/lib/thumb/v7-m/nofp\libg.a(lib_a-__call_atexit.o)
 .text.atexit   0x08004834        0xc d:/stm32platform/gcc-arm-none-eabi-10.3-2021.10/bin/../lib/gcc/arm-none-eabi/10.3.1/../../../../arm-none-eabi/lib/thumb/v7-m/nofp\libg.a(lib_a-atexit.o)
                0x08004834                atexit
 .text.__libc_fini_array
                0x08004840       0x2c d:/stm32platform/gcc-arm-none-eabi-10.3-2021.10/bin/../lib/gcc/arm-none-eabi/10.3.1/../../../../arm-none-eabi/lib/thumb/v7-m/nofp\libg.a(lib_a-fini.o)
                0x08004840                __libc_fini_array
 .text.rshift   0x0800486c       0xa4 d:/stm32platform/gcc-arm-none-eabi-10.3-2021.10/bin/../lib/gcc/arm-none-eabi/10.3.1/../../../../arm-none-eabi/lib/thumb/v7-m/nofp\libg.a(lib_a-gdtoa-gethex.o)
 .text.__gethex
                0x08004910      0x5c4 d:/stm32platform/gcc-arm-none-eabi-10.3-2021.10/bin/../lib/gcc/arm-none-eabi/10.3.1/../../../../arm-none-eabi/lib/thumb/v7-m/nofp\libg.a(lib_a-gdtoa-gethex.o)
                0x08004910                __gethex
 .text.__match  0x08004ed4       0x34 d:/stm32platform/gcc-arm-none-eabi-10.3-2021.10/bin/../lib/gcc/arm-none-eabi/10.3.1/../../../../arm-none-eabi/lib/thumb/v7-m/nofp\libg.a(lib_a-gdtoa-hexnan.o)
                0x08004ed4                __match
 .text.__hexnan
                0x08004f08      0x1ac d:/stm32platform/gcc-arm-none-eabi-10.3-2021.10/bin/../lib/gcc/arm-none-eabi/10.3.1/../../../../arm-none-eabi/lib/thumb/v7-m/nofp\libg.a(lib_a-gdtoa-hexnan.o)
                0x08004f08                __hexnan
 .text.__locale_mb_cur_max
                0x080050b4        0xc d:/stm32platform/gcc-arm-none-eabi-10.3-2021.10/bin/../lib/gcc/arm-none-eabi/10.3.1/../../../../arm-none-eabi/lib/thumb/v7-m/nofp\libg.a(lib_a-locale.o)
                0x080050b4                __locale_mb_cur_max
 .text.__retarget_lock_init_recursive
                0x080050c0        0x4 d:/stm32platform/gcc-arm-none-eabi-10.3-2021.10/bin/../lib/gcc/arm-none-eabi/10.3.1/../../../../arm-none-eabi/lib/thumb/v7-m/nofp\libg.a(lib_a-lock.o)
                0x080050c0                __retarget_lock_init_recursive
 .text.__retarget_lock_close_recursive
                0x080050c4        0x4 d:/stm32platform/gcc-arm-none-eabi-10.3-2021.10/bin/../lib/gcc/arm-none-eabi/10.3.1/../../../../arm-none-eabi/lib/thumb/v7-m/nofp\libg.a(lib_a-lock.o)
                0x080050c4                __retarget_lock_close_recursive
 .text.__retarget_lock_acquire_recursive
                0x080050c8        0x4 d:/stm32platform/gcc-arm-none-eabi-10.3-2021.10/bin/../lib/gcc/arm-none-eabi/10.3.1/../../../../arm-none-eabi/lib/thumb/v7-m/nofp\libg.a(lib_a-lock.o)
                0x080050c8                __retarget_lock_acquire_recursive
 .text.__retarget_lock_release_recursive
                0x080050cc        0x4 d:/stm32platform/gcc-arm-none-eabi-10.3-2021.10/bin/../lib/gcc/arm-none-eabi/10.3.1/../../../../arm-none-eabi/lib/thumb/v7-m/nofp\libg.a(lib_a-lock.o)
                0x080050cc                __retarget_lock_release_recursive
 .text.__ascii_mbtowc
                0x080050d0       0x2c d:/stm32platform/gcc-arm-none-eabi-10.3-2021.10/bin/../lib/gcc/arm-none-eabi/10.3.1/../../../../arm-none-eabi/lib/thumb/v7-m/nofp\libg.a(lib_a-mbtowc_r.o)
                0x080050d0                __ascii_mbtowc
 .text._Balloc  0x080050fc       0x4c d:/stm32platform/gcc-arm-none-eabi-10.3-2021.10/bin/../lib/gcc/arm-none-eabi/10.3.1/../../../../arm-none-eabi/lib/thumb/v7-m/nofp\libg.a(lib_a-mprec.o)
                0x080050fc                _Balloc
 .text._Bfree   0x08005148       0x14 d:/stm32platform/gcc-arm-none-eabi-10.3-2021.10/bin/../lib/gcc/arm-none-eabi/10.3.1/../../../../arm-none-eabi/lib/thumb/v7-m/nofp\libg.a(lib_a-mprec.o)
                0x08005148                _Bfree
 .text.__multadd
                0x0800515c       0xa4 d:/stm32platform/gcc-arm-none-eabi-10.3-2021.10/bin/../lib/gcc/arm-none-eabi/10.3.1/../../../../arm-none-eabi/lib/thumb/v7-m/nofp\libg.a(lib_a-mprec.o)
                0x0800515c                __multadd
 .text.__s2b    0x08005200       0xb4 d:/stm32platform/gcc-arm-none-eabi-10.3-2021.10/bin/../lib/gcc/arm-none-eabi/10.3.1/../../../../arm-none-eabi/lib/thumb/v7-m/nofp\libg.a(lib_a-mprec.o)
                0x08005200                __s2b
 .text.__hi0bits
                0x080052b4       0x40 d:/stm32platform/gcc-arm-none-eabi-10.3-2021.10/bin/../lib/gcc/arm-none-eabi/10.3.1/../../../../arm-none-eabi/lib/thumb/v7-m/nofp\libg.a(lib_a-mprec.o)
                0x080052b4                __hi0bits
 .text.__lo0bits
                0x080052f4       0x58 d:/stm32platform/gcc-arm-none-eabi-10.3-2021.10/bin/../lib/gcc/arm-none-eabi/10.3.1/../../../../arm-none-eabi/lib/thumb/v7-m/nofp\libg.a(lib_a-mprec.o)
                0x080052f4                __lo0bits
 .text.__i2b    0x0800534c       0x5c d:/stm32platform/gcc-arm-none-eabi-10.3-2021.10/bin/../lib/gcc/arm-none-eabi/10.3.1/../../../../arm-none-eabi/lib/thumb/v7-m/nofp\libg.a(lib_a-mprec.o)
                0x0800534c                __i2b
 .text.__multiply
                0x080053a8      0x15c d:/stm32platform/gcc-arm-none-eabi-10.3-2021.10/bin/../lib/gcc/arm-none-eabi/10.3.1/../../../../arm-none-eabi/lib/thumb/v7-m/nofp\libg.a(lib_a-mprec.o)
                0x080053a8                __multiply
 .text.__pow5mult
                0x08005504       0xb8 d:/stm32platform/gcc-arm-none-eabi-10.3-2021.10/bin/../lib/gcc/arm-none-eabi/10.3.1/../../../../arm-none-eabi/lib/thumb/v7-m/nofp\libg.a(lib_a-mprec.o)
                0x08005504                __pow5mult
 .text.__lshift
                0x080055bc       0xec d:/stm32platform/gcc-arm-none-eabi-10.3-2021.10/bin/../lib/gcc/arm-none-eabi/10.3.1/../../../../arm-none-eabi/lib/thumb/v7-m/nofp\libg.a(lib_a-mprec.o)
                0x080055bc                __lshift
 .text.__mcmp   0x080056a8       0x40 d:/stm32platform/gcc-arm-none-eabi-10.3-2021.10/bin/../lib/gcc/arm-none-eabi/10.3.1/../../../../arm-none-eabi/lib/thumb/v7-m/nofp\libg.a(lib_a-mprec.o)
                0x080056a8                __mcmp
 .text.__mdiff  0x080056e8      0x14c d:/stm32platform/gcc-arm-none-eabi-10.3-2021.10/bin/../lib/gcc/arm-none-eabi/10.3.1/../../../../arm-none-eabi/lib/thumb/v7-m/nofp\libg.a(lib_a-mprec.o)
                0x080056e8                __mdiff
 .text.__ulp    0x08005834       0x44 d:/stm32platform/gcc-arm-none-eabi-10.3-2021.10/bin/../lib/gcc/arm-none-eabi/10.3.1/../../../../arm-none-eabi/lib/thumb/v7-m/nofp\libg.a(lib_a-mprec.o)
                0x08005834                __ulp
 .text.__b2d    0x08005878       0xd0 d:/stm32platform/gcc-arm-none-eabi-10.3-2021.10/bin/../lib/gcc/arm-none-eabi/10.3.1/../../../../arm-none-eabi/lib/thumb/v7-m/nofp\libg.a(lib_a-mprec.o)
                0x08005878                __b2d
 .text.__d2b    0x08005948       0xc4 d:/stm32platform/gcc-arm-none-eabi-10.3-2021.10/bin/../lib/gcc/arm-none-eabi/10.3.1/../../../../arm-none-eabi/lib/thumb/v7-m/nofp\libg.a(lib_a-mprec.o)
                0x08005948                __d2b
 .text.__ratio  0x08005a0c       0x60 d:/stm32platform/gcc-arm-none-eabi-10.3-2021.10/bin/../lib/gcc/arm-none-eabi/10.3.1/../../../../arm-none-eabi/lib/thumb/v7-m/nofp\libg.a(lib_a-mprec.o)
                0x08005a0c                __ratio
 .text.__copybits
                0x08005a6c       0x60 d:/stm32platform/gcc-arm-none-eabi-10.3-2021.10/bin/../lib/gcc/arm-none-eabi/10.3.1/../../../../arm-none-eabi/lib/thumb/v7-m/nofp\libg.a(lib_a-mprec.o)
                0x08005a6c                __copybits
 .text.__any_on
                0x08005acc       0x60 d:/stm32platform/gcc-arm-none-eabi-10.3-2021.10/bin/../lib/gcc/arm-none-eabi/10.3.1/../../../../arm-none-eabi/lib/thumb/v7-m/nofp\libg.a(lib_a-mprec.o)
                0x08005acc                __any_on
 .text.nan      0x08005b2c        0xc d:/stm32platform/gcc-arm-none-eabi-10.3-2021.10/bin/../lib/gcc/arm-none-eabi/10.3.1/../../../../arm-none-eabi/lib/thumb/v7-m/nofp\libg.a(lib_a-s_nan.o)
                0x08005b2c                nan
 .text.nanf     0x08005b38        0x8 d:/stm32platform/gcc-arm-none-eabi-10.3-2021.10/bin/../lib/gcc/arm-none-eabi/10.3.1/../../../../arm-none-eabi/lib/thumb/v7-m/nofp\libg.a(lib_a-sf_nan.o)
                0x08005b38                nanf
 .text.strlen   0x08005b40       0x5c d:/stm32platform/gcc-arm-none-eabi-10.3-2021.10/bin/../lib/gcc/arm-none-eabi/10.3.1/../../../../arm-none-eabi/lib/thumb/v7-m/nofp\libg.a(lib_a-strlen-stub.o)
                0x08005b40                strlen
 .text.strncmp  0x08005b9c       0x7c d:/stm32platform/gcc-arm-none-eabi-10.3-2021.10/bin/../lib/gcc/arm-none-eabi/10.3.1/../../../../arm-none-eabi/lib/thumb/v7-m/nofp\libg.a(lib_a-strncmp.o)
                0x08005b9c                strncmp
 .text.__ascii_wctomb
                0x08005c18       0x1c d:/stm32platform/gcc-arm-none-eabi-10.3-2021.10/bin/../lib/gcc/arm-none-eabi/10.3.1/../../../../arm-none-eabi/lib/thumb/v7-m/nofp\libg.a(lib_a-wctomb_r.o)
                0x08005c18                __ascii_wctomb
 .text.__register_exitproc
                0x08005c34       0x8c d:/stm32platform/gcc-arm-none-eabi-10.3-2021.10/bin/../lib/gcc/arm-none-eabi/10.3.1/../../../../arm-none-eabi/lib/thumb/v7-m/nofp\libg.a(lib_a-__atexit.o)
                0x08005c34                __register_exitproc
 .text.__assert_func
                0x08005cc0       0x40 d:/stm32platform/gcc-arm-none-eabi-10.3-2021.10/bin/../lib/gcc/arm-none-eabi/10.3.1/../../../../arm-none-eabi/lib/thumb/v7-m/nofp\libg.a(lib_a-assert.o)
                0x08005cc0                __assert_func
 .text._calloc_r
                0x08005d00       0x78 d:/stm32platform/gcc-arm-none-eabi-10.3-2021.10/bin/../lib/gcc/arm-none-eabi/10.3.1/../../../../arm-none-eabi/lib/thumb/v7-m/nofp\libg.a(lib_a-callocr.o)
                0x08005d00                _calloc_r
 .text.fiprintf
                0x08005d78       0x28 d:/stm32platform/gcc-arm-none-eabi-10.3-2021.10/bin/../lib/gcc/arm-none-eabi/10.3.1/../../../../arm-none-eabi/lib/thumb/v7-m/nofp\libg.a(lib_a-fiprintf.o)
                0x08005d78                fiprintf
 .text._malloc_r
                0x08005da0      0x558 d:/stm32platform/gcc-arm-none-eabi-10.3-2021.10/bin/../lib/gcc/arm-none-eabi/10.3.1/../../../../arm-none-eabi/lib/thumb/v7-m/nofp\libg.a(lib_a-mallocr.o)
                0x08005da0                _malloc_r
 .text.__malloc_lock
                0x080062f8        0xc d:/stm32platform/gcc-arm-none-eabi-10.3-2021.10/bin/../lib/gcc/arm-none-eabi/10.3.1/../../../../arm-none-eabi/lib/thumb/v7-m/nofp\libg.a(lib_a-mlock.o)
                0x080062f8                __malloc_lock
 .text.__malloc_unlock
                0x08006304        0xc d:/stm32platform/gcc-arm-none-eabi-10.3-2021.10/bin/../lib/gcc/arm-none-eabi/10.3.1/../../../../arm-none-eabi/lib/thumb/v7-m/nofp\libg.a(lib_a-mlock.o)
                0x08006304                __malloc_unlock
 .text._sbrk_r  0x08006310       0x24 d:/stm32platform/gcc-arm-none-eabi-10.3-2021.10/bin/../lib/gcc/arm-none-eabi/10.3.1/../../../../arm-none-eabi/lib/thumb/v7-m/nofp\libg.a(lib_a-sbrkr.o)
                0x08006310                _sbrk_r
 .text.__sprint_r.part.0
                0x08006334       0x78 d:/stm32platform/gcc-arm-none-eabi-10.3-2021.10/bin/../lib/gcc/arm-none-eabi/10.3.1/../../../../arm-none-eabi/lib/thumb/v7-m/nofp\libg.a(lib_a-vfiprintf.o)
 .text._vfiprintf_r
                0x080063ac      0xd98 d:/stm32platform/gcc-arm-none-eabi-10.3-2021.10/bin/../lib/gcc/arm-none-eabi/10.3.1/../../../../arm-none-eabi/lib/thumb/v7-m/nofp\libg.a(lib_a-vfiprintf.o)
                0x080063ac                _vfiprintf_r
 .text.__sbprintf
                0x08007144       0x84 d:/stm32platform/gcc-arm-none-eabi-10.3-2021.10/bin/../lib/gcc/arm-none-eabi/10.3.1/../../../../arm-none-eabi/lib/thumb/v7-m/nofp\libg.a(lib_a-vfiprintf.o)
 .text.__swsetup_r
                0x080071c8       0xd4 d:/stm32platform/gcc-arm-none-eabi-10.3-2021.10/bin/../lib/gcc/arm-none-eabi/10.3.1/../../../../arm-none-eabi/lib/thumb/v7-m/nofp\libg.a(lib_a-wsetup.o)
                0x080071c8                __swsetup_r
 .text.abort    0x0800729c       0x10 d:/stm32platform/gcc-arm-none-eabi-10.3-2021.10/bin/../lib/gcc/arm-none-eabi/10.3.1/../../../../arm-none-eabi/lib/thumb/v7-m/nofp\libg.a(lib_a-abort.o)
                0x0800729c                abort
 .text.__sflush_r
                0x080072ac      0x124 d:/stm32platform/gcc-arm-none-eabi-10.3-2021.10/bin/../lib/gcc/arm-none-eabi/10.3.1/../../../../arm-none-eabi/lib/thumb/v7-m/nofp\libg.a(lib_a-fflush.o)
                0x080072ac                __sflush_r
 .text._fflush_r
                0x080073d0       0x5c d:/stm32platform/gcc-arm-none-eabi-10.3-2021.10/bin/../lib/gcc/arm-none-eabi/10.3.1/../../../../arm-none-eabi/lib/thumb/v7-m/nofp\libg.a(lib_a-fflush.o)
                0x080073d0                _fflush_r
 .text._cleanup_r
                0x0800742c        0xc d:/stm32platform/gcc-arm-none-eabi-10.3-2021.10/bin/../lib/gcc/arm-none-eabi/10.3.1/../../../../arm-none-eabi/lib/thumb/v7-m/nofp\libg.a(lib_a-findfp.o)
                0x0800742c                _cleanup_r
 .text.__sinit  0x08007438      0x10c d:/stm32platform/gcc-arm-none-eabi-10.3-2021.10/bin/../lib/gcc/arm-none-eabi/10.3.1/../../../../arm-none-eabi/lib/thumb/v7-m/nofp\libg.a(lib_a-findfp.o)
                0x08007438                __sinit
 .text.__sfp_lock_acquire
                0x08007544        0xc d:/stm32platform/gcc-arm-none-eabi-10.3-2021.10/bin/../lib/gcc/arm-none-eabi/10.3.1/../../../../arm-none-eabi/lib/thumb/v7-m/nofp\libg.a(lib_a-findfp.o)
                0x08007544                __sfp_lock_acquire
 .text.__sfp_lock_release
                0x08007550        0xc d:/stm32platform/gcc-arm-none-eabi-10.3-2021.10/bin/../lib/gcc/arm-none-eabi/10.3.1/../../../../arm-none-eabi/lib/thumb/v7-m/nofp\libg.a(lib_a-findfp.o)
                0x08007550                __sfp_lock_release
 .text.__fputwc
                0x0800755c       0xa0 d:/stm32platform/gcc-arm-none-eabi-10.3-2021.10/bin/../lib/gcc/arm-none-eabi/10.3.1/../../../../arm-none-eabi/lib/thumb/v7-m/nofp\libg.a(lib_a-fputwc.o)
                0x0800755c                __fputwc
 .text._fputwc_r
                0x080075fc       0x68 d:/stm32platform/gcc-arm-none-eabi-10.3-2021.10/bin/../lib/gcc/arm-none-eabi/10.3.1/../../../../arm-none-eabi/lib/thumb/v7-m/nofp\libg.a(lib_a-fputwc.o)
                0x080075fc                _fputwc_r
 .text._malloc_trim_r
                0x08007664       0xa0 d:/stm32platform/gcc-arm-none-eabi-10.3-2021.10/bin/../lib/gcc/arm-none-eabi/10.3.1/../../../../arm-none-eabi/lib/thumb/v7-m/nofp\libg.a(lib_a-freer.o)
                0x08007664                _malloc_trim_r
 .text._free_r  0x08007704      0x200 d:/stm32platform/gcc-arm-none-eabi-10.3-2021.10/bin/../lib/gcc/arm-none-eabi/10.3.1/../../../../arm-none-eabi/lib/thumb/v7-m/nofp\libg.a(lib_a-freer.o)
                0x08007704                _free_r
 .text.__sfvwrite_r
                0x08007904      0x2f0 d:/stm32platform/gcc-arm-none-eabi-10.3-2021.10/bin/../lib/gcc/arm-none-eabi/10.3.1/../../../../arm-none-eabi/lib/thumb/v7-m/nofp\libg.a(lib_a-fvwrite.o)
                0x08007904                __sfvwrite_r
 .text._fwalk_reent
                0x08007bf4       0x48 d:/stm32platform/gcc-arm-none-eabi-10.3-2021.10/bin/../lib/gcc/arm-none-eabi/10.3.1/../../../../arm-none-eabi/lib/thumb/v7-m/nofp\libg.a(lib_a-fwalk.o)
                0x08007bf4                _fwalk_reent
 .text._localeconv_r
                0x08007c3c        0x8 d:/stm32platform/gcc-arm-none-eabi-10.3-2021.10/bin/../lib/gcc/arm-none-eabi/10.3.1/../../../../arm-none-eabi/lib/thumb/v7-m/nofp\libg.a(lib_a-localeconv.o)
                0x08007c3c                _localeconv_r
 .text.__smakebuf_r
                0x08007c44       0xe0 d:/stm32platform/gcc-arm-none-eabi-10.3-2021.10/bin/../lib/gcc/arm-none-eabi/10.3.1/../../../../arm-none-eabi/lib/thumb/v7-m/nofp\libg.a(lib_a-makebuf.o)
                0x08007c44                __smakebuf_r
 .text.memchr   0x08007d24       0x90 d:/stm32platform/gcc-arm-none-eabi-10.3-2021.10/bin/../lib/gcc/arm-none-eabi/10.3.1/../../../../arm-none-eabi/lib/thumb/v7-m/nofp\libg.a(lib_a-memchr-stub.o)
                0x08007d24                memchr
 .text.memmove  0x08007db4       0xf8 d:/stm32platform/gcc-arm-none-eabi-10.3-2021.10/bin/../lib/gcc/arm-none-eabi/10.3.1/../../../../arm-none-eabi/lib/thumb/v7-m/nofp\libg.a(lib_a-memmove.o)
                0x08007db4                memmove
 .text._realloc_r
                0x08007eac      0x3dc d:/stm32platform/gcc-arm-none-eabi-10.3-2021.10/bin/../lib/gcc/arm-none-eabi/10.3.1/../../../../arm-none-eabi/lib/thumb/v7-m/nofp\libg.a(lib_a-reallocr.o)
                0x08007eac                _realloc_r
 .text.raise    0x08008288       0x5c d:/stm32platform/gcc-arm-none-eabi-10.3-2021.10/bin/../lib/gcc/arm-none-eabi/10.3.1/../../../../arm-none-eabi/lib/thumb/v7-m/nofp\libg.a(lib_a-signal.o)
                0x08008288                raise
 .text._kill_r  0x080082e4       0x28 d:/stm32platform/gcc-arm-none-eabi-10.3-2021.10/bin/../lib/gcc/arm-none-eabi/10.3.1/../../../../arm-none-eabi/lib/thumb/v7-m/nofp\libg.a(lib_a-signalr.o)
                0x080082e4                _kill_r
 .text._getpid_r
                0x0800830c        0x4 d:/stm32platform/gcc-arm-none-eabi-10.3-2021.10/bin/../lib/gcc/arm-none-eabi/10.3.1/../../../../arm-none-eabi/lib/thumb/v7-m/nofp\libg.a(lib_a-signalr.o)
                0x0800830c                _getpid_r
 .text.__sread  0x08008310       0x24 d:/stm32platform/gcc-arm-none-eabi-10.3-2021.10/bin/../lib/gcc/arm-none-eabi/10.3.1/../../../../arm-none-eabi/lib/thumb/v7-m/nofp\libg.a(lib_a-stdio.o)
                0x08008310                __sread
 .text.__swrite
                0x08008334       0x40 d:/stm32platform/gcc-arm-none-eabi-10.3-2021.10/bin/../lib/gcc/arm-none-eabi/10.3.1/../../../../arm-none-eabi/lib/thumb/v7-m/nofp\libg.a(lib_a-stdio.o)
                0x08008334                __swrite
 .text.__sseek  0x08008374       0x20 d:/stm32platform/gcc-arm-none-eabi-10.3-2021.10/bin/../lib/gcc/arm-none-eabi/10.3.1/../../../../arm-none-eabi/lib/thumb/v7-m/nofp\libg.a(lib_a-stdio.o)
                0x08008374                __sseek
 .text.__sclose
                0x08008394        0x8 d:/stm32platform/gcc-arm-none-eabi-10.3-2021.10/bin/../lib/gcc/arm-none-eabi/10.3.1/../../../../arm-none-eabi/lib/thumb/v7-m/nofp\libg.a(lib_a-stdio.o)
                0x08008394                __sclose
 .text.strncpy  0x0800839c       0x68 d:/stm32platform/gcc-arm-none-eabi-10.3-2021.10/bin/../lib/gcc/arm-none-eabi/10.3.1/../../../../arm-none-eabi/lib/thumb/v7-m/nofp\libg.a(lib_a-strncpy.o)
                0x0800839c                strncpy
 .text.__swbuf_r
                0x08008404       0xb0 d:/stm32platform/gcc-arm-none-eabi-10.3-2021.10/bin/../lib/gcc/arm-none-eabi/10.3.1/../../../../arm-none-eabi/lib/thumb/v7-m/nofp\libg.a(lib_a-wbuf.o)
                0x08008404                __swbuf_r
 .text._wcrtomb_r
                0x080084b4       0x3c d:/stm32platform/gcc-arm-none-eabi-10.3-2021.10/bin/../lib/gcc/arm-none-eabi/10.3.1/../../../../arm-none-eabi/lib/thumb/v7-m/nofp\libg.a(lib_a-wcrtomb.o)
                0x080084b4                _wcrtomb_r
 .text._write_r
                0x080084f0       0x2c d:/stm32platform/gcc-arm-none-eabi-10.3-2021.10/bin/../lib/gcc/arm-none-eabi/10.3.1/../../../../arm-none-eabi/lib/thumb/v7-m/nofp\libg.a(lib_a-writer.o)
                0x080084f0                _write_r
 .text._close_r
                0x0800851c       0x24 d:/stm32platform/gcc-arm-none-eabi-10.3-2021.10/bin/../lib/gcc/arm-none-eabi/10.3.1/../../../../arm-none-eabi/lib/thumb/v7-m/nofp\libg.a(lib_a-closer.o)
                0x0800851c                _close_r
 .text._fclose_r
                0x08008540       0xcc d:/stm32platform/gcc-arm-none-eabi-10.3-2021.10/bin/../lib/gcc/arm-none-eabi/10.3.1/../../../../arm-none-eabi/lib/thumb/v7-m/nofp\libg.a(lib_a-fclose.o)
                0x08008540                _fclose_r
 .text._fstat_r
                0x0800860c       0x28 d:/stm32platform/gcc-arm-none-eabi-10.3-2021.10/bin/../lib/gcc/arm-none-eabi/10.3.1/../../../../arm-none-eabi/lib/thumb/v7-m/nofp\libg.a(lib_a-fstatr.o)
                0x0800860c                _fstat_r
 .text._isatty_r
                0x08008634       0x24 d:/stm32platform/gcc-arm-none-eabi-10.3-2021.10/bin/../lib/gcc/arm-none-eabi/10.3.1/../../../../arm-none-eabi/lib/thumb/v7-m/nofp\libg.a(lib_a-isattyr.o)
                0x08008634                _isatty_r
 .text._lseek_r
                0x08008658       0x2c d:/stm32platform/gcc-arm-none-eabi-10.3-2021.10/bin/../lib/gcc/arm-none-eabi/10.3.1/../../../../arm-none-eabi/lib/thumb/v7-m/nofp\libg.a(lib_a-lseekr.o)
                0x08008658                _lseek_r
 .text._read_r  0x08008684       0x2c d:/stm32platform/gcc-arm-none-eabi-10.3-2021.10/bin/../lib/gcc/arm-none-eabi/10.3.1/../../../../arm-none-eabi/lib/thumb/v7-m/nofp\libg.a(lib_a-readr.o)
                0x08008684                _read_r
 *(.glue_7)
 .glue_7        0x080086b0        0x0 linker stubs
 *(.glue_7t)
 .glue_7t       0x080086b0        0x0 linker stubs
 *(.eh_frame)
 .eh_frame      0x080086b0        0x0 d:/stm32platform/gcc-arm-none-eabi-10.3-2021.10/bin/../lib/gcc/arm-none-eabi/10.3.1/thumb/v7-m/nofp/crtbegin.o
 *(.init)
 .init          0x080086b0        0x4 d:/stm32platform/gcc-arm-none-eabi-10.3-2021.10/bin/../lib/gcc/arm-none-eabi/10.3.1/thumb/v7-m/nofp/crti.o
                0x080086b0                _init
 .init          0x080086b4        0x8 d:/stm32platform/gcc-arm-none-eabi-10.3-2021.10/bin/../lib/gcc/arm-none-eabi/10.3.1/thumb/v7-m/nofp/crtn.o
 *(.fini)
 .fini          0x080086bc        0x4 d:/stm32platform/gcc-arm-none-eabi-10.3-2021.10/bin/../lib/gcc/arm-none-eabi/10.3.1/thumb/v7-m/nofp/crti.o
                0x080086bc                _fini
 .fini          0x080086c0        0x8 d:/stm32platform/gcc-arm-none-eabi-10.3-2021.10/bin/../lib/gcc/arm-none-eabi/10.3.1/thumb/v7-m/nofp/crtn.o
                0x080086c8                . = ALIGN (0x4)
                0x080086c8                _etext = .

.vfp11_veneer   0x080086c8        0x0
 .vfp11_veneer  0x080086c8        0x0 linker stubs

.v4_bx          0x080086c8        0x0
 .v4_bx         0x080086c8        0x0 linker stubs

.iplt           0x080086c8        0x0
 .iplt          0x080086c8        0x0 d:/stm32platform/gcc-arm-none-eabi-10.3-2021.10/bin/../lib/gcc/arm-none-eabi/10.3.1/thumb/v7-m/nofp/crtbegin.o

.rodata         0x080086c8      0x558
                0x080086c8                . = ALIGN (0x4)
 *(.rodata)
 *(.rodata*)
 .rodata.AHBPrescTable
                0x080086c8       0x10 CMakeFiles/DriveControl.elf.dir/Core/Src/system_stm32f1xx.c.obj
                0x080086c8                AHBPrescTable
 .rodata.APBPrescTable
                0x080086d8        0x8 CMakeFiles/DriveControl.elf.dir/Core/Src/system_stm32f1xx.c.obj
                0x080086d8                APBPrescTable
 .rodata.aPLLMULFactorTable.1
                0x080086e0       0x10 CMakeFiles/DriveControl.elf.dir/Drivers/STM32F1xx_HAL_Driver/Src/stm32f1xx_hal_rcc.c.obj
 .rodata.aPredivFactorTable.0
                0x080086f0        0x2 CMakeFiles/DriveControl.elf.dir/Drivers/STM32F1xx_HAL_Driver/Src/stm32f1xx_hal_rcc.c.obj
 *fill*         0x080086f2        0x2 
 .rodata._global_impure_ptr
                0x080086f4        0x4 d:/stm32platform/gcc-arm-none-eabi-10.3-2021.10/bin/../lib/gcc/arm-none-eabi/10.3.1/../../../../arm-none-eabi/lib/thumb/v7-m/nofp\libg.a(lib_a-impure.o)
                0x080086f4                _global_impure_ptr
 .rodata._strtod_l.str1.4
                0x080086f8        0xf d:/stm32platform/gcc-arm-none-eabi-10.3-2021.10/bin/../lib/gcc/arm-none-eabi/10.3.1/../../../../arm-none-eabi/lib/thumb/v7-m/nofp\libg.a(lib_a-strtod.o)
                                 0x11 (size before relaxing)
 *fill*         0x08008707        0x1 
 .rodata.fpi.1  0x08008708       0x14 d:/stm32platform/gcc-arm-none-eabi-10.3-2021.10/bin/../lib/gcc/arm-none-eabi/10.3.1/../../../../arm-none-eabi/lib/thumb/v7-m/nofp\libg.a(lib_a-strtod.o)
 .rodata.fpinan.0
                0x0800871c       0x14 d:/stm32platform/gcc-arm-none-eabi-10.3-2021.10/bin/../lib/gcc/arm-none-eabi/10.3.1/../../../../arm-none-eabi/lib/thumb/v7-m/nofp\libg.a(lib_a-strtod.o)
 .rodata.tinytens
                0x08008730       0x28 d:/stm32platform/gcc-arm-none-eabi-10.3-2021.10/bin/../lib/gcc/arm-none-eabi/10.3.1/../../../../arm-none-eabi/lib/thumb/v7-m/nofp\libg.a(lib_a-strtod.o)
 .rodata.__gethex.str1.4
                0x08008758       0x9a d:/stm32platform/gcc-arm-none-eabi-10.3-2021.10/bin/../lib/gcc/arm-none-eabi/10.3.1/../../../../arm-none-eabi/lib/thumb/v7-m/nofp\libg.a(lib_a-gdtoa-gethex.o)
 *fill*         0x080087f2        0x2 
 .rodata.__hexdig
                0x080087f4      0x100 d:/stm32platform/gcc-arm-none-eabi-10.3-2021.10/bin/../lib/gcc/arm-none-eabi/10.3.1/../../../../arm-none-eabi/lib/thumb/v7-m/nofp\libg.a(lib_a-gdtoa-gethex.o)
                0x080087f4                __hexdig
 .rodata.str1.4
                0x080088f4        0x2 d:/stm32platform/gcc-arm-none-eabi-10.3-2021.10/bin/../lib/gcc/arm-none-eabi/10.3.1/../../../../arm-none-eabi/lib/thumb/v7-m/nofp\libg.a(lib_a-lnumeric.o)
                                  0x5 (size before relaxing)
 *fill*         0x080088f6        0x2 
 .rodata._C_numeric_locale
                0x080088f8        0xc d:/stm32platform/gcc-arm-none-eabi-10.3-2021.10/bin/../lib/gcc/arm-none-eabi/10.3.1/../../../../arm-none-eabi/lib/thumb/v7-m/nofp\libg.a(lib_a-lnumeric.o)
                0x080088f8                _C_numeric_locale
 .rodata._setlocale_r.str1.4
                0x08008904        0xa d:/stm32platform/gcc-arm-none-eabi-10.3-2021.10/bin/../lib/gcc/arm-none-eabi/10.3.1/../../../../arm-none-eabi/lib/thumb/v7-m/nofp\libg.a(lib_a-locale.o)
                                  0xd (size before relaxing)
 .rodata.str1.4
                0x0800890e        0x2 d:/stm32platform/gcc-arm-none-eabi-10.3-2021.10/bin/../lib/gcc/arm-none-eabi/10.3.1/../../../../arm-none-eabi/lib/thumb/v7-m/nofp\libg.a(lib_a-locale.o)
 *fill*         0x0800890e        0x2 
 .rodata.__multadd.str1.4
                0x08008910       0x7f d:/stm32platform/gcc-arm-none-eabi-10.3-2021.10/bin/../lib/gcc/arm-none-eabi/10.3.1/../../../../arm-none-eabi/lib/thumb/v7-m/nofp\libg.a(lib_a-mprec.o)
                                 0x93 (size before relaxing)
 *fill*         0x0800898f        0x1 
 .rodata.__mprec_bigtens
                0x08008990       0x28 d:/stm32platform/gcc-arm-none-eabi-10.3-2021.10/bin/../lib/gcc/arm-none-eabi/10.3.1/../../../../arm-none-eabi/lib/thumb/v7-m/nofp\libg.a(lib_a-mprec.o)
                0x08008990                __mprec_bigtens
 .rodata.__mprec_tens
                0x080089b8       0xc8 d:/stm32platform/gcc-arm-none-eabi-10.3-2021.10/bin/../lib/gcc/arm-none-eabi/10.3.1/../../../../arm-none-eabi/lib/thumb/v7-m/nofp\libg.a(lib_a-mprec.o)
                0x080089b8                __mprec_tens
 .rodata.p05.0  0x08008a80        0xc d:/stm32platform/gcc-arm-none-eabi-10.3-2021.10/bin/../lib/gcc/arm-none-eabi/10.3.1/../../../../arm-none-eabi/lib/thumb/v7-m/nofp\libg.a(lib_a-mprec.o)
 .rodata.__assert_func.str1.4
                0x08008a8c       0x3f d:/stm32platform/gcc-arm-none-eabi-10.3-2021.10/bin/../lib/gcc/arm-none-eabi/10.3.1/../../../../arm-none-eabi/lib/thumb/v7-m/nofp\libg.a(lib_a-assert.o)
                                 0x43 (size before relaxing)
 *fill*         0x08008acb        0x1 
 .rodata._ctype_
                0x08008acc      0x101 d:/stm32platform/gcc-arm-none-eabi-10.3-2021.10/bin/../lib/gcc/arm-none-eabi/10.3.1/../../../../arm-none-eabi/lib/thumb/v7-m/nofp\libg.a(lib_a-ctype_.o)
                0x08008acc                _ctype_
 *fill*         0x08008bcd        0x3 
 .rodata._vfiprintf_r.str1.4
                0x08008bd0       0x2f d:/stm32platform/gcc-arm-none-eabi-10.3-2021.10/bin/../lib/gcc/arm-none-eabi/10.3.1/../../../../arm-none-eabi/lib/thumb/v7-m/nofp\libg.a(lib_a-vfiprintf.o)
 *fill*         0x08008bff        0x1 
 .rodata.blanks.1
                0x08008c00       0x10 d:/stm32platform/gcc-arm-none-eabi-10.3-2021.10/bin/../lib/gcc/arm-none-eabi/10.3.1/../../../../arm-none-eabi/lib/thumb/v7-m/nofp\libg.a(lib_a-vfiprintf.o)
 .rodata.zeroes.0
                0x08008c10       0x10 d:/stm32platform/gcc-arm-none-eabi-10.3-2021.10/bin/../lib/gcc/arm-none-eabi/10.3.1/../../../../arm-none-eabi/lib/thumb/v7-m/nofp\libg.a(lib_a-vfiprintf.o)
                0x08008c20                . = ALIGN (0x4)

.ARM.extab      0x08008c20        0x0
                0x08008c20                . = ALIGN (0x4)
 *(.ARM.extab* .gnu.linkonce.armextab.*)
                0x08008c20                . = ALIGN (0x4)

.ARM            0x08008c20        0x8
                0x08008c20                . = ALIGN (0x4)
                0x08008c20                __exidx_start = .
 *(.ARM.exidx*)
 .ARM.exidx     0x08008c20        0x8 d:/stm32platform/gcc-arm-none-eabi-10.3-2021.10/bin/../lib/gcc/arm-none-eabi/10.3.1/thumb/v7-m/nofp\libgcc.a(_udivmoddi4.o)
                0x08008c28                __exidx_end = .
                0x08008c28                . = ALIGN (0x4)

.rel.dyn        0x08008c28        0x0
 .rel.iplt      0x08008c28        0x0 d:/stm32platform/gcc-arm-none-eabi-10.3-2021.10/bin/../lib/gcc/arm-none-eabi/10.3.1/thumb/v7-m/nofp/crtbegin.o

.preinit_array  0x08008c28        0x0
                0x08008c28                . = ALIGN (0x4)
                0x08008c28                PROVIDE (__preinit_array_start = .)
 *(.preinit_array*)
                0x08008c28                PROVIDE (__preinit_array_end = .)
                0x08008c28                . = ALIGN (0x4)

.init_array     0x08008c28        0x8
                0x08008c28                . = ALIGN (0x4)
                0x08008c28                PROVIDE (__init_array_start = .)
 *(SORT_BY_NAME(.init_array.*))
 .init_array.00000
                0x08008c28        0x4 d:/stm32platform/gcc-arm-none-eabi-10.3-2021.10/bin/../lib/gcc/arm-none-eabi/10.3.1/../../../../arm-none-eabi/lib/thumb/v7-m/nofp\libg.a(lib_a-__call_atexit.o)
 *(.init_array*)
 .init_array    0x08008c2c        0x4 d:/stm32platform/gcc-arm-none-eabi-10.3-2021.10/bin/../lib/gcc/arm-none-eabi/10.3.1/thumb/v7-m/nofp/crtbegin.o
                0x08008c30                PROVIDE (__init_array_end = .)
                0x08008c30                . = ALIGN (0x4)

.fini_array     0x08008c30        0x4
                0x08008c30                . = ALIGN (0x4)
                0x08008c30                PROVIDE (__fini_array_start = .)
 *(SORT_BY_NAME(.fini_array.*))
 *(.fini_array*)
 .fini_array    0x08008c30        0x4 d:/stm32platform/gcc-arm-none-eabi-10.3-2021.10/bin/../lib/gcc/arm-none-eabi/10.3.1/thumb/v7-m/nofp/crtbegin.o
                0x08008c34                PROVIDE (__fini_array_end = .)
                0x08008c34                . = ALIGN (0x4)
                0x08008c34                _sidata = LOADADDR (.data)

.data           0x20000000      0x9c4 load address 0x08008c34
                0x20000000                . = ALIGN (0x4)
                0x20000000                _sdata = .
 *(.data)
 *(.data*)
 .data.Shovel_Compare
                0x20000000        0x1 CMakeFiles/DriveControl.elf.dir/Core/Src/action_usart.c.obj
                0x20000000                Shovel_Compare
 .data.Detect_State
                0x20000001        0x1 CMakeFiles/DriveControl.elf.dir/Core/Src/main.c.obj
                0x20000001                Detect_State
 .data.USART_State
                0x20000002        0x1 CMakeFiles/DriveControl.elf.dir/Core/Src/main.c.obj
                0x20000002                USART_State
 *fill*         0x20000003        0x1 
 .data.SystemCoreClock
                0x20000004        0x4 CMakeFiles/DriveControl.elf.dir/Core/Src/system_stm32f1xx.c.obj
                0x20000004                SystemCoreClock
 .data.uwTickFreq
                0x20000008        0x1 CMakeFiles/DriveControl.elf.dir/Drivers/STM32F1xx_HAL_Driver/Src/stm32f1xx_hal.c.obj
                0x20000008                uwTickFreq
 *fill*         0x20000009        0x3 
 .data.uwTickPrio
                0x2000000c        0x4 CMakeFiles/DriveControl.elf.dir/Drivers/STM32F1xx_HAL_Driver/Src/stm32f1xx_hal.c.obj
                0x2000000c                uwTickPrio
 .data._impure_ptr
                0x20000010        0x4 d:/stm32platform/gcc-arm-none-eabi-10.3-2021.10/bin/../lib/gcc/arm-none-eabi/10.3.1/../../../../arm-none-eabi/lib/thumb/v7-m/nofp\libg.a(lib_a-impure.o)
                0x20000010                _impure_ptr
 *fill*         0x20000014        0x4 
 .data.impure_data
                0x20000018      0x428 d:/stm32platform/gcc-arm-none-eabi-10.3-2021.10/bin/../lib/gcc/arm-none-eabi/10.3.1/../../../../arm-none-eabi/lib/thumb/v7-m/nofp\libg.a(lib_a-impure.o)
 .data.__atexit_recursive_mutex
                0x20000440        0x4 d:/stm32platform/gcc-arm-none-eabi-10.3-2021.10/bin/../lib/gcc/arm-none-eabi/10.3.1/../../../../arm-none-eabi/lib/thumb/v7-m/nofp\libg.a(lib_a-__call_atexit.o)
                0x20000440                __atexit_recursive_mutex
 .data.numempty
                0x20000444        0x2 d:/stm32platform/gcc-arm-none-eabi-10.3-2021.10/bin/../lib/gcc/arm-none-eabi/10.3.1/../../../../arm-none-eabi/lib/thumb/v7-m/nofp\libg.a(lib_a-lnumeric.o)
 *fill*         0x20000446        0x2 
 .data.__global_locale
                0x20000448      0x16c d:/stm32platform/gcc-arm-none-eabi-10.3-2021.10/bin/../lib/gcc/arm-none-eabi/10.3.1/../../../../arm-none-eabi/lib/thumb/v7-m/nofp\libg.a(lib_a-locale.o)
                0x20000448                __global_locale
 .data.__malloc_av_
                0x200005b4      0x408 d:/stm32platform/gcc-arm-none-eabi-10.3-2021.10/bin/../lib/gcc/arm-none-eabi/10.3.1/../../../../arm-none-eabi/lib/thumb/v7-m/nofp\libg.a(lib_a-mallocr.o)
                0x200005b4                __malloc_av_
 .data.__malloc_sbrk_base
                0x200009bc        0x4 d:/stm32platform/gcc-arm-none-eabi-10.3-2021.10/bin/../lib/gcc/arm-none-eabi/10.3.1/../../../../arm-none-eabi/lib/thumb/v7-m/nofp\libg.a(lib_a-mallocr.o)
                0x200009bc                __malloc_sbrk_base
 .data.__malloc_trim_threshold
                0x200009c0        0x4 d:/stm32platform/gcc-arm-none-eabi-10.3-2021.10/bin/../lib/gcc/arm-none-eabi/10.3.1/../../../../arm-none-eabi/lib/thumb/v7-m/nofp\libg.a(lib_a-mallocr.o)
                0x200009c0                __malloc_trim_threshold
 *(.RamFunc)
 *(.RamFunc*)
                0x200009c4                . = ALIGN (0x4)
                0x200009c4                _edata = .

.igot.plt       0x200009c4        0x0 load address 0x080095f8
 .igot.plt      0x200009c4        0x0 d:/stm32platform/gcc-arm-none-eabi-10.3-2021.10/bin/../lib/gcc/arm-none-eabi/10.3.1/thumb/v7-m/nofp/crtbegin.o
                0x200009c4                . = ALIGN (0x4)

.bss            0x200009c4      0x228 load address 0x080095f8
                0x200009c4                _sbss = .
                0x200009c4                __bss_start__ = _sbss
 *(.bss)
 .bss           0x200009c4       0x1c d:/stm32platform/gcc-arm-none-eabi-10.3-2021.10/bin/../lib/gcc/arm-none-eabi/10.3.1/thumb/v7-m/nofp/crtbegin.o
 *(.bss*)
 .bss.Boost_State
                0x200009e0        0x1 CMakeFiles/DriveControl.elf.dir/Core/Src/action_usart.c.obj
                0x200009e0                Boost_State
 .bss.Roller_State
                0x200009e1        0x1 CMakeFiles/DriveControl.elf.dir/Core/Src/action_usart.c.obj
                0x200009e1                Roller_State
 .bss.Shovel_WaitCount
                0x200009e2        0x1 CMakeFiles/DriveControl.elf.dir/Core/Src/action_usart.c.obj
                0x200009e2                Shovel_WaitCount
 .bss.Sustain_State
                0x200009e3        0x1 CMakeFiles/DriveControl.elf.dir/Core/Src/action_usart.c.obj
                0x200009e3                Sustain_State
 .bss.Detect_Flag
                0x200009e4        0x1 CMakeFiles/DriveControl.elf.dir/Core/Src/main.c.obj
                0x200009e4                Detect_Flag
 *fill*         0x200009e5        0x3 
 .bss.Detect_Rx_buf
                0x200009e8       0x34 CMakeFiles/DriveControl.elf.dir/Core/Src/main.c.obj
                0x200009e8                Detect_Rx_buf
 .bss.Menu_Sign
                0x20000a1c        0x1 CMakeFiles/DriveControl.elf.dir/Core/Src/main.c.obj
                0x20000a1c                Menu_Sign
 .bss.Receive_State
                0x20000a1d        0x1 CMakeFiles/DriveControl.elf.dir/Core/Src/main.c.obj
                0x20000a1d                Receive_State
 *fill*         0x20000a1e        0x2 
 .bss.Rx_buf    0x20000a20        0xf CMakeFiles/DriveControl.elf.dir/Core/Src/main.c.obj
                0x20000a20                Rx_buf
 .bss.Rx_cnt    0x20000a2f        0x1 CMakeFiles/DriveControl.elf.dir/Core/Src/main.c.obj
                0x20000a2f                Rx_cnt
 .bss.UART2_temp
                0x20000a30        0x1 CMakeFiles/DriveControl.elf.dir/Core/Src/main.c.obj
                0x20000a30                UART2_temp
 .bss.p         0x20000a31        0x1 CMakeFiles/DriveControl.elf.dir/Core/Src/main.c.obj
                0x20000a31                p
 *fill*         0x20000a32        0x2 
 .bss.__sbrk_heap_end
                0x20000a34        0x4 CMakeFiles/DriveControl.elf.dir/Core/Src/sysmem.c.obj
 .bss.htim1     0x20000a38       0x48 CMakeFiles/DriveControl.elf.dir/Core/Src/tim.c.obj
                0x20000a38                htim1
 .bss.htim2     0x20000a80       0x48 CMakeFiles/DriveControl.elf.dir/Core/Src/tim.c.obj
                0x20000a80                htim2
 .bss.htim3     0x20000ac8       0x48 CMakeFiles/DriveControl.elf.dir/Core/Src/tim.c.obj
                0x20000ac8                htim3
 .bss.htim4     0x20000b10       0x48 CMakeFiles/DriveControl.elf.dir/Core/Src/tim.c.obj
                0x20000b10                htim4
 .bss.huart2    0x20000b58       0x48 CMakeFiles/DriveControl.elf.dir/Core/Src/usart.c.obj
                0x20000b58                huart2
 .bss.uwTick    0x20000ba0        0x4 CMakeFiles/DriveControl.elf.dir/Drivers/STM32F1xx_HAL_Driver/Src/stm32f1xx_hal.c.obj
                0x20000ba0                uwTick
 .bss.__lock___atexit_recursive_mutex
                0x20000ba4        0x1 d:/stm32platform/gcc-arm-none-eabi-10.3-2021.10/bin/../lib/gcc/arm-none-eabi/10.3.1/../../../../arm-none-eabi/lib/thumb/v7-m/nofp\libg.a(lib_a-lock.o)
                0x20000ba4                __lock___atexit_recursive_mutex
 *fill*         0x20000ba5        0x3 
 .bss.__lock___malloc_recursive_mutex
                0x20000ba8        0x1 d:/stm32platform/gcc-arm-none-eabi-10.3-2021.10/bin/../lib/gcc/arm-none-eabi/10.3.1/../../../../arm-none-eabi/lib/thumb/v7-m/nofp\libg.a(lib_a-lock.o)
                0x20000ba8                __lock___malloc_recursive_mutex
 *fill*         0x20000ba9        0x3 
 .bss.__lock___sfp_recursive_mutex
                0x20000bac        0x1 d:/stm32platform/gcc-arm-none-eabi-10.3-2021.10/bin/../lib/gcc/arm-none-eabi/10.3.1/../../../../arm-none-eabi/lib/thumb/v7-m/nofp\libg.a(lib_a-lock.o)
                0x20000bac                __lock___sfp_recursive_mutex
 *fill*         0x20000bad        0x3 
 .bss.__lock___sinit_recursive_mutex
                0x20000bb0        0x1 d:/stm32platform/gcc-arm-none-eabi-10.3-2021.10/bin/../lib/gcc/arm-none-eabi/10.3.1/../../../../arm-none-eabi/lib/thumb/v7-m/nofp\libg.a(lib_a-lock.o)
                0x20000bb0                __lock___sinit_recursive_mutex
 *fill*         0x20000bb1        0x3 
 .bss.__malloc_current_mallinfo
                0x20000bb4       0x28 d:/stm32platform/gcc-arm-none-eabi-10.3-2021.10/bin/../lib/gcc/arm-none-eabi/10.3.1/../../../../arm-none-eabi/lib/thumb/v7-m/nofp\libg.a(lib_a-mallocr.o)
                0x20000bb4                __malloc_current_mallinfo
 .bss.__malloc_max_sbrked_mem
                0x20000bdc        0x4 d:/stm32platform/gcc-arm-none-eabi-10.3-2021.10/bin/../lib/gcc/arm-none-eabi/10.3.1/../../../../arm-none-eabi/lib/thumb/v7-m/nofp\libg.a(lib_a-mallocr.o)
                0x20000bdc                __malloc_max_sbrked_mem
 .bss.__malloc_max_total_mem
                0x20000be0        0x4 d:/stm32platform/gcc-arm-none-eabi-10.3-2021.10/bin/../lib/gcc/arm-none-eabi/10.3.1/../../../../arm-none-eabi/lib/thumb/v7-m/nofp\libg.a(lib_a-mallocr.o)
                0x20000be0                __malloc_max_total_mem
 .bss.__malloc_top_pad
                0x20000be4        0x4 d:/stm32platform/gcc-arm-none-eabi-10.3-2021.10/bin/../lib/gcc/arm-none-eabi/10.3.1/../../../../arm-none-eabi/lib/thumb/v7-m/nofp\libg.a(lib_a-mallocr.o)
                0x20000be4                __malloc_top_pad
 .bss.errno     0x20000be8        0x4 d:/stm32platform/gcc-arm-none-eabi-10.3-2021.10/bin/../lib/gcc/arm-none-eabi/10.3.1/../../../../arm-none-eabi/lib/thumb/v7-m/nofp\libg.a(lib_a-reent.o)
                0x20000be8                errno
 *(COMMON)
                0x20000bec                . = ALIGN (0x4)
                0x20000bec                _ebss = .
                0x20000bec                __bss_end__ = _ebss

._user_heap_stack
                0x20000bec      0x604 load address 0x080095f8
                0x20000bf0                . = ALIGN (0x8)
 *fill*         0x20000bec        0x4 
                [!provide]                PROVIDE (end = .)
                0x20000bf0                PROVIDE (_end = .)
                0x20000df0                . = (. + _Min_Heap_Size)
 *fill*         0x20000bf0      0x200 
                0x200011f0                . = (. + _Min_Stack_Size)
 *fill*         0x20000df0      0x400 
                0x200011f0                . = ALIGN (0x8)

/DISCARD/
 libc.a(*)
 libm.a(*)
 libgcc.a(*)

.ARM.attributes
                0x00000000       0x29
 *(.ARM.attributes)
 .ARM.attributes
                0x00000000       0x1d d:/stm32platform/gcc-arm-none-eabi-10.3-2021.10/bin/../lib/gcc/arm-none-eabi/10.3.1/thumb/v7-m/nofp/crti.o
 .ARM.attributes
                0x0000001d       0x2d d:/stm32platform/gcc-arm-none-eabi-10.3-2021.10/bin/../lib/gcc/arm-none-eabi/10.3.1/thumb/v7-m/nofp/crtbegin.o
 .ARM.attributes
                0x0000004a       0x2d CMakeFiles/DriveControl.elf.dir/Core/Src/action_usart.c.obj
 .ARM.attributes
                0x00000077       0x2d CMakeFiles/DriveControl.elf.dir/Core/Src/gpio.c.obj
 .ARM.attributes
                0x000000a4       0x2d CMakeFiles/DriveControl.elf.dir/Core/Src/main.c.obj
 .ARM.attributes
                0x000000d1       0x2d CMakeFiles/DriveControl.elf.dir/Core/Src/motorcontrol.c.obj
 .ARM.attributes
                0x000000fe       0x2d CMakeFiles/DriveControl.elf.dir/Core/Src/stm32f1xx_hal_msp.c.obj
 .ARM.attributes
                0x0000012b       0x2d CMakeFiles/DriveControl.elf.dir/Core/Src/stm32f1xx_it.c.obj
 .ARM.attributes
                0x00000158       0x2d CMakeFiles/DriveControl.elf.dir/Core/Src/syscalls.c.obj
 .ARM.attributes
                0x00000185       0x2d CMakeFiles/DriveControl.elf.dir/Core/Src/sysmem.c.obj
 .ARM.attributes
                0x000001b2       0x2d CMakeFiles/DriveControl.elf.dir/Core/Src/system_stm32f1xx.c.obj
 .ARM.attributes
                0x000001df       0x2d CMakeFiles/DriveControl.elf.dir/Core/Src/tim.c.obj
 .ARM.attributes
                0x0000020c       0x2d CMakeFiles/DriveControl.elf.dir/Core/Src/usart.c.obj
 .ARM.attributes
                0x00000239       0x21 CMakeFiles/DriveControl.elf.dir/Core/Startup/startup_stm32f103c8tx.s.obj
 .ARM.attributes
                0x0000025a       0x2d CMakeFiles/DriveControl.elf.dir/Drivers/STM32F1xx_HAL_Driver/Src/stm32f1xx_hal.c.obj
 .ARM.attributes
                0x00000287       0x2d CMakeFiles/DriveControl.elf.dir/Drivers/STM32F1xx_HAL_Driver/Src/stm32f1xx_hal_cortex.c.obj
 .ARM.attributes
                0x000002b4       0x2d CMakeFiles/DriveControl.elf.dir/Drivers/STM32F1xx_HAL_Driver/Src/stm32f1xx_hal_dma.c.obj
 .ARM.attributes
                0x000002e1       0x2d CMakeFiles/DriveControl.elf.dir/Drivers/STM32F1xx_HAL_Driver/Src/stm32f1xx_hal_gpio.c.obj
 .ARM.attributes
                0x0000030e       0x2d CMakeFiles/DriveControl.elf.dir/Drivers/STM32F1xx_HAL_Driver/Src/stm32f1xx_hal_rcc.c.obj
 .ARM.attributes
                0x0000033b       0x2d CMakeFiles/DriveControl.elf.dir/Drivers/STM32F1xx_HAL_Driver/Src/stm32f1xx_hal_tim.c.obj
 .ARM.attributes
                0x00000368       0x2d CMakeFiles/DriveControl.elf.dir/Drivers/STM32F1xx_HAL_Driver/Src/stm32f1xx_hal_tim_ex.c.obj
 .ARM.attributes
                0x00000395       0x2d CMakeFiles/DriveControl.elf.dir/Drivers/STM32F1xx_HAL_Driver/Src/stm32f1xx_hal_uart.c.obj
 .ARM.attributes
                0x000003c2       0x1d d:/stm32platform/gcc-arm-none-eabi-10.3-2021.10/bin/../lib/gcc/arm-none-eabi/10.3.1/thumb/v7-m/nofp\libgcc.a(_arm_muldivsf3.o)
 .ARM.attributes
                0x000003df       0x1d d:/stm32platform/gcc-arm-none-eabi-10.3-2021.10/bin/../lib/gcc/arm-none-eabi/10.3.1/thumb/v7-m/nofp\libgcc.a(_arm_fixsfsi.o)
 .ARM.attributes
                0x000003fc       0x2d d:/stm32platform/gcc-arm-none-eabi-10.3-2021.10/bin/../lib/gcc/arm-none-eabi/10.3.1/../../../../arm-none-eabi/lib/thumb/v7-m/nofp\libg.a(lib_a-errno.o)
 .ARM.attributes
                0x00000429       0x2d d:/stm32platform/gcc-arm-none-eabi-10.3-2021.10/bin/../lib/gcc/arm-none-eabi/10.3.1/../../../../arm-none-eabi/lib/thumb/v7-m/nofp\libg.a(lib_a-impure.o)
 .ARM.attributes
                0x00000456       0x2d d:/stm32platform/gcc-arm-none-eabi-10.3-2021.10/bin/../lib/gcc/arm-none-eabi/10.3.1/../../../../arm-none-eabi/lib/thumb/v7-m/nofp\libg.a(lib_a-init.o)
 .ARM.attributes
                0x00000483       0x2d d:/stm32platform/gcc-arm-none-eabi-10.3-2021.10/bin/../lib/gcc/arm-none-eabi/10.3.1/../../../../arm-none-eabi/lib/thumb/v7-m/nofp\libg.a(lib_a-memset.o)
 .ARM.attributes
                0x000004b0       0x2d d:/stm32platform/gcc-arm-none-eabi-10.3-2021.10/bin/../lib/gcc/arm-none-eabi/10.3.1/../../../../arm-none-eabi/lib/thumb/v7-m/nofp\libg.a(lib_a-strtod.o)
 .ARM.attributes
                0x000004dd       0x2d d:/stm32platform/gcc-arm-none-eabi-10.3-2021.10/bin/../lib/gcc/arm-none-eabi/10.3.1/../../../../arm-none-eabi/lib/thumb/v7-m/nofp\libg.a(lib_a-__call_atexit.o)
 .ARM.attributes
                0x0000050a       0x2d d:/stm32platform/gcc-arm-none-eabi-10.3-2021.10/bin/../lib/gcc/arm-none-eabi/10.3.1/../../../../arm-none-eabi/lib/thumb/v7-m/nofp\libg.a(lib_a-atexit.o)
 .ARM.attributes
                0x00000537       0x2d d:/stm32platform/gcc-arm-none-eabi-10.3-2021.10/bin/../lib/gcc/arm-none-eabi/10.3.1/../../../../arm-none-eabi/lib/thumb/v7-m/nofp\libg.a(lib_a-fini.o)
 .ARM.attributes
                0x00000564       0x2d d:/stm32platform/gcc-arm-none-eabi-10.3-2021.10/bin/../lib/gcc/arm-none-eabi/10.3.1/../../../../arm-none-eabi/lib/thumb/v7-m/nofp\libg.a(lib_a-gdtoa-gethex.o)
 .ARM.attributes
                0x00000591       0x2d d:/stm32platform/gcc-arm-none-eabi-10.3-2021.10/bin/../lib/gcc/arm-none-eabi/10.3.1/../../../../arm-none-eabi/lib/thumb/v7-m/nofp\libg.a(lib_a-gdtoa-hexnan.o)
 .ARM.attributes
                0x000005be       0x2d d:/stm32platform/gcc-arm-none-eabi-10.3-2021.10/bin/../lib/gcc/arm-none-eabi/10.3.1/../../../../arm-none-eabi/lib/thumb/v7-m/nofp\libg.a(lib_a-lnumeric.o)
 .ARM.attributes
                0x000005eb       0x2d d:/stm32platform/gcc-arm-none-eabi-10.3-2021.10/bin/../lib/gcc/arm-none-eabi/10.3.1/../../../../arm-none-eabi/lib/thumb/v7-m/nofp\libg.a(lib_a-locale.o)
 .ARM.attributes
                0x00000618       0x2d d:/stm32platform/gcc-arm-none-eabi-10.3-2021.10/bin/../lib/gcc/arm-none-eabi/10.3.1/../../../../arm-none-eabi/lib/thumb/v7-m/nofp\libg.a(lib_a-lock.o)
 .ARM.attributes
                0x00000645       0x2d d:/stm32platform/gcc-arm-none-eabi-10.3-2021.10/bin/../lib/gcc/arm-none-eabi/10.3.1/../../../../arm-none-eabi/lib/thumb/v7-m/nofp\libg.a(lib_a-mbtowc_r.o)
 .ARM.attributes
                0x00000672       0x1b d:/stm32platform/gcc-arm-none-eabi-10.3-2021.10/bin/../lib/gcc/arm-none-eabi/10.3.1/../../../../arm-none-eabi/lib/thumb/v7-m/nofp\libg.a(lib_a-memcpy.o)
 .ARM.attributes
                0x0000068d       0x2d d:/stm32platform/gcc-arm-none-eabi-10.3-2021.10/bin/../lib/gcc/arm-none-eabi/10.3.1/../../../../arm-none-eabi/lib/thumb/v7-m/nofp\libg.a(lib_a-mprec.o)
 .ARM.attributes
                0x000006ba       0x2d d:/stm32platform/gcc-arm-none-eabi-10.3-2021.10/bin/../lib/gcc/arm-none-eabi/10.3.1/../../../../arm-none-eabi/lib/thumb/v7-m/nofp\libg.a(lib_a-s_nan.o)
 .ARM.attributes
                0x000006e7       0x2d d:/stm32platform/gcc-arm-none-eabi-10.3-2021.10/bin/../lib/gcc/arm-none-eabi/10.3.1/../../../../arm-none-eabi/lib/thumb/v7-m/nofp\libg.a(lib_a-sf_nan.o)
 .ARM.attributes
                0x00000714       0x2d d:/stm32platform/gcc-arm-none-eabi-10.3-2021.10/bin/../lib/gcc/arm-none-eabi/10.3.1/../../../../arm-none-eabi/lib/thumb/v7-m/nofp\libg.a(lib_a-strlen-stub.o)
 .ARM.attributes
                0x00000741       0x2d d:/stm32platform/gcc-arm-none-eabi-10.3-2021.10/bin/../lib/gcc/arm-none-eabi/10.3.1/../../../../arm-none-eabi/lib/thumb/v7-m/nofp\libg.a(lib_a-strncmp.o)
 .ARM.attributes
                0x0000076e       0x2d d:/stm32platform/gcc-arm-none-eabi-10.3-2021.10/bin/../lib/gcc/arm-none-eabi/10.3.1/../../../../arm-none-eabi/lib/thumb/v7-m/nofp\libg.a(lib_a-wctomb_r.o)
 .ARM.attributes
                0x0000079b       0x2d d:/stm32platform/gcc-arm-none-eabi-10.3-2021.10/bin/../lib/gcc/arm-none-eabi/10.3.1/../../../../arm-none-eabi/lib/thumb/v7-m/nofp\libg.a(lib_a-__atexit.o)
 .ARM.attributes
                0x000007c8       0x2d d:/stm32platform/gcc-arm-none-eabi-10.3-2021.10/bin/../lib/gcc/arm-none-eabi/10.3.1/../../../../arm-none-eabi/lib/thumb/v7-m/nofp\libg.a(lib_a-assert.o)
 .ARM.attributes
                0x000007f5       0x2d d:/stm32platform/gcc-arm-none-eabi-10.3-2021.10/bin/../lib/gcc/arm-none-eabi/10.3.1/../../../../arm-none-eabi/lib/thumb/v7-m/nofp\libg.a(lib_a-callocr.o)
 .ARM.attributes
                0x00000822       0x2d d:/stm32platform/gcc-arm-none-eabi-10.3-2021.10/bin/../lib/gcc/arm-none-eabi/10.3.1/../../../../arm-none-eabi/lib/thumb/v7-m/nofp\libg.a(lib_a-ctype_.o)
 .ARM.attributes
                0x0000084f       0x2d d:/stm32platform/gcc-arm-none-eabi-10.3-2021.10/bin/../lib/gcc/arm-none-eabi/10.3.1/../../../../arm-none-eabi/lib/thumb/v7-m/nofp\libg.a(lib_a-fiprintf.o)
 .ARM.attributes
                0x0000087c       0x2d d:/stm32platform/gcc-arm-none-eabi-10.3-2021.10/bin/../lib/gcc/arm-none-eabi/10.3.1/../../../../arm-none-eabi/lib/thumb/v7-m/nofp\libg.a(lib_a-mallocr.o)
 .ARM.attributes
                0x000008a9       0x2d d:/stm32platform/gcc-arm-none-eabi-10.3-2021.10/bin/../lib/gcc/arm-none-eabi/10.3.1/../../../../arm-none-eabi/lib/thumb/v7-m/nofp\libg.a(lib_a-mlock.o)
 .ARM.attributes
                0x000008d6       0x2d d:/stm32platform/gcc-arm-none-eabi-10.3-2021.10/bin/../lib/gcc/arm-none-eabi/10.3.1/../../../../arm-none-eabi/lib/thumb/v7-m/nofp\libg.a(lib_a-sbrkr.o)
 .ARM.attributes
                0x00000903       0x2d d:/stm32platform/gcc-arm-none-eabi-10.3-2021.10/bin/../lib/gcc/arm-none-eabi/10.3.1/../../../../arm-none-eabi/lib/thumb/v7-m/nofp\libg.a(lib_a-vfiprintf.o)
 .ARM.attributes
                0x00000930       0x2d d:/stm32platform/gcc-arm-none-eabi-10.3-2021.10/bin/../lib/gcc/arm-none-eabi/10.3.1/../../../../arm-none-eabi/lib/thumb/v7-m/nofp\libg.a(lib_a-wsetup.o)
 .ARM.attributes
                0x0000095d       0x2d d:/stm32platform/gcc-arm-none-eabi-10.3-2021.10/bin/../lib/gcc/arm-none-eabi/10.3.1/../../../../arm-none-eabi/lib/thumb/v7-m/nofp\libg.a(lib_a-abort.o)
 .ARM.attributes
                0x0000098a       0x2d d:/stm32platform/gcc-arm-none-eabi-10.3-2021.10/bin/../lib/gcc/arm-none-eabi/10.3.1/../../../../arm-none-eabi/lib/thumb/v7-m/nofp\libg.a(lib_a-fflush.o)
 .ARM.attributes
                0x000009b7       0x2d d:/stm32platform/gcc-arm-none-eabi-10.3-2021.10/bin/../lib/gcc/arm-none-eabi/10.3.1/../../../../arm-none-eabi/lib/thumb/v7-m/nofp\libg.a(lib_a-findfp.o)
 .ARM.attributes
                0x000009e4       0x2d d:/stm32platform/gcc-arm-none-eabi-10.3-2021.10/bin/../lib/gcc/arm-none-eabi/10.3.1/../../../../arm-none-eabi/lib/thumb/v7-m/nofp\libg.a(lib_a-fputwc.o)
 .ARM.attributes
                0x00000a11       0x2d d:/stm32platform/gcc-arm-none-eabi-10.3-2021.10/bin/../lib/gcc/arm-none-eabi/10.3.1/../../../../arm-none-eabi/lib/thumb/v7-m/nofp\libg.a(lib_a-freer.o)
 .ARM.attributes
                0x00000a3e       0x2d d:/stm32platform/gcc-arm-none-eabi-10.3-2021.10/bin/../lib/gcc/arm-none-eabi/10.3.1/../../../../arm-none-eabi/lib/thumb/v7-m/nofp\libg.a(lib_a-fvwrite.o)
 .ARM.attributes
                0x00000a6b       0x2d d:/stm32platform/gcc-arm-none-eabi-10.3-2021.10/bin/../lib/gcc/arm-none-eabi/10.3.1/../../../../arm-none-eabi/lib/thumb/v7-m/nofp\libg.a(lib_a-fwalk.o)
 .ARM.attributes
                0x00000a98       0x2d d:/stm32platform/gcc-arm-none-eabi-10.3-2021.10/bin/../lib/gcc/arm-none-eabi/10.3.1/../../../../arm-none-eabi/lib/thumb/v7-m/nofp\libg.a(lib_a-localeconv.o)
 .ARM.attributes
                0x00000ac5       0x2d d:/stm32platform/gcc-arm-none-eabi-10.3-2021.10/bin/../lib/gcc/arm-none-eabi/10.3.1/../../../../arm-none-eabi/lib/thumb/v7-m/nofp\libg.a(lib_a-makebuf.o)
 .ARM.attributes
                0x00000af2       0x2d d:/stm32platform/gcc-arm-none-eabi-10.3-2021.10/bin/../lib/gcc/arm-none-eabi/10.3.1/../../../../arm-none-eabi/lib/thumb/v7-m/nofp\libg.a(lib_a-memchr-stub.o)
 .ARM.attributes
                0x00000b1f       0x2d d:/stm32platform/gcc-arm-none-eabi-10.3-2021.10/bin/../lib/gcc/arm-none-eabi/10.3.1/../../../../arm-none-eabi/lib/thumb/v7-m/nofp\libg.a(lib_a-memmove.o)
 .ARM.attributes
                0x00000b4c       0x2d d:/stm32platform/gcc-arm-none-eabi-10.3-2021.10/bin/../lib/gcc/arm-none-eabi/10.3.1/../../../../arm-none-eabi/lib/thumb/v7-m/nofp\libg.a(lib_a-reallocr.o)
 .ARM.attributes
                0x00000b79       0x2d d:/stm32platform/gcc-arm-none-eabi-10.3-2021.10/bin/../lib/gcc/arm-none-eabi/10.3.1/../../../../arm-none-eabi/lib/thumb/v7-m/nofp\libg.a(lib_a-reent.o)
 .ARM.attributes
                0x00000ba6       0x2d d:/stm32platform/gcc-arm-none-eabi-10.3-2021.10/bin/../lib/gcc/arm-none-eabi/10.3.1/../../../../arm-none-eabi/lib/thumb/v7-m/nofp\libg.a(lib_a-signal.o)
 .ARM.attributes
                0x00000bd3       0x2d d:/stm32platform/gcc-arm-none-eabi-10.3-2021.10/bin/../lib/gcc/arm-none-eabi/10.3.1/../../../../arm-none-eabi/lib/thumb/v7-m/nofp\libg.a(lib_a-signalr.o)
 .ARM.attributes
                0x00000c00       0x2d d:/stm32platform/gcc-arm-none-eabi-10.3-2021.10/bin/../lib/gcc/arm-none-eabi/10.3.1/../../../../arm-none-eabi/lib/thumb/v7-m/nofp\libg.a(lib_a-stdio.o)
 .ARM.attributes
                0x00000c2d       0x2d d:/stm32platform/gcc-arm-none-eabi-10.3-2021.10/bin/../lib/gcc/arm-none-eabi/10.3.1/../../../../arm-none-eabi/lib/thumb/v7-m/nofp\libg.a(lib_a-strncpy.o)
 .ARM.attributes
                0x00000c5a       0x2d d:/stm32platform/gcc-arm-none-eabi-10.3-2021.10/bin/../lib/gcc/arm-none-eabi/10.3.1/../../../../arm-none-eabi/lib/thumb/v7-m/nofp\libg.a(lib_a-wbuf.o)
 .ARM.attributes
                0x00000c87       0x2d d:/stm32platform/gcc-arm-none-eabi-10.3-2021.10/bin/../lib/gcc/arm-none-eabi/10.3.1/../../../../arm-none-eabi/lib/thumb/v7-m/nofp\libg.a(lib_a-wcrtomb.o)
 .ARM.attributes
                0x00000cb4       0x2d d:/stm32platform/gcc-arm-none-eabi-10.3-2021.10/bin/../lib/gcc/arm-none-eabi/10.3.1/../../../../arm-none-eabi/lib/thumb/v7-m/nofp\libg.a(lib_a-writer.o)
 .ARM.attributes
                0x00000ce1       0x2d d:/stm32platform/gcc-arm-none-eabi-10.3-2021.10/bin/../lib/gcc/arm-none-eabi/10.3.1/../../../../arm-none-eabi/lib/thumb/v7-m/nofp\libg.a(lib_a-closer.o)
 .ARM.attributes
                0x00000d0e       0x2d d:/stm32platform/gcc-arm-none-eabi-10.3-2021.10/bin/../lib/gcc/arm-none-eabi/10.3.1/../../../../arm-none-eabi/lib/thumb/v7-m/nofp\libg.a(lib_a-fclose.o)
 .ARM.attributes
                0x00000d3b       0x2d d:/stm32platform/gcc-arm-none-eabi-10.3-2021.10/bin/../lib/gcc/arm-none-eabi/10.3.1/../../../../arm-none-eabi/lib/thumb/v7-m/nofp\libg.a(lib_a-fstatr.o)
 .ARM.attributes
                0x00000d68       0x2d d:/stm32platform/gcc-arm-none-eabi-10.3-2021.10/bin/../lib/gcc/arm-none-eabi/10.3.1/../../../../arm-none-eabi/lib/thumb/v7-m/nofp\libg.a(lib_a-isattyr.o)
 .ARM.attributes
                0x00000d95       0x2d d:/stm32platform/gcc-arm-none-eabi-10.3-2021.10/bin/../lib/gcc/arm-none-eabi/10.3.1/../../../../arm-none-eabi/lib/thumb/v7-m/nofp\libg.a(lib_a-lseekr.o)
 .ARM.attributes
                0x00000dc2       0x2d d:/stm32platform/gcc-arm-none-eabi-10.3-2021.10/bin/../lib/gcc/arm-none-eabi/10.3.1/../../../../arm-none-eabi/lib/thumb/v7-m/nofp\libg.a(lib_a-readr.o)
 .ARM.attributes
                0x00000def       0x1d d:/stm32platform/gcc-arm-none-eabi-10.3-2021.10/bin/../lib/gcc/arm-none-eabi/10.3.1/thumb/v7-m/nofp\libgcc.a(_arm_addsubdf3.o)
 .ARM.attributes
                0x00000e0c       0x1d d:/stm32platform/gcc-arm-none-eabi-10.3-2021.10/bin/../lib/gcc/arm-none-eabi/10.3.1/thumb/v7-m/nofp\libgcc.a(_arm_muldivdf3.o)
 .ARM.attributes
                0x00000e29       0x1d d:/stm32platform/gcc-arm-none-eabi-10.3-2021.10/bin/../lib/gcc/arm-none-eabi/10.3.1/thumb/v7-m/nofp\libgcc.a(_arm_cmpdf2.o)
 .ARM.attributes
                0x00000e46       0x1d d:/stm32platform/gcc-arm-none-eabi-10.3-2021.10/bin/../lib/gcc/arm-none-eabi/10.3.1/thumb/v7-m/nofp\libgcc.a(_arm_unorddf2.o)
 .ARM.attributes
                0x00000e63       0x1d d:/stm32platform/gcc-arm-none-eabi-10.3-2021.10/bin/../lib/gcc/arm-none-eabi/10.3.1/thumb/v7-m/nofp\libgcc.a(_arm_fixunsdfsi.o)
 .ARM.attributes
                0x00000e80       0x1d d:/stm32platform/gcc-arm-none-eabi-10.3-2021.10/bin/../lib/gcc/arm-none-eabi/10.3.1/thumb/v7-m/nofp\libgcc.a(_arm_truncdfsf2.o)
 .ARM.attributes
                0x00000e9d       0x1d d:/stm32platform/gcc-arm-none-eabi-10.3-2021.10/bin/../lib/gcc/arm-none-eabi/10.3.1/thumb/v7-m/nofp\libgcc.a(_arm_cmpsf2.o)
 .ARM.attributes
                0x00000eba       0x1d d:/stm32platform/gcc-arm-none-eabi-10.3-2021.10/bin/../lib/gcc/arm-none-eabi/10.3.1/thumb/v7-m/nofp\libgcc.a(_arm_unordsf2.o)
 .ARM.attributes
                0x00000ed7       0x1d d:/stm32platform/gcc-arm-none-eabi-10.3-2021.10/bin/../lib/gcc/arm-none-eabi/10.3.1/thumb/v7-m/nofp\libgcc.a(_aeabi_uldivmod.o)
 .ARM.attributes
                0x00000ef4       0x2d d:/stm32platform/gcc-arm-none-eabi-10.3-2021.10/bin/../lib/gcc/arm-none-eabi/10.3.1/thumb/v7-m/nofp\libgcc.a(_fixdfdi.o)
 .ARM.attributes
                0x00000f21       0x2d d:/stm32platform/gcc-arm-none-eabi-10.3-2021.10/bin/../lib/gcc/arm-none-eabi/10.3.1/thumb/v7-m/nofp\libgcc.a(_fixunsdfdi.o)
 .ARM.attributes
                0x00000f4e       0x2d d:/stm32platform/gcc-arm-none-eabi-10.3-2021.10/bin/../lib/gcc/arm-none-eabi/10.3.1/thumb/v7-m/nofp\libgcc.a(_udivmoddi4.o)
 .ARM.attributes
                0x00000f7b       0x1d d:/stm32platform/gcc-arm-none-eabi-10.3-2021.10/bin/../lib/gcc/arm-none-eabi/10.3.1/thumb/v7-m/nofp\libgcc.a(_dvmd_tls.o)
 .ARM.attributes
                0x00000f98       0x1d d:/stm32platform/gcc-arm-none-eabi-10.3-2021.10/bin/../lib/gcc/arm-none-eabi/10.3.1/thumb/v7-m/nofp/crtn.o
OUTPUT(DriveControl.elf elf32-littlearm)
LOAD linker stubs
LOAD d:/stm32platform/gcc-arm-none-eabi-10.3-2021.10/bin/../lib/gcc/arm-none-eabi/10.3.1/../../../../arm-none-eabi/lib/thumb/v7-m/nofp\libc.a
LOAD d:/stm32platform/gcc-arm-none-eabi-10.3-2021.10/bin/../lib/gcc/arm-none-eabi/10.3.1/../../../../arm-none-eabi/lib/thumb/v7-m/nofp\libm.a
LOAD d:/stm32platform/gcc-arm-none-eabi-10.3-2021.10/bin/../lib/gcc/arm-none-eabi/10.3.1/thumb/v7-m/nofp\libgcc.a

.debug_info     0x00000000    0x11b33
 .debug_info    0x00000000      0x830 CMakeFiles/DriveControl.elf.dir/Core/Src/action_usart.c.obj
 .debug_info    0x00000830      0x312 CMakeFiles/DriveControl.elf.dir/Core/Src/gpio.c.obj
 .debug_info    0x00000b42      0xfb3 CMakeFiles/DriveControl.elf.dir/Core/Src/main.c.obj
 .debug_info    0x00001af5      0x897 CMakeFiles/DriveControl.elf.dir/Core/Src/motorcontrol.c.obj
 .debug_info    0x0000238c      0x1a0 CMakeFiles/DriveControl.elf.dir/Core/Src/stm32f1xx_hal_msp.c.obj
 .debug_info    0x0000252c      0x64c CMakeFiles/DriveControl.elf.dir/Core/Src/stm32f1xx_it.c.obj
 .debug_info    0x00002b78      0x7af CMakeFiles/DriveControl.elf.dir/Core/Src/syscalls.c.obj
 .debug_info    0x00003327      0x174 CMakeFiles/DriveControl.elf.dir/Core/Src/sysmem.c.obj
 .debug_info    0x0000349b      0x248 CMakeFiles/DriveControl.elf.dir/Core/Src/system_stm32f1xx.c.obj
 .debug_info    0x000036e3     0x11df CMakeFiles/DriveControl.elf.dir/Core/Src/tim.c.obj
 .debug_info    0x000048c2      0xa09 CMakeFiles/DriveControl.elf.dir/Core/Src/usart.c.obj
 .debug_info    0x000052cb       0x22 CMakeFiles/DriveControl.elf.dir/Core/Startup/startup_stm32f103c8tx.s.obj
 .debug_info    0x000052ed      0x7a8 CMakeFiles/DriveControl.elf.dir/Drivers/STM32F1xx_HAL_Driver/Src/stm32f1xx_hal.c.obj
 .debug_info    0x00005a95      0xd8a CMakeFiles/DriveControl.elf.dir/Drivers/STM32F1xx_HAL_Driver/Src/stm32f1xx_hal_cortex.c.obj
 .debug_info    0x0000681f      0x84b CMakeFiles/DriveControl.elf.dir/Drivers/STM32F1xx_HAL_Driver/Src/stm32f1xx_hal_dma.c.obj
 .debug_info    0x0000706a      0x66f CMakeFiles/DriveControl.elf.dir/Drivers/STM32F1xx_HAL_Driver/Src/stm32f1xx_hal_gpio.c.obj
 .debug_info    0x000076d9      0xa3b CMakeFiles/DriveControl.elf.dir/Drivers/STM32F1xx_HAL_Driver/Src/stm32f1xx_hal_rcc.c.obj
 .debug_info    0x00008114     0x3d52 CMakeFiles/DriveControl.elf.dir/Drivers/STM32F1xx_HAL_Driver/Src/stm32f1xx_hal_tim.c.obj
 .debug_info    0x0000be66     0x1abb CMakeFiles/DriveControl.elf.dir/Drivers/STM32F1xx_HAL_Driver/Src/stm32f1xx_hal_tim_ex.c.obj
 .debug_info    0x0000d921     0x4212 CMakeFiles/DriveControl.elf.dir/Drivers/STM32F1xx_HAL_Driver/Src/stm32f1xx_hal_uart.c.obj

.debug_abbrev   0x00000000     0x24d1
 .debug_abbrev  0x00000000      0x1cf CMakeFiles/DriveControl.elf.dir/Core/Src/action_usart.c.obj
 .debug_abbrev  0x000001cf      0x13c CMakeFiles/DriveControl.elf.dir/Core/Src/gpio.c.obj