Archive member included to satisfy reference by file (symbol)

d:/stm32platform/gcc-arm-none-eabi-10.3-2021.10/bin/../lib/gcc/arm-none-eabi/10.3.1/thumb/v7-m/nofp\libgcc.a(_arm_muldf3.o)
                              CMakeFiles/RobotMatchZET6.elf.dir/Core/Src/encode.c.obj (__aeabi_dmul)
d:/stm32platform/gcc-arm-none-eabi-10.3-2021.10/bin/../lib/gcc/arm-none-eabi/10.3.1/thumb/v7-m/nofp\libgcc.a(_arm_addsubdf3.o)
                              CMakeFiles/RobotMatchZET6.elf.dir/Core/Src/encode.c.obj (__aeabi_dsub)
d:/stm32platform/gcc-arm-none-eabi-10.3-2021.10/bin/../lib/gcc/arm-none-eabi/10.3.1/thumb/v7-m/nofp\libgcc.a(_arm_muldivdf3.o)
                              CMakeFiles/RobotMatchZET6.elf.dir/Core/Src/encode.c.obj (__aeabi_ddiv)
d:/stm32platform/gcc-arm-none-eabi-10.3-2021.10/bin/../lib/gcc/arm-none-eabi/10.3.1/thumb/v7-m/nofp\libgcc.a(_arm_cmpdf2.o)
                              CMakeFiles/RobotMatchZET6.elf.dir/Core/Src/encode.c.obj (__aeabi_dcmplt)
d:/stm32platform/gcc-arm-none-eabi-10.3-2021.10/bin/../lib/gcc/arm-none-eabi/10.3.1/thumb/v7-m/nofp\libgcc.a(_arm_fixunsdfsi.o)
                              CMakeFiles/RobotMatchZET6.elf.dir/Core/Src/encode.c.obj (__aeabi_d2uiz)
d:/stm32platform/gcc-arm-none-eabi-10.3-2021.10/bin/../lib/gcc/arm-none-eabi/10.3.1/../../../../arm-none-eabi/lib/thumb/v7-m/nofp\libg.a(lib_a-errno.o)
                              CMakeFiles/RobotMatchZET6.elf.dir/Core/Src/syscalls.c.obj (__errno)
d:/stm32platform/gcc-arm-none-eabi-10.3-2021.10/bin/../lib/gcc/arm-none-eabi/10.3.1/../../../../arm-none-eabi/lib/thumb/v7-m/nofp\libg.a(lib_a-exit.o)
                              d:/stm32platform/gcc-arm-none-eabi-10.3-2021.10/bin/../lib/gcc/arm-none-eabi/10.3.1/../../../../arm-none-eabi/lib/thumb/v7-m/nofp/crt0.o (exit)
d:/stm32platform/gcc-arm-none-eabi-10.3-2021.10/bin/../lib/gcc/arm-none-eabi/10.3.1/../../../../arm-none-eabi/lib/thumb/v7-m/nofp\libg.a(lib_a-impure.o)
                              d:/stm32platform/gcc-arm-none-eabi-10.3-2021.10/bin/../lib/gcc/arm-none-eabi/10.3.1/../../../../arm-none-eabi/lib/thumb/v7-m/nofp\libg.a(lib_a-exit.o) (_global_impure_ptr)
d:/stm32platform/gcc-arm-none-eabi-10.3-2021.10/bin/../lib/gcc/arm-none-eabi/10.3.1/../../../../arm-none-eabi/lib/thumb/v7-m/nofp\libg.a(lib_a-init.o)
                              d:/stm32platform/gcc-arm-none-eabi-10.3-2021.10/bin/../lib/gcc/arm-none-eabi/10.3.1/../../../../arm-none-eabi/lib/thumb/v7-m/nofp/crt0.o (__libc_init_array)
d:/stm32platform/gcc-arm-none-eabi-10.3-2021.10/bin/../lib/gcc/arm-none-eabi/10.3.1/../../../../arm-none-eabi/lib/thumb/v7-m/nofp\libg.a(lib_a-memset.o)
                              d:/stm32platform/gcc-arm-none-eabi-10.3-2021.10/bin/../lib/gcc/arm-none-eabi/10.3.1/../../../../arm-none-eabi/lib/thumb/v7-m/nofp/crt0.o (memset)
d:/stm32platform/gcc-arm-none-eabi-10.3-2021.10/bin/../lib/gcc/arm-none-eabi/10.3.1/../../../../arm-none-eabi/lib/thumb/v7-m/nofp\libg.a(lib_a-__call_atexit.o)
                              d:/stm32platform/gcc-arm-none-eabi-10.3-2021.10/bin/../lib/gcc/arm-none-eabi/10.3.1/../../../../arm-none-eabi/lib/thumb/v7-m/nofp\libg.a(lib_a-exit.o) (__call_exitprocs)
d:/stm32platform/gcc-arm-none-eabi-10.3-2021.10/bin/../lib/gcc/arm-none-eabi/10.3.1/../../../../arm-none-eabi/lib/thumb/v7-m/nofp\libg.a(lib_a-atexit.o)
                              d:/stm32platform/gcc-arm-none-eabi-10.3-2021.10/bin/../lib/gcc/arm-none-eabi/10.3.1/../../../../arm-none-eabi/lib/thumb/v7-m/nofp\libg.a(lib_a-__call_atexit.o) (atexit)
d:/stm32platform/gcc-arm-none-eabi-10.3-2021.10/bin/../lib/gcc/arm-none-eabi/10.3.1/../../../../arm-none-eabi/lib/thumb/v7-m/nofp\libg.a(lib_a-fini.o)
                              d:/stm32platform/gcc-arm-none-eabi-10.3-2021.10/bin/../lib/gcc/arm-none-eabi/10.3.1/../../../../arm-none-eabi/lib/thumb/v7-m/nofp\libg.a(lib_a-__call_atexit.o) (__libc_fini_array)
d:/stm32platform/gcc-arm-none-eabi-10.3-2021.10/bin/../lib/gcc/arm-none-eabi/10.3.1/../../../../arm-none-eabi/lib/thumb/v7-m/nofp\libg.a(lib_a-lock.o)
                              d:/stm32platform/gcc-arm-none-eabi-10.3-2021.10/bin/../lib/gcc/arm-none-eabi/10.3.1/../../../../arm-none-eabi/lib/thumb/v7-m/nofp\libg.a(lib_a-__call_atexit.o) (__retarget_lock_acquire_recursive)
d:/stm32platform/gcc-arm-none-eabi-10.3-2021.10/bin/../lib/gcc/arm-none-eabi/10.3.1/../../../../arm-none-eabi/lib/thumb/v7-m/nofp\libg.a(lib_a-__atexit.o)
                              d:/stm32platform/gcc-arm-none-eabi-10.3-2021.10/bin/../lib/gcc/arm-none-eabi/10.3.1/../../../../arm-none-eabi/lib/thumb/v7-m/nofp\libg.a(lib_a-atexit.o) (__register_exitproc)

Discarded input sections

 .text          0x00000000        0x0 d:/stm32platform/gcc-arm-none-eabi-10.3-2021.10/bin/../lib/gcc/arm-none-eabi/10.3.1/thumb/v7-m/nofp/crti.o
 .data          0x00000000        0x0 d:/stm32platform/gcc-arm-none-eabi-10.3-2021.10/bin/../lib/gcc/arm-none-eabi/10.3.1/thumb/v7-m/nofp/crti.o
[...]
Memory Configuration

Name             Origin             Length             Attributes
RAM              0x20000000         0x00010000         xrw
FLASH            0x08000000         0x00080000         xr
*default*        0x00000000         0xffffffff

Linker script and memory map

LOAD d:/stm32platform/gcc-arm-none-eabi-10.3-2021.10/bin/../lib/gcc/arm-none-eabi/10.3.1/thumb/v7-m/nofp/crti.o
LOAD d:/stm32platform/gcc-arm-none-eabi-10.3-2021.10/bin/../lib/gcc/arm-none-eabi/10.3.1/thumb/v7-m/nofp/crtbegin.o
LOAD d:/stm32platform/gcc-arm-none-eabi-10.3-2021.10/bin/../lib/gcc/arm-none-eabi/10.3.1/../../../../arm-none-eabi/lib/thumb/v7-m/nofp/crt0.o
LOAD CMakeFiles/RobotMatchZET6.elf.dir/Core/Src/encode.c.obj
LOAD CMakeFiles/RobotMatchZET6.elf.dir/Core/Src/gpio.c.obj
LOAD CMakeFiles/RobotMatchZET6.elf.dir/Core/Src/main.c.obj
LOAD CMakeFiles/RobotMatchZET6.elf.dir/Core/Src/motorcontrol.c.obj
LOAD CMakeFiles/RobotMatchZET6.elf.dir/Core/Src/nrf24l01.c.obj
LOAD CMakeFiles/RobotMatchZET6.elf.dir/Core/Src/servocontrol.c.obj
LOAD CMakeFiles/RobotMatchZET6.elf.dir/Core/Src/spi.c.obj
LOAD CMakeFiles/RobotMatchZET6.elf.dir/Core/Src/stm32f1xx_hal_msp.c.obj
LOAD CMakeFiles/RobotMatchZET6.elf.dir/Core/Src/stm32f1xx_it.c.obj
LOAD CMakeFiles/RobotMatchZET6.elf.dir/Core/Src/syscalls.c.obj
LOAD CMakeFiles/RobotMatchZET6.elf.dir/Core/Src/sysmem.c.obj
LOAD CMakeFiles/RobotMatchZET6.elf.dir/Core/Src/system_stm32f1xx.c.obj
LOAD CMakeFiles/RobotMatchZET6.elf.dir/Core/Src/tim.c.obj
LOAD CMakeFiles/RobotMatchZET6.elf.dir/Core/Src/tovofa.c.obj
LOAD CMakeFiles/RobotMatchZET6.elf.dir/Core/Src/usart.c.obj
LOAD CMakeFiles/RobotMatchZET6.elf.dir/Core/Startup/startup_stm32f103zetx.s.obj
LOAD CMakeFiles/RobotMatchZET6.elf.dir/Drivers/STM32F1xx_HAL_Driver/Src/stm32f1xx_hal.c.obj
LOAD CMakeFiles/RobotMatchZET6.elf.dir/Drivers/STM32F1xx_HAL_Driver/Src/stm32f1xx_hal_cortex.c.obj
LOAD CMakeFiles/RobotMatchZET6.elf.dir/Drivers/STM32F1xx_HAL_Driver/Src/stm32f1xx_hal_dma.c.obj
LOAD CMakeFiles/RobotMatchZET6.elf.dir/Drivers/STM32F1xx_HAL_Driver/Src/stm32f1xx_hal_exti.c.obj
LOAD CMakeFiles/RobotMatchZET6.elf.dir/Drivers/STM32F1xx_HAL_Driver/Src/stm32f1xx_hal_flash.c.obj
LOAD CMakeFiles/RobotMatchZET6.elf.dir/Drivers/STM32F1xx_HAL_Driver/Src/stm32f1xx_hal_flash_ex.c.obj
LOAD CMakeFiles/RobotMatchZET6.elf.dir/Drivers/STM32F1xx_HAL_Driver/Src/stm32f1xx_hal_gpio.c.obj
LOAD CMakeFiles/RobotMatchZET6.elf.dir/Drivers/STM32F1xx_HAL_Driver/Src/stm32f1xx_hal_gpio_ex.c.obj
LOAD CMakeFiles/RobotMatchZET6.elf.dir/Drivers/STM32F1xx_HAL_Driver/Src/stm32f1xx_hal_pwr.c.obj
LOAD CMakeFiles/RobotMatchZET6.elf.dir/Drivers/STM32F1xx_HAL_Driver/Src/stm32f1xx_hal_rcc.c.obj
LOAD CMakeFiles/RobotMatchZET6.elf.dir/Drivers/STM32F1xx_HAL_Driver/Src/stm32f1xx_hal_rcc_ex.c.obj
LOAD CMakeFiles/RobotMatchZET6.elf.dir/Drivers/STM32F1xx_HAL_Driver/Src/stm32f1xx_hal_spi.c.obj
LOAD CMakeFiles/RobotMatchZET6.elf.dir/Drivers/STM32F1xx_HAL_Driver/Src/stm32f1xx_hal_tim.c.obj
LOAD CMakeFiles/RobotMatchZET6.elf.dir/Drivers/STM32F1xx_HAL_Driver/Src/stm32f1xx_hal_tim_ex.c.obj
LOAD CMakeFiles/RobotMatchZET6.elf.dir/Drivers/STM32F1xx_HAL_Driver/Src/stm32f1xx_hal_uart.c.obj
START GROUP
LOAD d:/stm32platform/gcc-arm-none-eabi-10.3-2021.10/bin/../lib/gcc/arm-none-eabi/10.3.1/thumb/v7-m/nofp\libgcc.a
LOAD d:/stm32platform/gcc-arm-none-eabi-10.3-2021.10/bin/../lib/gcc/arm-none-eabi/10.3.1/../../../../arm-none-eabi/lib/thumb/v7-m/nofp\libg.a
LOAD d:/stm32platform/gcc-arm-none-eabi-10.3-2021.10/bin/../lib/gcc/arm-none-eabi/10.3.1/../../../../arm-none-eabi/lib/thumb/v7-m/nofp\libc.a
END GROUP
LOAD d:/stm32platform/gcc-arm-none-eabi-10.3-2021.10/bin/../lib/gcc/arm-none-eabi/10.3.1/thumb/v7-m/nofp/crtend.o
LOAD d:/stm32platform/gcc-arm-none-eabi-10.3-2021.10/bin/../lib/gcc/arm-none-eabi/10.3.1/thumb/v7-m/nofp/crtn.o
                0x20010000                _estack = (ORIGIN (RAM) + LENGTH (RAM))
                0x00000200                _Min_Heap_Size = 0x200
                0x00000400                _Min_Stack_Size = 0x400

.isr_vector     0x08000000      0x1e4
                0x08000000                . = ALIGN (0x4)
 *(.isr_vector)
 .isr_vector    0x08000000      0x1e4 CMakeFiles/RobotMatchZET6.elf.dir/Core/Startup/startup_stm32f103zetx.s.obj
                0x08000000                g_pfnVectors
                0x080001e4                . = ALIGN (0x4)

.text           0x080001e8     0x426c
                0x080001e8                . = ALIGN (0x4)
 *(.text)
 .text          0x080001e8       0x40 d:/stm32platform/gcc-arm-none-eabi-10.3-2021.10/bin/../lib/gcc/arm-none-eabi/10.3.1/thumb/v7-m/nofp/crtbegin.o
 .text          0x08000228      0x378 d:/stm32platform/gcc-arm-none-eabi-10.3-2021.10/bin/../lib/gcc/arm-none-eabi/10.3.1/thumb/v7-m/nofp\libgcc.a(_arm_addsubdf3.o)
                0x08000228                __aeabi_drsub
                0x08000230                __aeabi_dsub
                0x08000230                __subdf3
                0x08000234                __aeabi_dadd
                0x08000234                __adddf3
                0x080004ac                __floatunsidf
                0x080004ac                __aeabi_ui2d
                0x080004cc                __floatsidf
                0x080004cc                __aeabi_i2d
                0x080004f0                __aeabi_f2d
                0x080004f0                __extendsfdf2
                0x08000534                __floatundidf
                0x08000534                __aeabi_ul2d
                0x08000544                __floatdidf
                0x08000544                __aeabi_l2d
 .text          0x080005a0      0x424 d:/stm32platform/gcc-arm-none-eabi-10.3-2021.10/bin/../lib/gcc/arm-none-eabi/10.3.1/thumb/v7-m/nofp\libgcc.a(_arm_muldivdf3.o)
                0x080005a0                __aeabi_dmul
                0x080005a0                __muldf3
                0x080007f4                __divdf3
                0x080007f4                __aeabi_ddiv
 .text          0x080009c4      0x110 d:/stm32platform/gcc-arm-none-eabi-10.3-2021.10/bin/../lib/gcc/arm-none-eabi/10.3.1/thumb/v7-m/nofp\libgcc.a(_arm_cmpdf2.o)
                0x080009c4                __gtdf2
                0x080009c4                __gedf2
                0x080009cc                __ltdf2
                0x080009cc                __ledf2
                0x080009d4                __nedf2
                0x080009d4                __eqdf2
                0x080009d4                __cmpdf2
                0x08000a50                __aeabi_cdrcmple
                0x08000a60                __aeabi_cdcmpeq
                0x08000a60                __aeabi_cdcmple
                0x08000a70                __aeabi_dcmpeq
                0x08000a84                __aeabi_dcmplt
                0x08000a98                __aeabi_dcmple
                0x08000aac                __aeabi_dcmpge
                0x08000ac0                __aeabi_dcmpgt
 .text          0x08000ad4       0x40 d:/stm32platform/gcc-arm-none-eabi-10.3-2021.10/bin/../lib/gcc/arm-none-eabi/10.3.1/thumb/v7-m/nofp\libgcc.a(_arm_fixunsdfsi.o)
                0x08000ad4                __aeabi_d2uiz
                0x08000ad4                __fixunsdfsi
 *(.text*)
 *fill*         0x08000b14        0x4 
 .text.MotorStructure_Init
                0x08000b18       0xac CMakeFiles/RobotMatchZET6.elf.dir/Core/Src/encode.c.obj
                0x08000b18                MotorStructure_Init
 .text.Set_Target_Speed
                0x08000bc4       0x30 CMakeFiles/RobotMatchZET6.elf.dir/Core/Src/encode.c.obj
                0x08000bc4                Set_Target_Speed
 .text.MotorEncode_Init
                0x08000bf4       0x50 CMakeFiles/RobotMatchZET6.elf.dir/Core/Src/encode.c.obj
                0x08000bf4                MotorEncode_Init
 *fill*         0x08000c44        0x4 
 .text.PID_Calculate
                0x08000c48       0xfc CMakeFiles/RobotMatchZET6.elf.dir/Core/Src/encode.c.obj
                0x08000c48                PID_Calculate
 *fill*         0x08000d44        0x4 
 .text.HAL_TIM_PeriodElapsedCallback
                0x08000d48      0x11c CMakeFiles/RobotMatchZET6.elf.dir/Core/Src/encode.c.obj
                0x08000d48                HAL_TIM_PeriodElapsedCallback
 .text.HAL_UART_RxCpltCallback
                0x08000e64       0x90 CMakeFiles/RobotMatchZET6.elf.dir/Core/Src/encode.c.obj
                0x08000e64                HAL_UART_RxCpltCallback
 .text.MX_GPIO_Init
                0x08000ef4      0x14c CMakeFiles/RobotMatchZET6.elf.dir/Core/Src/gpio.c.obj
                0x08000ef4                MX_GPIO_Init
 .text.HAL_GPIO_EXTI_Callback
                0x08001040       0x14 CMakeFiles/RobotMatchZET6.elf.dir/Core/Src/main.c.obj
                0x08001040                HAL_GPIO_EXTI_Callback
 .text.Speed_Resize_L
                0x08001054       0x34 CMakeFiles/RobotMatchZET6.elf.dir/Core/Src/main.c.obj
                0x08001054                Speed_Resize_L
 .text.Error_Handler
                0x08001088        0x4 CMakeFiles/RobotMatchZET6.elf.dir/Core/Src/main.c.obj
                0x08001088                Error_Handler
 .text.SystemClock_Config
                0x0800108c       0x64 CMakeFiles/RobotMatchZET6.elf.dir/Core/Src/main.c.obj
                0x0800108c                SystemClock_Config
 .text.main     0x080010f0      0x3bc CMakeFiles/RobotMatchZET6.elf.dir/Core/Src/main.c.obj
                0x080010f0                main
 .text.Car_Backward
                0x080014ac       0x68 CMakeFiles/RobotMatchZET6.elf.dir/Core/Src/motorcontrol.c.obj
                0x080014ac                Car_Backward
 .text.Car_Forward
                0x08001514       0x68 CMakeFiles/RobotMatchZET6.elf.dir/Core/Src/motorcontrol.c.obj
                0x08001514                Car_Forward
 .text.Car_Rightward
                0x0800157c       0x6c CMakeFiles/RobotMatchZET6.elf.dir/Core/Src/motorcontrol.c.obj
                0x0800157c                Car_Rightward
 .text.Car_Leftward
                0x080015e8       0x6c CMakeFiles/RobotMatchZET6.elf.dir/Core/Src/motorcontrol.c.obj
                0x080015e8                Car_Leftward
 .text.Car_Counter_Clockwise
                0x08001654       0x6c CMakeFiles/RobotMatchZET6.elf.dir/Core/Src/motorcontrol.c.obj
                0x08001654                Car_Counter_Clockwise
 .text.Car_Clockwise
                0x080016c0       0x6c CMakeFiles/RobotMatchZET6.elf.dir/Core/Src/motorcontrol.c.obj
                0x080016c0                Car_Clockwise
 .text.Car_Seize
                0x0800172c       0x68 CMakeFiles/RobotMatchZET6.elf.dir/Core/Src/motorcontrol.c.obj
                0x0800172c                Car_Seize
 .text.Roller_Forward
                0x08001794       0x24 CMakeFiles/RobotMatchZET6.elf.dir/Core/Src/motorcontrol.c.obj
                0x08001794                Roller_Forward
 .text.Roller_Seize
                0x080017b8       0x24 CMakeFiles/RobotMatchZET6.elf.dir/Core/Src/motorcontrol.c.obj
                0x080017b8                Roller_Seize
 .text.Rack_Forward
                0x080017dc       0x24 CMakeFiles/RobotMatchZET6.elf.dir/Core/Src/motorcontrol.c.obj
                0x080017dc                Rack_Forward
 .text.Trans_Seize
                0x08001800       0x24 CMakeFiles/RobotMatchZET6.elf.dir/Core/Src/motorcontrol.c.obj
                0x08001800                Trans_Seize
 .text.Trans_Run
                0x08001824       0x24 CMakeFiles/RobotMatchZET6.elf.dir/Core/Src/motorcontrol.c.obj
                0x08001824                Trans_Run
 .text.Rack_Backward
                0x08001848       0x24 CMakeFiles/RobotMatchZET6.elf.dir/Core/Src/motorcontrol.c.obj
                0x08001848                Rack_Backward
 .text.Rack_Seize
                0x0800186c       0x24 CMakeFiles/RobotMatchZET6.elf.dir/Core/Src/motorcontrol.c.obj
                0x0800186c                Rack_Seize
 .text.Motor_Init
                0x08001890       0xb4 CMakeFiles/RobotMatchZET6.elf.dir/Core/Src/motorcontrol.c.obj
                0x08001890                Motor_Init
 .text.NRF_Init
                0x08001944       0x30 CMakeFiles/RobotMatchZET6.elf.dir/Core/Src/nrf24l01.c.obj
                0x08001944                NRF_Init
 .text.NRF_SPI_Send_Byte
                0x08001974       0x2c CMakeFiles/RobotMatchZET6.elf.dir/Core/Src/nrf24l01.c.obj
                0x08001974                NRF_SPI_Send_Byte
 .text.NRF_Write_Reg
                0x080019a0       0x34 CMakeFiles/RobotMatchZET6.elf.dir/Core/Src/nrf24l01.c.obj
                0x080019a0                NRF_Write_Reg
 .text.NRF_Read_Reg
                0x080019d4       0x30 CMakeFiles/RobotMatchZET6.elf.dir/Core/Src/nrf24l01.c.obj
                0x080019d4                NRF_Read_Reg
 .text.NRF_Write_Buf
                0x08001a04       0x40 CMakeFiles/RobotMatchZET6.elf.dir/Core/Src/nrf24l01.c.obj
                0x08001a04                NRF_Write_Buf
 .text.NRF_Read_Buf
                0x08001a44       0x40 CMakeFiles/RobotMatchZET6.elf.dir/Core/Src/nrf24l01.c.obj
                0x08001a44                NRF_Read_Buf
 .text.NRF_Check
                0x08001a84       0x54 CMakeFiles/RobotMatchZET6.elf.dir/Core/Src/nrf24l01.c.obj
                0x08001a84                NRF_Check
 .text.NRF_RX_Mode
                0x08001ad8       0x5c CMakeFiles/RobotMatchZET6.elf.dir/Core/Src/nrf24l01.c.obj
                0x08001ad8                NRF_RX_Mode
 .text.NRF_RX_Packet
                0x08001b34       0x34 CMakeFiles/RobotMatchZET6.elf.dir/Core/Src/nrf24l01.c.obj
                0x08001b34                NRF_RX_Packet
 .text.Roller_Up
                0x08001b68        0xc CMakeFiles/RobotMatchZET6.elf.dir/Core/Src/servocontrol.c.obj
                0x08001b68                Roller_Up
 .text.Roller_Down
                0x08001b74        0xc CMakeFiles/RobotMatchZET6.elf.dir/Core/Src/servocontrol.c.obj
                0x08001b74                Roller_Down
 .text.Sustainer_Up
                0x08001b80        0xc CMakeFiles/RobotMatchZET6.elf.dir/Core/Src/servocontrol.c.obj
                0x08001b80                Sustainer_Up
 .text.Sustainer_Down
                0x08001b8c        0xc CMakeFiles/RobotMatchZET6.elf.dir/Core/Src/servocontrol.c.obj
                0x08001b8c                Sustainer_Down
 .text.MX_SPI1_Init
                0x08001b98       0x44 CMakeFiles/RobotMatchZET6.elf.dir/Core/Src/spi.c.obj
                0x08001b98                MX_SPI1_Init
 .text.HAL_SPI_MspInit
                0x08001bdc       0x74 CMakeFiles/RobotMatchZET6.elf.dir/Core/Src/spi.c.obj
                0x08001bdc                HAL_SPI_MspInit
 .text.HAL_MspInit
                0x08001c50       0x3c CMakeFiles/RobotMatchZET6.elf.dir/Core/Src/stm32f1xx_hal_msp.c.obj
                0x08001c50                HAL_MspInit
 .text.NMI_Handler
                0x08001c8c        0x2 CMakeFiles/RobotMatchZET6.elf.dir/Core/Src/stm32f1xx_it.c.obj
                0x08001c8c                NMI_Handler
 .text.HardFault_Handler
                0x08001c8e        0x2 CMakeFiles/RobotMatchZET6.elf.dir/Core/Src/stm32f1xx_it.c.obj
                0x08001c8e                HardFault_Handler
 .text.MemManage_Handler
                0x08001c90        0x2 CMakeFiles/RobotMatchZET6.elf.dir/Core/Src/stm32f1xx_it.c.obj
                0x08001c90                MemManage_Handler
 .text.BusFault_Handler
                0x08001c92        0x2 CMakeFiles/RobotMatchZET6.elf.dir/Core/Src/stm32f1xx_it.c.obj
                0x08001c92                BusFault_Handler
 .text.UsageFault_Handler
                0x08001c94        0x2 CMakeFiles/RobotMatchZET6.elf.dir/Core/Src/stm32f1xx_it.c.obj
                0x08001c94                UsageFault_Handler
 .text.SVC_Handler
                0x08001c96        0x2 CMakeFiles/RobotMatchZET6.elf.dir/Core/Src/stm32f1xx_it.c.obj
                0x08001c96                SVC_Handler
 .text.DebugMon_Handler
                0x08001c98        0x2 CMakeFiles/RobotMatchZET6.elf.dir/Core/Src/stm32f1xx_it.c.obj
                0x08001c98                DebugMon_Handler
 .text.PendSV_Handler
                0x08001c9a        0x2 CMakeFiles/RobotMatchZET6.elf.dir/Core/Src/stm32f1xx_it.c.obj
                0x08001c9a                PendSV_Handler
 .text.SysTick_Handler
                0x08001c9c        0x8 CMakeFiles/RobotMatchZET6.elf.dir/Core/Src/stm32f1xx_it.c.obj
                0x08001c9c                SysTick_Handler
 .text.EXTI4_IRQHandler
                0x08001ca4        0xa CMakeFiles/RobotMatchZET6.elf.dir/Core/Src/stm32f1xx_it.c.obj
                0x08001ca4                EXTI4_IRQHandler
 *fill*         0x08001cae        0x2 
 .text.USART1_IRQHandler
                0x08001cb0       0x10 CMakeFiles/RobotMatchZET6.elf.dir/Core/Src/stm32f1xx_it.c.obj
                0x08001cb0                USART1_IRQHandler
 .text.TIM6_IRQHandler
                0x08001cc0       0x10 CMakeFiles/RobotMatchZET6.elf.dir/Core/Src/stm32f1xx_it.c.obj
                0x08001cc0                TIM6_IRQHandler
 .text.SystemInit
                0x08001cd0        0x2 CMakeFiles/RobotMatchZET6.elf.dir/Core/Src/system_stm32f1xx.c.obj
                0x08001cd0                SystemInit
 *fill*         0x08001cd2        0x2 
 .text.MX_TIM1_Init
                0x08001cd4       0x68 CMakeFiles/RobotMatchZET6.elf.dir/Core/Src/tim.c.obj
                0x08001cd4                MX_TIM1_Init
 .text.MX_TIM2_Init
                0x08001d3c       0x64 CMakeFiles/RobotMatchZET6.elf.dir/Core/Src/tim.c.obj
                0x08001d3c                MX_TIM2_Init
 .text.MX_TIM3_Init
                0x08001da0       0x64 CMakeFiles/RobotMatchZET6.elf.dir/Core/Src/tim.c.obj
                0x08001da0                MX_TIM3_Init
 .text.MX_TIM4_Init
                0x08001e04       0x64 CMakeFiles/RobotMatchZET6.elf.dir/Core/Src/tim.c.obj
                0x08001e04                MX_TIM4_Init
 .text.MX_TIM5_Init
                0x08001e68       0x64 CMakeFiles/RobotMatchZET6.elf.dir/Core/Src/tim.c.obj
                0x08001e68                MX_TIM5_Init
 .text.MX_TIM6_Init
                0x08001ecc       0x50 CMakeFiles/RobotMatchZET6.elf.dir/Core/Src/tim.c.obj
                0x08001ecc                MX_TIM6_Init
 .text.HAL_TIM_Encoder_MspInit
                0x08001f1c      0x1d4 CMakeFiles/RobotMatchZET6.elf.dir/Core/Src/tim.c.obj
                0x08001f1c                HAL_TIM_Encoder_MspInit
 .text.HAL_TIM_Base_MspInit
                0x080020f0       0x40 CMakeFiles/RobotMatchZET6.elf.dir/Core/Src/tim.c.obj
                0x080020f0                HAL_TIM_Base_MspInit
 .text.MX_USART1_UART_Init
                0x08002130       0x34 CMakeFiles/RobotMatchZET6.elf.dir/Core/Src/usart.c.obj
                0x08002130                MX_USART1_UART_Init
 .text.MX_USART2_UART_Init
                0x08002164       0x34 CMakeFiles/RobotMatchZET6.elf.dir/Core/Src/usart.c.obj
                0x08002164                MX_USART2_UART_Init
 .text.HAL_UART_MspInit
                0x08002198       0xf8 CMakeFiles/RobotMatchZET6.elf.dir/Core/Src/usart.c.obj
                0x08002198                HAL_UART_MspInit
 .text.Reset_Handler
                0x08002290       0x48 CMakeFiles/RobotMatchZET6.elf.dir/Core/Startup/startup_stm32f103zetx.s.obj
                0x08002290                Reset_Handler
 .text.Default_Handler
                0x080022d8        0x2 CMakeFiles/RobotMatchZET6.elf.dir/Core/Startup/startup_stm32f103zetx.s.obj
                0x080022d8                RTC_Alarm_IRQHandler
                0x080022d8                EXTI2_IRQHandler
                0x080022d8                TIM8_TRG_COM_IRQHandler
                0x080022d8                TIM8_CC_IRQHandler
                0x080022d8                TIM1_CC_IRQHandler
                0x080022d8                PVD_IRQHandler
                0x080022d8                SDIO_IRQHandler
                0x080022d8                EXTI3_IRQHandler
                0x080022d8                EXTI0_IRQHandler
                0x080022d8                I2C2_EV_IRQHandler
                0x080022d8                ADC1_2_IRQHandler
                0x080022d8                SPI1_IRQHandler
                0x080022d8                TAMPER_IRQHandler
                0x080022d8                TIM8_UP_IRQHandler
                0x080022d8                DMA2_Channel2_IRQHandler
                0x080022d8                DMA1_Channel4_IRQHandler
                0x080022d8                USART3_IRQHandler
                0x080022d8                RTC_IRQHandler
                0x080022d8                DMA1_Channel7_IRQHandler
                0x080022d8                CAN1_RX1_IRQHandler
                0x080022d8                UART5_IRQHandler
                0x080022d8                ADC3_IRQHandler
                0x080022d8                TIM4_IRQHandler
                0x080022d8                DMA2_Channel1_IRQHandler
                0x080022d8                I2C1_EV_IRQHandler
                0x080022d8                DMA1_Channel6_IRQHandler
                0x080022d8                UART4_IRQHandler
                0x080022d8                TIM3_IRQHandler
                0x080022d8                RCC_IRQHandler
                0x080022d8                TIM1_TRG_COM_IRQHandler
                0x080022d8                DMA1_Channel1_IRQHandler
                0x080022d8                Default_Handler
                0x080022d8                EXTI15_10_IRQHandler
                0x080022d8                TIM7_IRQHandler
                0x080022d8                TIM5_IRQHandler
                0x080022d8                EXTI9_5_IRQHandler
                0x080022d8                SPI2_IRQHandler
                0x080022d8                DMA1_Channel5_IRQHandler
                0x080022d8                USB_LP_CAN1_RX0_IRQHandler
                0x080022d8                USB_HP_CAN1_TX_IRQHandler
                0x080022d8                DMA1_Channel3_IRQHandler
                0x080022d8                FSMC_IRQHandler
                0x080022d8                TIM1_UP_IRQHandler
                0x080022d8                WWDG_IRQHandler
                0x080022d8                TIM2_IRQHandler
                0x080022d8                TIM1_BRK_IRQHandler
                0x080022d8                EXTI1_IRQHandler
                0x080022d8                DMA2_Channel4_5_IRQHandler
                0x080022d8                USART2_IRQHandler
                0x080022d8                I2C2_ER_IRQHandler
                0x080022d8                DMA1_Channel2_IRQHandler
                0x080022d8                TIM8_BRK_IRQHandler
                0x080022d8                CAN1_SCE_IRQHandler
                0x080022d8                FLASH_IRQHandler
                0x080022d8                SPI3_IRQHandler
                0x080022d8                I2C1_ER_IRQHandler
                0x080022d8                USBWakeUp_IRQHandler
                0x080022d8                DMA2_Channel3_IRQHandler
 *fill*         0x080022da        0x2 
 .text.HAL_InitTick
                0x080022dc       0x4c CMakeFiles/RobotMatchZET6.elf.dir/Drivers/STM32F1xx_HAL_Driver/Src/stm32f1xx_hal.c.obj
                0x080022dc                HAL_InitTick
 .text.HAL_Init
                0x08002328       0x24 CMakeFiles/RobotMatchZET6.elf.dir/Drivers/STM32F1xx_HAL_Driver/Src/stm32f1xx_hal.c.obj
                0x08002328                HAL_Init
 .text.HAL_IncTick
                0x0800234c       0x18 CMakeFiles/RobotMatchZET6.elf.dir/Drivers/STM32F1xx_HAL_Driver/Src/stm32f1xx_hal.c.obj
                0x0800234c                HAL_IncTick
 .text.HAL_GetTick
                0x08002364        0xc CMakeFiles/RobotMatchZET6.elf.dir/Drivers/STM32F1xx_HAL_Driver/Src/stm32f1xx_hal.c.obj
                0x08002364                HAL_GetTick
 .text.HAL_Delay
                0x08002370       0x28 CMakeFiles/RobotMatchZET6.elf.dir/Drivers/STM32F1xx_HAL_Driver/Src/stm32f1xx_hal.c.obj
                0x08002370                HAL_Delay
 .text.HAL_NVIC_SetPriorityGrouping
                0x08002398       0x24 CMakeFiles/RobotMatchZET6.elf.dir/Drivers/STM32F1xx_HAL_Driver/Src/stm32f1xx_hal_cortex.c.obj
                0x08002398                HAL_NVIC_SetPriorityGrouping
 .text.HAL_NVIC_SetPriority
                0x080023bc       0x70 CMakeFiles/RobotMatchZET6.elf.dir/Drivers/STM32F1xx_HAL_Driver/Src/stm32f1xx_hal_cortex.c.obj
                0x080023bc                HAL_NVIC_SetPriority
 .text.HAL_NVIC_EnableIRQ
                0x0800242c       0x1c CMakeFiles/RobotMatchZET6.elf.dir/Drivers/STM32F1xx_HAL_Driver/Src/stm32f1xx_hal_cortex.c.obj
                0x0800242c                HAL_NVIC_EnableIRQ
 .text.HAL_SYSTICK_Config
                0x08002448       0x28 CMakeFiles/RobotMatchZET6.elf.dir/Drivers/STM32F1xx_HAL_Driver/Src/stm32f1xx_hal_cortex.c.obj
                0x08002448                HAL_SYSTICK_Config
 .text.HAL_DMA_Abort
                0x08002470       0x46 CMakeFiles/RobotMatchZET6.elf.dir/Drivers/STM32F1xx_HAL_Driver/Src/stm32f1xx_hal_dma.c.obj
                0x08002470                HAL_DMA_Abort
 *fill*         0x080024b6        0x2 
 .text.HAL_DMA_Abort_IT
                0x080024b8      0x16c CMakeFiles/RobotMatchZET6.elf.dir/Drivers/STM32F1xx_HAL_Driver/Src/stm32f1xx_hal_dma.c.obj
                0x080024b8                HAL_DMA_Abort_IT
 .text.HAL_GPIO_Init
                0x08002624      0x240 CMakeFiles/RobotMatchZET6.elf.dir/Drivers/STM32F1xx_HAL_Driver/Src/stm32f1xx_hal_gpio.c.obj
                0x08002624                HAL_GPIO_Init
 .text.HAL_GPIO_WritePin
                0x08002864        0xc CMakeFiles/RobotMatchZET6.elf.dir/Drivers/STM32F1xx_HAL_Driver/Src/stm32f1xx_hal_gpio.c.obj
                0x08002864                HAL_GPIO_WritePin
 .text.HAL_GPIO_EXTI_IRQHandler
                0x08002870       0x1c CMakeFiles/RobotMatchZET6.elf.dir/Drivers/STM32F1xx_HAL_Driver/Src/stm32f1xx_hal_gpio.c.obj
                0x08002870                HAL_GPIO_EXTI_IRQHandler
 .text.RCC_Delay
                0x0800288c       0x2c CMakeFiles/RobotMatchZET6.elf.dir/Drivers/STM32F1xx_HAL_Driver/Src/stm32f1xx_hal_rcc.c.obj
 .text.HAL_RCC_OscConfig
                0x080028b8      0x410 CMakeFiles/RobotMatchZET6.elf.dir/Drivers/STM32F1xx_HAL_Driver/Src/stm32f1xx_hal_rcc.c.obj
                0x080028b8                HAL_RCC_OscConfig
 .text.HAL_RCC_GetSysClockFreq
                0x08002cc8       0x54 CMakeFiles/RobotMatchZET6.elf.dir/Drivers/STM32F1xx_HAL_Driver/Src/stm32f1xx_hal_rcc.c.obj
                0x08002cc8                HAL_RCC_GetSysClockFreq
 .text.HAL_RCC_ClockConfig
                0x08002d1c      0x16c CMakeFiles/RobotMatchZET6.elf.dir/Drivers/STM32F1xx_HAL_Driver/Src/stm32f1xx_hal_rcc.c.obj
                0x08002d1c                HAL_RCC_ClockConfig
 .text.HAL_RCC_GetHCLKFreq
                0x08002e88        0xc CMakeFiles/RobotMatchZET6.elf.dir/Drivers/STM32F1xx_HAL_Driver/Src/stm32f1xx_hal_rcc.c.obj
                0x08002e88                HAL_RCC_GetHCLKFreq
 .text.HAL_RCC_GetPCLK1Freq
                0x08002e94       0x20 CMakeFiles/RobotMatchZET6.elf.dir/Drivers/STM32F1xx_HAL_Driver/Src/stm32f1xx_hal_rcc.c.obj
                0x08002e94                HAL_RCC_GetPCLK1Freq
 .text.HAL_RCC_GetPCLK2Freq
                0x08002eb4       0x20 CMakeFiles/RobotMatchZET6.elf.dir/Drivers/STM32F1xx_HAL_Driver/Src/stm32f1xx_hal_rcc.c.obj
                0x08002eb4                HAL_RCC_GetPCLK2Freq
 .text.SPI_WaitFlagStateUntilTimeout
                0x08002ed4       0xd4 CMakeFiles/RobotMatchZET6.elf.dir/Drivers/STM32F1xx_HAL_Driver/Src/stm32f1xx_hal_spi.c.obj
 .text.SPI_EndRxTxTransaction
                0x08002fa8       0x24 CMakeFiles/RobotMatchZET6.elf.dir/Drivers/STM32F1xx_HAL_Driver/Src/stm32f1xx_hal_spi.c.obj
 .text.SPI_EndRxTransaction
                0x08002fcc       0x74 CMakeFiles/RobotMatchZET6.elf.dir/Drivers/STM32F1xx_HAL_Driver/Src/stm32f1xx_hal_spi.c.obj
 .text.HAL_SPI_Init
                0x08003040       0xb6 CMakeFiles/RobotMatchZET6.elf.dir/Drivers/STM32F1xx_HAL_Driver/Src/stm32f1xx_hal_spi.c.obj
                0x08003040                HAL_SPI_Init
 .text.HAL_SPI_Transmit
                0x080030f6      0x1b8 CMakeFiles/RobotMatchZET6.elf.dir/Drivers/STM32F1xx_HAL_Driver/Src/stm32f1xx_hal_spi.c.obj
                0x080030f6                HAL_SPI_Transmit
 .text.HAL_SPI_TransmitReceive
                0x080032ae      0x244 CMakeFiles/RobotMatchZET6.elf.dir/Drivers/STM32F1xx_HAL_Driver/Src/stm32f1xx_hal_spi.c.obj
                0x080032ae                HAL_SPI_TransmitReceive
 .text.HAL_SPI_Receive
                0x080034f2      0x17e CMakeFiles/RobotMatchZET6.elf.dir/Drivers/STM32F1xx_HAL_Driver/Src/stm32f1xx_hal_spi.c.obj
                0x080034f2                HAL_SPI_Receive
 .text.HAL_TIM_Base_Start_IT
                0x08003670       0x78 CMakeFiles/RobotMatchZET6.elf.dir/Drivers/STM32F1xx_HAL_Driver/Src/stm32f1xx_hal_tim.c.obj
                0x08003670                HAL_TIM_Base_Start_IT
 .text.HAL_TIM_OC_DelayElapsedCallback
                0x080036e8        0x2 CMakeFiles/RobotMatchZET6.elf.dir/Drivers/STM32F1xx_HAL_Driver/Src/stm32f1xx_hal_tim.c.obj
                0x080036e8                HAL_TIM_OC_DelayElapsedCallback
 .text.HAL_TIM_IC_CaptureCallback
                0x080036ea        0x2 CMakeFiles/RobotMatchZET6.elf.dir/Drivers/STM32F1xx_HAL_Driver/Src/stm32f1xx_hal_tim.c.obj
                0x080036ea                HAL_TIM_IC_CaptureCallback
 .text.HAL_TIM_PWM_PulseFinishedCallback
                0x080036ec        0x2 CMakeFiles/RobotMatchZET6.elf.dir/Drivers/STM32F1xx_HAL_Driver/Src/stm32f1xx_hal_tim.c.obj
                0x080036ec                HAL_TIM_PWM_PulseFinishedCallback
 .text.HAL_TIM_TriggerCallback
                0x080036ee        0x2 CMakeFiles/RobotMatchZET6.elf.dir/Drivers/STM32F1xx_HAL_Driver/Src/stm32f1xx_hal_tim.c.obj
                0x080036ee                HAL_TIM_TriggerCallback
 .text.HAL_TIM_IRQHandler
                0x080036f0      0x17a CMakeFiles/RobotMatchZET6.elf.dir/Drivers/STM32F1xx_HAL_Driver/Src/stm32f1xx_hal_tim.c.obj
                0x080036f0                HAL_TIM_IRQHandler
 *fill*         0x0800386a        0x2 
 .text.TIM_Base_SetConfig
                0x0800386c       0x98 CMakeFiles/RobotMatchZET6.elf.dir/Drivers/STM32F1xx_HAL_Driver/Src/stm32f1xx_hal_tim.c.obj
                0x0800386c                TIM_Base_SetConfig
 .text.HAL_TIM_Base_Init
                0x08003904       0x58 CMakeFiles/RobotMatchZET6.elf.dir/Drivers/STM32F1xx_HAL_Driver/Src/stm32f1xx_hal_tim.c.obj
                0x08003904                HAL_TIM_Base_Init
 .text.HAL_TIM_Encoder_Init
                0x0800395c       0xb8 CMakeFiles/RobotMatchZET6.elf.dir/Drivers/STM32F1xx_HAL_Driver/Src/stm32f1xx_hal_tim.c.obj
                0x0800395c                HAL_TIM_Encoder_Init
 .text.TIM_CCxChannelCmd
                0x08003a14       0x1e CMakeFiles/RobotMatchZET6.elf.dir/Drivers/STM32F1xx_HAL_Driver/Src/stm32f1xx_hal_tim.c.obj
                0x08003a14                TIM_CCxChannelCmd
 .text.HAL_TIM_Encoder_Start
                0x08003a32       0xcc CMakeFiles/RobotMatchZET6.elf.dir/Drivers/STM32F1xx_HAL_Driver/Src/stm32f1xx_hal_tim.c.obj
                0x08003a32                HAL_TIM_Encoder_Start
 *fill*         0x08003afe        0x2 
 .text.HAL_TIMEx_MasterConfigSynchronization
                0x08003b00       0x7c CMakeFiles/RobotMatchZET6.elf.dir/Drivers/STM32F1xx_HAL_Driver/Src/stm32f1xx_hal_tim_ex.c.obj
                0x08003b00                HAL_TIMEx_MasterConfigSynchronization
 .text.HAL_TIMEx_CommutCallback
                0x08003b7c        0x2 CMakeFiles/RobotMatchZET6.elf.dir/Drivers/STM32F1xx_HAL_Driver/Src/stm32f1xx_hal_tim_ex.c.obj
                0x08003b7c                HAL_TIMEx_CommutCallback
 .text.HAL_TIMEx_BreakCallback
                0x08003b7e        0x2 CMakeFiles/RobotMatchZET6.elf.dir/Drivers/STM32F1xx_HAL_Driver/Src/stm32f1xx_hal_tim_ex.c.obj
                0x08003b7e                HAL_TIMEx_BreakCallback
 .text.UART_EndRxTransfer
                0x08003b80       0x5c CMakeFiles/RobotMatchZET6.elf.dir/Drivers/STM32F1xx_HAL_Driver/Src/stm32f1xx_hal_uart.c.obj
 .text.UART_Transmit_IT
                0x08003bdc       0x60 CMakeFiles/RobotMatchZET6.elf.dir/Drivers/STM32F1xx_HAL_Driver/Src/stm32f1xx_hal_uart.c.obj
 .text.UART_SetConfig
                0x08003c3c       0x94 CMakeFiles/RobotMatchZET6.elf.dir/Drivers/STM32F1xx_HAL_Driver/Src/stm32f1xx_hal_uart.c.obj
 .text.UART_WaitOnFlagUntilTimeout
                0x08003cd0       0x88 CMakeFiles/RobotMatchZET6.elf.dir/Drivers/STM32F1xx_HAL_Driver/Src/stm32f1xx_hal_uart.c.obj
 .text.HAL_UART_Init
                0x08003d58       0x60 CMakeFiles/RobotMatchZET6.elf.dir/Drivers/STM32F1xx_HAL_Driver/Src/stm32f1xx_hal_uart.c.obj
                0x08003d58                HAL_UART_Init
 .text.HAL_UART_Transmit
                0x08003db8       0xbe CMakeFiles/RobotMatchZET6.elf.dir/Drivers/STM32F1xx_HAL_Driver/Src/stm32f1xx_hal_uart.c.obj
                0x08003db8                HAL_UART_Transmit
 .text.HAL_UART_TxCpltCallback
                0x08003e76        0x2 CMakeFiles/RobotMatchZET6.elf.dir/Drivers/STM32F1xx_HAL_Driver/Src/stm32f1xx_hal_uart.c.obj
                0x08003e76                HAL_UART_TxCpltCallback
 .text.UART_EndTransmit_IT
                0x08003e78       0x1a CMakeFiles/RobotMatchZET6.elf.dir/Drivers/STM32F1xx_HAL_Driver/Src/stm32f1xx_hal_uart.c.obj
 .text.HAL_UART_ErrorCallback
                0x08003e92        0x2 CMakeFiles/RobotMatchZET6.elf.dir/Drivers/STM32F1xx_HAL_Driver/Src/stm32f1xx_hal_uart.c.obj
                0x08003e92                HAL_UART_ErrorCallback
 .text.UART_DMAAbortOnError
                0x08003e94       0x10 CMakeFiles/RobotMatchZET6.elf.dir/Drivers/STM32F1xx_HAL_Driver/Src/stm32f1xx_hal_uart.c.obj
 .text.HAL_UARTEx_RxEventCallback
                0x08003ea4        0x2 CMakeFiles/RobotMatchZET6.elf.dir/Drivers/STM32F1xx_HAL_Driver/Src/stm32f1xx_hal_uart.c.obj
                0x08003ea4                HAL_UARTEx_RxEventCallback
 .text.UART_Receive_IT
                0x08003ea6       0xe6 CMakeFiles/RobotMatchZET6.elf.dir/Drivers/STM32F1xx_HAL_Driver/Src/stm32f1xx_hal_uart.c.obj
 .text.HAL_UART_IRQHandler
                0x08003f8c      0x288 CMakeFiles/RobotMatchZET6.elf.dir/Drivers/STM32F1xx_HAL_Driver/Src/stm32f1xx_hal_uart.c.obj
                0x08003f8c                HAL_UART_IRQHandler
 .text.UART_Start_Receive_IT
                0x08004214       0x36 CMakeFiles/RobotMatchZET6.elf.dir/Drivers/STM32F1xx_HAL_Driver/Src/stm32f1xx_hal_uart.c.obj
                0x08004214                UART_Start_Receive_IT
 .text.HAL_UART_Receive_IT
                0x0800424a       0x26 CMakeFiles/RobotMatchZET6.elf.dir/Drivers/STM32F1xx_HAL_Driver/Src/stm32f1xx_hal_uart.c.obj
                0x0800424a                HAL_UART_Receive_IT
 .text.__libc_init_array
                0x08004270       0x48 d:/stm32platform/gcc-arm-none-eabi-10.3-2021.10/bin/../lib/gcc/arm-none-eabi/10.3.1/../../../../arm-none-eabi/lib/thumb/v7-m/nofp\libg.a(lib_a-init.o)
                0x08004270                __libc_init_array
 .text.memset   0x080042b8       0xa4 d:/stm32platform/gcc-arm-none-eabi-10.3-2021.10/bin/../lib/gcc/arm-none-eabi/10.3.1/../../../../arm-none-eabi/lib/thumb/v7-m/nofp\libg.a(lib_a-memset.o)
                0x080042b8                memset
 .text.startup.register_fini
                0x0800435c       0x14 d:/stm32platform/gcc-arm-none-eabi-10.3-2021.10/bin/../lib/gcc/arm-none-eabi/10.3.1/../../../../arm-none-eabi/lib/thumb/v7-m/nofp\libg.a(lib_a-__call_atexit.o)
 .text.atexit   0x08004370        0xc d:/stm32platform/gcc-arm-none-eabi-10.3-2021.10/bin/../lib/gcc/arm-none-eabi/10.3.1/../../../../arm-none-eabi/lib/thumb/v7-m/nofp\libg.a(lib_a-atexit.o)
                0x08004370                atexit
 .text.__libc_fini_array
                0x0800437c       0x2c d:/stm32platform/gcc-arm-none-eabi-10.3-2021.10/bin/../lib/gcc/arm-none-eabi/10.3.1/../../../../arm-none-eabi/lib/thumb/v7-m/nofp\libg.a(lib_a-fini.o)
                0x0800437c                __libc_fini_array
 .text.__retarget_lock_acquire_recursive
                0x080043a8        0x4 d:/stm32platform/gcc-arm-none-eabi-10.3-2021.10/bin/../lib/gcc/arm-none-eabi/10.3.1/../../../../arm-none-eabi/lib/thumb/v7-m/nofp\libg.a(lib_a-lock.o)
                0x080043a8                __retarget_lock_acquire_recursive
 .text.__retarget_lock_release_recursive
                0x080043ac        0x4 d:/stm32platform/gcc-arm-none-eabi-10.3-2021.10/bin/../lib/gcc/arm-none-eabi/10.3.1/../../../../arm-none-eabi/lib/thumb/v7-m/nofp\libg.a(lib_a-lock.o)
                0x080043ac                __retarget_lock_release_recursive
 .text.__register_exitproc
                0x080043b0       0x8c d:/stm32platform/gcc-arm-none-eabi-10.3-2021.10/bin/../lib/gcc/arm-none-eabi/10.3.1/../../../../arm-none-eabi/lib/thumb/v7-m/nofp\libg.a(lib_a-__atexit.o)
                0x080043b0                __register_exitproc
 *(.glue_7)
 .glue_7        0x0800443c        0x0 linker stubs
 *(.glue_7t)
 .glue_7t       0x0800443c        0x0 linker stubs
 *(.eh_frame)
 .eh_frame      0x0800443c        0x0 d:/stm32platform/gcc-arm-none-eabi-10.3-2021.10/bin/../lib/gcc/arm-none-eabi/10.3.1/thumb/v7-m/nofp/crtbegin.o
 *(.init)
 .init          0x0800443c        0x4 d:/stm32platform/gcc-arm-none-eabi-10.3-2021.10/bin/../lib/gcc/arm-none-eabi/10.3.1/thumb/v7-m/nofp/crti.o
                0x0800443c                _init
 .init          0x08004440        0x8 d:/stm32platform/gcc-arm-none-eabi-10.3-2021.10/bin/../lib/gcc/arm-none-eabi/10.3.1/thumb/v7-m/nofp/crtn.o
 *(.fini)
 .fini          0x08004448        0x4 d:/stm32platform/gcc-arm-none-eabi-10.3-2021.10/bin/../lib/gcc/arm-none-eabi/10.3.1/thumb/v7-m/nofp/crti.o
                0x08004448                _fini
 .fini          0x0800444c        0x8 d:/stm32platform/gcc-arm-none-eabi-10.3-2021.10/bin/../lib/gcc/arm-none-eabi/10.3.1/thumb/v7-m/nofp/crtn.o
                0x08004454                . = ALIGN (0x4)
                0x08004454                _etext = .

.vfp11_veneer   0x08004454        0x0
 .vfp11_veneer  0x08004454        0x0 linker stubs

.v4_bx          0x08004454        0x0
 .v4_bx         0x08004454        0x0 linker stubs

.iplt           0x08004454        0x0
 .iplt          0x08004454        0x0 d:/stm32platform/gcc-arm-none-eabi-10.3-2021.10/bin/../lib/gcc/arm-none-eabi/10.3.1/thumb/v7-m/nofp/crtbegin.o

.rodata         0x08004454       0x40
                0x08004454                . = ALIGN (0x4)
 *(.rodata)
 *(.rodata*)
 .rodata.NRF_Check.str1.4
                0x08004454        0x6 CMakeFiles/RobotMatchZET6.elf.dir/Core/Src/nrf24l01.c.obj
 *fill*         0x0800445a        0x2 
 .rodata.INIT_ADDR0
                0x0800445c        0x5 CMakeFiles/RobotMatchZET6.elf.dir/Core/Src/nrf24l01.c.obj
                0x0800445c                INIT_ADDR0
 *fill*         0x08004461        0x3 
 .rodata.AHBPrescTable
                0x08004464       0x10 CMakeFiles/RobotMatchZET6.elf.dir/Core/Src/system_stm32f1xx.c.obj
                0x08004464                AHBPrescTable
 .rodata.APBPrescTable
                0x08004474        0x8 CMakeFiles/RobotMatchZET6.elf.dir/Core/Src/system_stm32f1xx.c.obj
                0x08004474                APBPrescTable
 .rodata.aPLLMULFactorTable.1
                0x0800447c       0x10 CMakeFiles/RobotMatchZET6.elf.dir/Drivers/STM32F1xx_HAL_Driver/Src/stm32f1xx_hal_rcc.c.obj
 .rodata.aPredivFactorTable.0
                0x0800448c        0x2 CMakeFiles/RobotMatchZET6.elf.dir/Drivers/STM32F1xx_HAL_Driver/Src/stm32f1xx_hal_rcc.c.obj
 *fill*         0x0800448e        0x2 
 .rodata._global_impure_ptr
                0x08004490        0x4 d:/stm32platform/gcc-arm-none-eabi-10.3-2021.10/bin/../lib/gcc/arm-none-eabi/10.3.1/../../../../arm-none-eabi/lib/thumb/v7-m/nofp\libg.a(lib_a-impure.o)
                0x08004490                _global_impure_ptr
                0x08004494                . = ALIGN (0x4)

.rel.dyn        0x08004494        0x0
 .rel.iplt      0x08004494        0x0 d:/stm32platform/gcc-arm-none-eabi-10.3-2021.10/bin/../lib/gcc/arm-none-eabi/10.3.1/thumb/v7-m/nofp/crtbegin.o

.ARM.extab      0x08004494        0x0
                0x08004494                . = ALIGN (0x4)
 *(.ARM.extab* .gnu.linkonce.armextab.*)
                0x08004494                . = ALIGN (0x4)

.ARM            0x08004494        0x0
                0x08004494                . = ALIGN (0x4)
                0x08004494                __exidx_start = .
 *(.ARM.exidx*)
                0x08004494                __exidx_end = .
                0x08004494                . = ALIGN (0x4)

.preinit_array  0x08004494        0x0
                0x08004494                . = ALIGN (0x4)
                0x08004494                PROVIDE (__preinit_array_start = .)
 *(.preinit_array*)
                0x08004494                PROVIDE (__preinit_array_end = .)
                0x08004494                . = ALIGN (0x4)

.init_array     0x08004494        0x8
                0x08004494                . = ALIGN (0x4)
                0x08004494                PROVIDE (__init_array_start = .)
 *(SORT_BY_NAME(.init_array.*))
 .init_array.00000
                0x08004494        0x4 d:/stm32platform/gcc-arm-none-eabi-10.3-2021.10/bin/../lib/gcc/arm-none-eabi/10.3.1/../../../../arm-none-eabi/lib/thumb/v7-m/nofp\libg.a(lib_a-__call_atexit.o)
 *(.init_array*)
 .init_array    0x08004498        0x4 d:/stm32platform/gcc-arm-none-eabi-10.3-2021.10/bin/../lib/gcc/arm-none-eabi/10.3.1/thumb/v7-m/nofp/crtbegin.o
                0x0800449c                PROVIDE (__init_array_end = .)
                0x0800449c                . = ALIGN (0x4)

.fini_array     0x0800449c        0x4
                0x0800449c                . = ALIGN (0x4)
                0x0800449c                PROVIDE (__fini_array_start = .)
 *(SORT_BY_NAME(.fini_array.*))
 *(.fini_array*)
 .fini_array    0x0800449c        0x4 d:/stm32platform/gcc-arm-none-eabi-10.3-2021.10/bin/../lib/gcc/arm-none-eabi/10.3.1/thumb/v7-m/nofp/crtbegin.o
                0x080044a0                PROVIDE (__fini_array_end = .)
                0x080044a0                . = ALIGN (0x4)
                0x080044a0                _sidata = LOADADDR (.data)

.data           0x20000000      0x454 load address 0x080044a0
                0x20000000                . = ALIGN (0x4)
                0x20000000                _sdata = .
 *(.data)
 *(.data*)
 .data.Kd       0x20000000        0x8 CMakeFiles/RobotMatchZET6.elf.dir/Core/Src/encode.c.obj
                0x20000000                Kd
 .data.Ki       0x20000008        0x8 CMakeFiles/RobotMatchZET6.elf.dir/Core/Src/encode.c.obj
                0x20000008                Ki
 .data.Kp       0x20000010        0x8 CMakeFiles/RobotMatchZET6.elf.dir/Core/Src/encode.c.obj
                0x20000010                Kp
 .data.Receive_Sign
                0x20000018        0x1 CMakeFiles/RobotMatchZET6.elf.dir/Core/Src/encode.c.obj
                0x20000018                Receive_Sign
 *fill*         0x20000019        0x3 
 .data.SystemCoreClock
                0x2000001c        0x4 CMakeFiles/RobotMatchZET6.elf.dir/Core/Src/system_stm32f1xx.c.obj
                0x2000001c                SystemCoreClock
 .data.uwTickFreq
                0x20000020        0x1 CMakeFiles/RobotMatchZET6.elf.dir/Drivers/STM32F1xx_HAL_Driver/Src/stm32f1xx_hal.c.obj
                0x20000020                uwTickFreq
 *fill*         0x20000021        0x3 
 .data.uwTickPrio
                0x20000024        0x4 CMakeFiles/RobotMatchZET6.elf.dir/Drivers/STM32F1xx_HAL_Driver/Src/stm32f1xx_hal.c.obj
                0x20000024                uwTickPrio
 .data.impure_data
                0x20000028      0x428 d:/stm32platform/gcc-arm-none-eabi-10.3-2021.10/bin/../lib/gcc/arm-none-eabi/10.3.1/../../../../arm-none-eabi/lib/thumb/v7-m/nofp\libg.a(lib_a-impure.o)
 .data.__atexit_recursive_mutex
                0x20000450        0x4 d:/stm32platform/gcc-arm-none-eabi-10.3-2021.10/bin/../lib/gcc/arm-none-eabi/10.3.1/../../../../arm-none-eabi/lib/thumb/v7-m/nofp\libg.a(lib_a-__call_atexit.o)
                0x20000450                __atexit_recursive_mutex
 *(.RamFunc)
 *(.RamFunc*)
                0x20000454                . = ALIGN (0x4)
                0x20000454                _edata = .

.igot.plt       0x20000454        0x0 load address 0x080048f4
 .igot.plt      0x20000454        0x0 d:/stm32platform/gcc-arm-none-eabi-10.3-2021.10/bin/../lib/gcc/arm-none-eabi/10.3.1/thumb/v7-m/nofp/crtbegin.o
                0x20000454                . = ALIGN (0x4)

.bss            0x20000458      0x3ec load address 0x080048f4
                0x20000458                _sbss = .
                0x20000458                __bss_start__ = _sbss
 *(.bss)
 .bss           0x20000458       0x1c d:/stm32platform/gcc-arm-none-eabi-10.3-2021.10/bin/../lib/gcc/arm-none-eabi/10.3.1/thumb/v7-m/nofp/crtbegin.o
 *(.bss*)
 *fill*         0x20000474        0x4 
 .bss.MotorBL   0x20000478       0x30 CMakeFiles/RobotMatchZET6.elf.dir/Core/Src/encode.c.obj
                0x20000478                MotorBL
 .bss.MotorBR   0x200004a8       0x30 CMakeFiles/RobotMatchZET6.elf.dir/Core/Src/encode.c.obj
                0x200004a8                MotorBR
 .bss.MotorFL   0x200004d8       0x30 CMakeFiles/RobotMatchZET6.elf.dir/Core/Src/encode.c.obj
                0x200004d8                MotorFL
 .bss.MotorFR   0x20000508       0x30 CMakeFiles/RobotMatchZET6.elf.dir/Core/Src/encode.c.obj
                0x20000508                MotorFR
 .bss.Rack      0x20000538       0x40 CMakeFiles/RobotMatchZET6.elf.dir/Core/Src/encode.c.obj
                0x20000538                Rack
 .bss.Detect_Mode_State
                0x20000578        0x1 CMakeFiles/RobotMatchZET6.elf.dir/Core/Src/main.c.obj
                0x20000578                Detect_Mode_State
 .bss.Menu_State
                0x20000579        0x1 CMakeFiles/RobotMatchZET6.elf.dir/Core/Src/main.c.obj
                0x20000579                Menu_State
 *fill*         0x2000057a        0x2 
 .bss.NRF_Rxbuf
                0x2000057c       0x20 CMakeFiles/RobotMatchZET6.elf.dir/Core/Src/main.c.obj
                0x2000057c                NRF_Rxbuf
 .bss.PIDCalculate_State
                0x2000059c        0x1 CMakeFiles/RobotMatchZET6.elf.dir/Core/Src/main.c.obj
                0x2000059c                PIDCalculate_State
 .bss.Platform_Mode_State
                0x2000059d        0x1 CMakeFiles/RobotMatchZET6.elf.dir/Core/Src/main.c.obj
                0x2000059d                Platform_Mode_State
 .bss.Shovel_Manual_State
                0x2000059e        0x1 CMakeFiles/RobotMatchZET6.elf.dir/Core/Src/main.c.obj
                0x2000059e                Shovel_Manual_State
 .bss.Slave_Send_State
                0x2000059f        0x1 CMakeFiles/RobotMatchZET6.elf.dir/Core/Src/main.c.obj
                0x2000059f                Slave_Send_State
 .bss.UART_Rxbuf
                0x200005a0        0x1 CMakeFiles/RobotMatchZET6.elf.dir/Core/Src/main.c.obj
                0x200005a0                UART_Rxbuf
 *fill*         0x200005a1        0x3 
 .bss.hspi1     0x200005a4       0x58 CMakeFiles/RobotMatchZET6.elf.dir/Core/Src/spi.c.obj
                0x200005a4                hspi1
 .bss.htim1     0x200005fc       0x48 CMakeFiles/RobotMatchZET6.elf.dir/Core/Src/tim.c.obj
                0x200005fc                htim1
 .bss.htim2     0x20000644       0x48 CMakeFiles/RobotMatchZET6.elf.dir/Core/Src/tim.c.obj
                0x20000644                htim2
 .bss.htim3     0x2000068c       0x48 CMakeFiles/RobotMatchZET6.elf.dir/Core/Src/tim.c.obj
                0x2000068c                htim3
 .bss.htim4     0x200006d4       0x48 CMakeFiles/RobotMatchZET6.elf.dir/Core/Src/tim.c.obj
                0x200006d4                htim4
 .bss.htim5     0x2000071c       0x48 CMakeFiles/RobotMatchZET6.elf.dir/Core/Src/tim.c.obj
                0x2000071c                htim5
 .bss.htim6     0x20000764       0x48 CMakeFiles/RobotMatchZET6.elf.dir/Core/Src/tim.c.obj
                0x20000764                htim6
 .bss.huart1    0x200007ac       0x48 CMakeFiles/RobotMatchZET6.elf.dir/Core/Src/usart.c.obj
                0x200007ac                huart1
 .bss.huart2    0x200007f4       0x48 CMakeFiles/RobotMatchZET6.elf.dir/Core/Src/usart.c.obj
                0x200007f4                huart2
 .bss.uwTick    0x2000083c        0x4 CMakeFiles/RobotMatchZET6.elf.dir/Drivers/STM32F1xx_HAL_Driver/Src/stm32f1xx_hal.c.obj
                0x2000083c                uwTick
 .bss.__lock___atexit_recursive_mutex
                0x20000840        0x1 d:/stm32platform/gcc-arm-none-eabi-10.3-2021.10/bin/../lib/gcc/arm-none-eabi/10.3.1/../../../../arm-none-eabi/lib/thumb/v7-m/nofp\libg.a(lib_a-lock.o)
                0x20000840                __lock___atexit_recursive_mutex
 *(COMMON)
                0x20000844                . = ALIGN (0x4)
 *fill*         0x20000841        0x3 
                0x20000844                _ebss = .
                0x20000844                __bss_end__ = _ebss

._user_heap_stack
                0x20000844      0x604 load address 0x080048f4
                0x20000848                . = ALIGN (0x8)
 *fill*         0x20000844        0x4 
                [!provide]                PROVIDE (end = .)
                0x20000848                PROVIDE (_end = .)
                0x20000a48                . = (. + _Min_Heap_Size)
 *fill*         0x20000848      0x200 
                0x20000e48                . = (. + _Min_Stack_Size)
 *fill*         0x20000a48      0x400 
                0x20000e48                . = ALIGN (0x8)

/DISCARD/
 libc.a(*)
 libm.a(*)
 libgcc.a(*)

.ARM.attributes
                0x00000000       0x29
 *(.ARM.attributes)
 .ARM.attributes
                0x00000000       0x1d d:/stm32platform/gcc-arm-none-eabi-10.3-2021.10/bin/../lib/gcc/arm-none-eabi/10.3.1/thumb/v7-m/nofp/crti.o
 .ARM.attributes
                0x0000001d       0x2d d:/stm32platform/gcc-arm-none-eabi-10.3-2021.10/bin/../lib/gcc/arm-none-eabi/10.3.1/thumb/v7-m/nofp/crtbegin.o
 .ARM.attributes
                0x0000004a       0x2d CMakeFiles/RobotMatchZET6.elf.dir/Core/Src/encode.c.obj
 .ARM.attributes
                0x00000077       0x2d CMakeFiles/RobotMatchZET6.elf.dir/Core/Src/gpio.c.obj
 .ARM.attributes
                0x000000a4       0x2d CMakeFiles/RobotMatchZET6.elf.dir/Core/Src/main.c.obj
 .ARM.attributes
                0x000000d1       0x2d CMakeFiles/RobotMatchZET6.elf.dir/Core/Src/motorcontrol.c.obj
 .ARM.attributes
                0x000000fe       0x2d CMakeFiles/RobotMatchZET6.elf.dir/Core/Src/nrf24l01.c.obj
 .ARM.attributes
                0x0000012b       0x2d CMakeFiles/RobotMatchZET6.elf.dir/Core/Src/servocontrol.c.obj
 .ARM.attributes
                0x00000158       0x2d CMakeFiles/RobotMatchZET6.elf.dir/Core/Src/spi.c.obj
 .ARM.attributes
                0x00000185       0x2d CMakeFiles/RobotMatchZET6.elf.dir/Core/Src/stm32f1xx_hal_msp.c.obj
 .ARM.attributes
                0x000001b2       0x2d CMakeFiles/RobotMatchZET6.elf.dir/Core/Src/stm32f1xx_it.c.obj
 .ARM.attributes
                0x000001df       0x2d CMakeFiles/RobotMatchZET6.elf.dir/Core/Src/system_stm32f1xx.c.obj
 .ARM.attributes
                0x0000020c       0x2d CMakeFiles/RobotMatchZET6.elf.dir/Core/Src/tim.c.obj
 .ARM.attributes
                0x00000239       0x2d CMakeFiles/RobotMatchZET6.elf.dir/Core/Src/usart.c.obj
 .ARM.attributes
                0x00000266       0x21 CMakeFiles/RobotMatchZET6.elf.dir/Core/Startup/startup_stm32f103zetx.s.obj
 .ARM.attributes
                0x00000287       0x2d CMakeFiles/RobotMatchZET6.elf.dir/Drivers/STM32F1xx_HAL_Driver/Src/stm32f1xx_hal.c.obj
 .ARM.attributes
                0x000002b4       0x2d CMakeFiles/RobotMatchZET6.elf.dir/Drivers/STM32F1xx_HAL_Driver/Src/stm32f1xx_hal_cortex.c.obj
 .ARM.attributes
                0x000002e1       0x2d CMakeFiles/RobotMatchZET6.elf.dir/Drivers/STM32F1xx_HAL_Driver/Src/stm32f1xx_hal_dma.c.obj
 .ARM.attributes
                0x0000030e       0x2d CMakeFiles/RobotMatchZET6.elf.dir/Drivers/STM32F1xx_HAL_Driver/Src/stm32f1xx_hal_gpio.c.obj
 .ARM.attributes
                0x0000033b       0x2d CMakeFiles/RobotMatchZET6.elf.dir/Drivers/STM32F1xx_HAL_Driver/Src/stm32f1xx_hal_rcc.c.obj
 .ARM.attributes
                0x00000368       0x2d CMakeFiles/RobotMatchZET6.elf.dir/Drivers/STM32F1xx_HAL_Driver/Src/stm32f1xx_hal_spi.c.obj
 .ARM.attributes
                0x00000395       0x2d CMakeFiles/RobotMatchZET6.elf.dir/Drivers/STM32F1xx_HAL_Driver/Src/stm32f1xx_hal_tim.c.obj
 .ARM.attributes
                0x000003c2       0x2d CMakeFiles/RobotMatchZET6.elf.dir/Drivers/STM32F1xx_HAL_Driver/Src/stm32f1xx_hal_tim_ex.c.obj
 .ARM.attributes
                0x000003ef       0x2d CMakeFiles/RobotMatchZET6.elf.dir/Drivers/STM32F1xx_HAL_Driver/Src/stm32f1xx_hal_uart.c.obj
 .ARM.attributes
                0x0000041c       0x1d d:/stm32platform/gcc-arm-none-eabi-10.3-2021.10/bin/../lib/gcc/arm-none-eabi/10.3.1/thumb/v7-m/nofp\libgcc.a(_arm_addsubdf3.o)
 .ARM.attributes
                0x00000439       0x1d d:/stm32platform/gcc-arm-none-eabi-10.3-2021.10/bin/../lib/gcc/arm-none-eabi/10.3.1/thumb/v7-m/nofp\libgcc.a(_arm_muldivdf3.o)
 .ARM.attributes
                0x00000456       0x1d d:/stm32platform/gcc-arm-none-eabi-10.3-2021.10/bin/../lib/gcc/arm-none-eabi/10.3.1/thumb/v7-m/nofp\libgcc.a(_arm_cmpdf2.o)
 .ARM.attributes
                0x00000473       0x1d d:/stm32platform/gcc-arm-none-eabi-10.3-2021.10/bin/../lib/gcc/arm-none-eabi/10.3.1/thumb/v7-m/nofp\libgcc.a(_arm_fixunsdfsi.o)
 .ARM.attributes
                0x00000490       0x2d d:/stm32platform/gcc-arm-none-eabi-10.3-2021.10/bin/../lib/gcc/arm-none-eabi/10.3.1/../../../../arm-none-eabi/lib/thumb/v7-m/nofp\libg.a(lib_a-impure.o)
 .ARM.attributes
                0x000004bd       0x2d d:/stm32platform/gcc-arm-none-eabi-10.3-2021.10/bin/../lib/gcc/arm-none-eabi/10.3.1/../../../../arm-none-eabi/lib/thumb/v7-m/nofp\libg.a(lib_a-init.o)
 .ARM.attributes
                0x000004ea       0x2d d:/stm32platform/gcc-arm-none-eabi-10.3-2021.10/bin/../lib/gcc/arm-none-eabi/10.3.1/../../../../arm-none-eabi/lib/thumb/v7-m/nofp\libg.a(lib_a-memset.o)
 .ARM.attributes
                0x00000517       0x2d d:/stm32platform/gcc-arm-none-eabi-10.3-2021.10/bin/../lib/gcc/arm-none-eabi/10.3.1/../../../../arm-none-eabi/lib/thumb/v7-m/nofp\libg.a(lib_a-__call_atexit.o)
 .ARM.attributes
                0x00000544       0x2d d:/stm32platform/gcc-arm-none-eabi-10.3-2021.10/bin/../lib/gcc/arm-none-eabi/10.3.1/../../../../arm-none-eabi/lib/thumb/v7-m/nofp\libg.a(lib_a-atexit.o)
 .ARM.attributes
                0x00000571       0x2d d:/stm32platform/gcc-arm-none-eabi-10.3-2021.10/bin/../lib/gcc/arm-none-eabi/10.3.1/../../../../arm-none-eabi/lib/thumb/v7-m/nofp\libg.a(lib_a-fini.o)
 .ARM.attributes
                0x0000059e       0x2d d:/stm32platform/gcc-arm-none-eabi-10.3-2021.10/bin/../lib/gcc/arm-none-eabi/10.3.1/../../../../arm-none-eabi/lib/thumb/v7-m/nofp\libg.a(lib_a-lock.o)
 .ARM.attributes
                0x000005cb       0x2d d:/stm32platform/gcc-arm-none-eabi-10.3-2021.10/bin/../lib/gcc/arm-none-eabi/10.3.1/../../../../arm-none-eabi/lib/thumb/v7-m/nofp\libg.a(lib_a-__atexit.o)
 .ARM.attributes
                0x000005f8       0x1d d:/stm32platform/gcc-arm-none-eabi-10.3-2021.10/bin/../lib/gcc/arm-none-eabi/10.3.1/thumb/v7-m/nofp/crtn.o
OUTPUT(RobotMatchZET6.elf elf32-littlearm)
LOAD linker stubs
LOAD d:/stm32platform/gcc-arm-none-eabi-10.3-2021.10/bin/../lib/gcc/arm-none-eabi/10.3.1/../../../../arm-none-eabi/lib/thumb/v7-m/nofp\libc.a
LOAD d:/stm32platform/gcc-arm-none-eabi-10.3-2021.10/bin/../lib/gcc/arm-none-eabi/10.3.1/../../../../arm-none-eabi/lib/thumb/v7-m/nofp\libm.a
LOAD d:/stm32platform/gcc-arm-none-eabi-10.3-2021.10/bin/../lib/gcc/arm-none-eabi/10.3.1/thumb/v7-m/nofp\libgcc.a

.debug_info     0x00000000    0x159d9
 .debug_info    0x00000000      0xf1b CMakeFiles/RobotMatchZET6.elf.dir/Core/Src/encode.c.obj
 .debug_info    0x00000f1b      0x612 CMakeFiles/RobotMatchZET6.elf.dir/Core/Src/gpio.c.obj
 .debug_info    0x0000152d      0xe02 CMakeFiles/RobotMatchZET6.elf.dir/Core/Src/main.c.obj
 .debug_info    0x0000232f      0xcc9 CMakeFiles/RobotMatchZET6.elf.dir/Core/Src/motorcontrol.c.obj
 .debug_info    0x00002ff8      0xcbf CMakeFiles/RobotMatchZET6.elf.dir/Core/Src/nrf24l01.c.obj
 .debug_info    0x00003cb7       0xa5 CMakeFiles/RobotMatchZET6.elf.dir/Core/Src/servocontrol.c.obj
 .debug_info    0x00003d5c      0x881 CMakeFiles/RobotMatchZET6.elf.dir/Core/Src/spi.c.obj
 .debug_info    0x000045dd      0x1a0 CMakeFiles/RobotMatchZET6.elf.dir/Core/Src/stm32f1xx_hal_msp.c.obj
 .debug_info    0x0000477d      0x9fb CMakeFiles/RobotMatchZET6.elf.dir/Core/Src/stm32f1xx_it.c.obj
 .debug_info    0x00005178      0x248 CMakeFiles/RobotMatchZET6.elf.dir/Core/Src/system_stm32f1xx.c.obj
 .debug_info    0x000053c0     0x1382 CMakeFiles/RobotMatchZET6.elf.dir/Core/Src/tim.c.obj
 .debug_info    0x00006742      0xbe0 CMakeFiles/RobotMatchZET6.elf.dir/Core/Src/usart.c.obj
 .debug_info    0x00007322       0x22 CMakeFiles/RobotMatchZET6.elf.dir/Core/Startup/startup_stm32f103zetx.s.obj
 .debug_info    0x00007344      0x80e CMakeFiles/RobotMatchZET6.elf.dir/Drivers/STM32F1xx_HAL_Driver/Src/stm32f1xx_hal.c.obj
 .debug_info    0x00007b52      0xdf0 CMakeFiles/RobotMatchZET6.elf.dir/Drivers/STM32F1xx_HAL_Driver/Src/stm32f1xx_hal_cortex.c.obj
 .debug_info    0x00008942      0x84b CMakeFiles/RobotMatchZET6.elf.dir/Drivers/STM32F1xx_HAL_Driver/Src/stm32f1xx_hal_dma.c.obj
 .debug_info    0x0000918d      0x66f CMakeFiles/RobotMatchZET6.elf.dir/Drivers/STM32F1xx_HAL_Driver/Src/stm32f1xx_hal_gpio.c.obj
 .debug_info    0x000097fc      0xa3b CMakeFiles/RobotMatchZET6.elf.dir/Drivers/STM32F1xx_HAL_Driver/Src/stm32f1xx_hal_rcc.c.obj
 .debug_info    0x0000a237     0x1d83 CMakeFiles/RobotMatchZET6.elf.dir/Drivers/STM32F1xx_HAL_Driver/Src/stm32f1xx_hal_spi.c.obj
 .debug_info    0x0000bfba     0x3d52 CMakeFiles/RobotMatchZET6.elf.dir/Drivers/STM32F1xx_HAL_Driver/Src/stm32f1xx_hal_tim.c.obj
 .debug_info    0x0000fd0c     0x1abb CMakeFiles/RobotMatchZET6.elf.dir/Drivers/STM32F1xx_HAL_Driver/Src/stm32f1xx_hal_tim_ex.c.obj
 .debug_info    0x000117c7     0x4212 CMakeFiles/RobotMatchZET6.elf.dir/Drivers/STM32F1xx_HAL_Driver/Src/stm32f1xx_hal_uart.c.obj

.debug_abbrev   0x00000000     0x2882
 .debug_abbrev  0x00000000      0x233 CMakeFiles/RobotMatchZET6.elf.dir/Core/Src/encode.c.obj
 .debug_abbrev  0x00000233      0x158 CMakeFiles/RobotMatchZET6.elf.dir/Core/Src/gpio.c.obj
 .debug_abbrev  0x0000038b      0x259 CMakeFiles/RobotMatchZET6.elf.dir/Core/Src/main.c.obj
 .debug_abbrev  0x000005e4      0x109 CMakeFiles/RobotMatchZET6.elf.dir/Core/Src/motorcontrol.c.obj
 .debug_abbrev  0x000006ed      0x219 CMakeFiles/RobotMatchZET6.elf.dir/Core/Src/nrf24l01.c.obj
 .debug_abbrev  0x00000906       0x4a CMakeFiles/RobotMatchZET6.elf.dir/Core/Src/servocontrol.c.obj
 .debug_abbrev  0x00000950      0x1c1 CMakeFiles/RobotMatchZET6.elf.dir/Core/Src/spi.c.obj
 .debug_abbrev  0x00000b11       0xe2 CMakeFiles/RobotMatchZET6.elf.dir/Core/Src/stm32f1xx_hal_msp.c.obj
 .debug_abbrev  0x00000bf3      0x1aa CMakeFiles/RobotMatchZET6.elf.dir/Core/Src/stm32f1xx_it.c.obj
 .debug_abbrev  0x00000d9d      0x13e CMakeFiles/RobotMatchZET6.elf.dir/Core/Src/system_stm32f1xx.c.obj
 .debug_abbrev  0x00000edb      0x241 CMakeFiles/RobotMatchZET6.elf.dir/Core/Src/tim.c.obj
 .debug_abbrev  0x0000111c      0x1f7 CMakeFiles/RobotMatchZET6.elf.dir/Core/Src/usart.c.obj
 .debug_abbrev  0x00001313       0x12 CMakeFiles/RobotMatchZET6.elf.dir/Core/Startup/startup_stm32f103zetx.s.obj
 .debug_abbrev  0x00001325      0x1f4 CMakeFiles/RobotMatchZET6.elf.dir/Drivers/STM32F1xx_HAL_Driver/Src/stm32f1xx_hal.c.obj
 .debug_abbrev  0x00001519      0x341 CMakeFiles/RobotMatchZET6.elf.dir/Drivers/STM32F1xx_HAL_Driver/Src/stm32f1xx_hal_cortex.c.obj
 .debug_abbrev  0x0000185a      0x223 CMakeFiles/RobotMatchZET6.elf.dir/Drivers/STM32F1xx_HAL_Driver/Src/stm32f1xx_hal_dma.c.obj
 .debug_abbrev  0x00001a7d      0x1e6 CMakeFiles/RobotMatchZET6.elf.dir/Drivers/STM32F1xx_HAL_Driver/Src/stm32f1xx_hal_gpio.c.obj
 .debug_abbrev  0x00001c63      0x27a CMakeFiles/RobotMatchZET6.elf.dir/Drivers/STM32F1xx_HAL_Driver/Src/stm32f1xx_hal_rcc.c.obj
 .debug_abbrev  0x00001edd      0x23b CMakeFiles/RobotMatchZET6.elf.dir/Drivers/STM32F1xx_HAL_Driver/Src/stm32f1xx_hal_spi.c.obj
 .debug_abbrev  0x00002118      0x245 CMakeFiles/RobotMatchZET6.elf.dir/Drivers/STM32F1xx_HAL_Driver/Src/stm32f1xx_hal_tim.c.obj
 .debug_abbrev  0x0000235d      0x248 CMakeFiles/RobotMatchZET6.elf.dir/Drivers/STM32F1xx_HAL_Driver/Src/stm32f1xx_hal_tim_ex.c.obj
 .debug_abbrev  0x000025a5      0x2dd CMakeFiles/RobotMatchZET6.elf.dir/Drivers/STM32F1xx_HAL_Driver/Src/stm32f1xx_hal_uart.c.obj

.debug_loc      0x00000000     0xf969
 .debug_loc     0x00000000      0x15b CMakeFiles/RobotMatchZET6.elf.dir/Core/Src/encode.c.obj
 .debug_loc     0x0000015b      0x1f7 CMakeFiles/RobotMatchZET6.elf.dir/Core/Src/main.c.obj
 .debug_loc     0x00000352      0x245 CMakeFiles/RobotMatchZET6.elf.dir/Core/Src/nrf24l01.c.obj
 .debug_loc     0x00000597       0x84 CMakeFiles/RobotMatchZET6.elf.dir/Core/Src/spi.c.obj
 .debug_loc     0x0000061b       0xff CMakeFiles/RobotMatchZET6.elf.dir/Core/Src/system_stm32f1xx.c.obj
 .debug_loc     0x0000071a      0x2be CMakeFiles/RobotMatchZET6.elf.dir/Core/Src/tim.c.obj
 .debug_loc     0x000009d8       0xf3 CMakeFiles/RobotMatchZET6.elf.dir/Core/Src/usart.c.obj
 .debug_loc     0x00000acb      0x141 CMakeFiles/RobotMatchZET6.elf.dir/Drivers/STM32F1xx_HAL_Driver/Src/stm32f1xx_hal.c.obj
 .debug_loc     0x00000c0c      0x71f CMakeFiles/RobotMatchZET6.elf.dir/Drivers/STM32F1xx_HAL_Driver/Src/stm32f1xx_hal_cortex.c.obj
 .debug_loc     0x0000132b      0x7ce CMakeFiles/RobotMatchZET6.elf.dir/Drivers/STM32F1xx_HAL_Driver/Src/stm32f1xx_hal_dma.c.obj
 .debug_loc     0x00001af9      0x47d CMakeFiles/RobotMatchZET6.elf.dir/Drivers/STM32F1xx_HAL_Driver/Src/stm32f1xx_hal_gpio.c.obj
 .debug_loc     0x00001f76      0x618 CMakeFiles/RobotMatchZET6.elf.dir/Drivers/STM32F1xx_HAL_Driver/Src/stm32f1xx_hal_rcc.c.obj
 .debug_loc     0x0000258e     0x1e2f CMakeFiles/RobotMatchZET6.elf.dir/Drivers/STM32F1xx_HAL_Driver/Src/stm32f1xx_hal_spi.c.obj
 .debug_loc     0x000043bd     0x5084 CMakeFiles/RobotMatchZET6.elf.dir/Drivers/STM32F1xx_HAL_Driver/Src/stm32f1xx_hal_tim.c.obj
 .debug_loc     0x00009441     0x1cad CMakeFiles/RobotMatchZET6.elf.dir/Drivers/STM32F1xx_HAL_Driver/Src/stm32f1xx_hal_tim_ex.c.obj
 .debug_loc     0x0000b0ee     0x487b CMakeFiles/RobotMatchZET6.elf.dir/Drivers/STM32F1xx_HAL_Driver/Src/stm32f1xx_hal_uart.c.obj

.debug_aranges  0x00000000      0xf88
 .debug_aranges
                0x00000000       0x50 CMakeFiles/RobotMatchZET6.elf.dir/Core/Src/encode.c.obj
 .debug_aranges
                0x00000050       0x20 CMakeFiles/RobotMatchZET6.elf.dir/Core/Src/gpio.c.obj
 .debug_aranges
                0x00000070       0x40 CMakeFiles/RobotMatchZET6.elf.dir/Core/Src/main.c.obj
 .debug_aranges
                0x000000b0       0x90 CMakeFiles/RobotMatchZET6.elf.dir/Core/Src/motorcontrol.c.obj
 .debug_aranges
                0x00000140       0x60 CMakeFiles/RobotMatchZET6.elf.dir/Core/Src/nrf24l01.c.obj
 .debug_aranges
                0x000001a0       0x48 CMakeFiles/RobotMatchZET6.elf.dir/Core/Src/servocontrol.c.obj
 .debug_aranges
                0x000001e8       0x30 CMakeFiles/RobotMatchZET6.elf.dir/Core/Src/spi.c.obj
 .debug_aranges
                0x00000218       0x20 CMakeFiles/RobotMatchZET6.elf.dir/Core/Src/stm32f1xx_hal_msp.c.obj
 .debug_aranges
                0x00000238       0x78 CMakeFiles/RobotMatchZET6.elf.dir/Core/Src/stm32f1xx_it.c.obj
 .debug_aranges
                0x000002b0       0x28 CMakeFiles/RobotMatchZET6.elf.dir/Core/Src/system_stm32f1xx.c.obj
 .debug_aranges
                0x000002d8       0x68 CMakeFiles/RobotMatchZET6.elf.dir/Core/Src/tim.c.obj
 .debug_aranges
                0x00000340       0x38 CMakeFiles/RobotMatchZET6.elf.dir/Core/Src/usart.c.obj
 .debug_aranges
                0x00000378       0x28 CMakeFiles/RobotMatchZET6.elf.dir/Core/Startup/startup_stm32f103zetx.s.obj
 .debug_aranges
                0x000003a0       0xe0 CMakeFiles/RobotMatchZET6.elf.dir/Drivers/STM32F1xx_HAL_Driver/Src/stm32f1xx_hal.c.obj
 .debug_aranges
                0x00000480       0x90 CMakeFiles/RobotMatchZET6.elf.dir/Drivers/STM32F1xx_HAL_Driver/Src/stm32f1xx_hal_cortex.c.obj
 .debug_aranges
                0x00000510       0x80 CMakeFiles/RobotMatchZET6.elf.dir/Drivers/STM32F1xx_HAL_Driver/Src/stm32f1xx_hal_dma.c.obj
 .debug_aranges
                0x00000590       0x58 CMakeFiles/RobotMatchZET6.elf.dir/Drivers/STM32F1xx_HAL_Driver/Src/stm32f1xx_hal_gpio.c.obj
 .debug_aranges
                0x000005e8       0x90 CMakeFiles/RobotMatchZET6.elf.dir/Drivers/STM32F1xx_HAL_Driver/Src/stm32f1xx_hal_rcc.c.obj
 .debug_aranges
                0x00000678      0x1d0 CMakeFiles/RobotMatchZET6.elf.dir/Drivers/STM32F1xx_HAL_Driver/Src/stm32f1xx_hal_spi.c.obj
 .debug_aranges
                0x00000848      0x3d0 CMakeFiles/RobotMatchZET6.elf.dir/Drivers/STM32F1xx_HAL_Driver/Src/stm32f1xx_hal_tim.c.obj
 .debug_aranges
                0x00000c18      0x168 CMakeFiles/RobotMatchZET6.elf.dir/Drivers/STM32F1xx_HAL_Driver/Src/stm32f1xx_hal_tim_ex.c.obj
 .debug_aranges
                0x00000d80      0x208 CMakeFiles/RobotMatchZET6.elf.dir/Drivers/STM32F1xx_HAL_Driver/Src/stm32f1xx_hal_uart.c.obj

.debug_ranges   0x00000000      0xec8
 .debug_ranges  0x00000000       0x40 CMakeFiles/RobotMatchZET6.elf.dir/Core/Src/encode.c.obj
 .debug_ranges  0x00000040       0x10 CMakeFiles/RobotMatchZET6.elf.dir/Core/Src/gpio.c.obj
 .debug_ranges  0x00000050       0x30 CMakeFiles/RobotMatchZET6.elf.dir/Core/Src/main.c.obj
 .debug_ranges  0x00000080       0x80 CMakeFiles/RobotMatchZET6.elf.dir/Core/Src/motorcontrol.c.obj
 .debug_ranges  0x00000100       0x50 CMakeFiles/RobotMatchZET6.elf.dir/Core/Src/nrf24l01.c.obj
 .debug_ranges  0x00000150       0x38 CMakeFiles/RobotMatchZET6.elf.dir/Core/Src/servocontrol.c.obj
 .debug_ranges  0x00000188       0x20 CMakeFiles/RobotMatchZET6.elf.dir/Core/Src/spi.c.obj
 .debug_ranges  0x000001a8       0x10 CMakeFiles/RobotMatchZET6.elf.dir/Core/Src/stm32f1xx_hal_msp.c.obj
 .debug_ranges  0x000001b8       0x68 CMakeFiles/RobotMatchZET6.elf.dir/Core/Src/stm32f1xx_it.c.obj
 .debug_ranges  0x00000220       0x18 CMakeFiles/RobotMatchZET6.elf.dir/Core/Src/system_stm32f1xx.c.obj
 .debug_ranges  0x00000238       0x58 CMakeFiles/RobotMatchZET6.elf.dir/Core/Src/tim.c.obj
 .debug_ranges  0x00000290       0x28 CMakeFiles/RobotMatchZET6.elf.dir/Core/Src/usart.c.obj
 .debug_ranges  0x000002b8       0x20 CMakeFiles/RobotMatchZET6.elf.dir/Core/Startup/startup_stm32f103zetx.s.obj
 .debug_ranges  0x000002d8       0xd0 CMakeFiles/RobotMatchZET6.elf.dir/Drivers/STM32F1xx_HAL_Driver/Src/stm32f1xx_hal.c.obj
 .debug_ranges  0x000003a8       0xe0 CMakeFiles/RobotMatchZET6.elf.dir/Drivers/STM32F1xx_HAL_Driver/Src/stm32f1xx_hal_cortex.c.obj
 .debug_ranges  0x00000488       0x70 CMakeFiles/RobotMatchZET6.elf.dir/Drivers/STM32F1xx_HAL_Driver/Src/stm32f1xx_hal_dma.c.obj
 .debug_ranges  0x000004f8       0x48 CMakeFiles/RobotMatchZET6.elf.dir/Drivers/STM32F1xx_HAL_Driver/Src/stm32f1xx_hal_gpio.c.obj
 .debug_ranges  0x00000540       0xa0 CMakeFiles/RobotMatchZET6.elf.dir/Drivers/STM32F1xx_HAL_Driver/Src/stm32f1xx_hal_rcc.c.obj
 .debug_ranges  0x000005e0      0x1c0 CMakeFiles/RobotMatchZET6.elf.dir/Drivers/STM32F1xx_HAL_Driver/Src/stm32f1xx_hal_spi.c.obj
 .debug_ranges  0x000007a0      0x3c0 CMakeFiles/RobotMatchZET6.elf.dir/Drivers/STM32F1xx_HAL_Driver/Src/stm32f1xx_hal_tim.c.obj
 .debug_ranges  0x00000b60      0x158 CMakeFiles/RobotMatchZET6.elf.dir/Drivers/STM32F1xx_HAL_Driver/Src/stm32f1xx_hal_tim_ex.c.obj
 .debug_ranges  0x00000cb8      0x210 CMakeFiles/RobotMatchZET6.elf.dir/Drivers/STM32F1xx_HAL_Driver/Src/stm32f1xx_hal_uart.c.obj

.debug_line     0x00000000    0x12b52
 .debug_line    0x00000000      0x549 CMakeFiles/RobotMatchZET6.elf.dir/Core/Src/encode.c.obj
 .debug_line    0x00000549      0x2b7 CMakeFiles/RobotMatchZET6.elf.dir/Core/Src/gpio.c.obj
 .debug_line    0x00000800      0x6f5 CMakeFiles/RobotMatchZET6.elf.dir/Core/Src/main.c.obj
 .debug_line    0x00000ef5      0x376 CMakeFiles/RobotMatchZET6.elf.dir/Core/Src/motorcontrol.c.obj
 .debug_line    0x0000126b      0x403 CMakeFiles/RobotMatchZET6.elf.dir/Core/Src/nrf24l01.c.obj
 .debug_line    0x0000166e       0xf6 CMakeFiles/RobotMatchZET6.elf.dir/Core/Src/servocontrol.c.obj
 .debug_line    0x00001764      0x364 CMakeFiles/RobotMatchZET6.elf.dir/Core/Src/spi.c.obj
 .debug_line    0x00001ac8      0x1eb CMakeFiles/RobotMatchZET6.elf.dir/Core/Src/stm32f1xx_hal_msp.c.obj
 .debug_line    0x00001cb3      0x385 CMakeFiles/RobotMatchZET6.elf.dir/Core/Src/stm32f1xx_it.c.obj
 .debug_line    0x00002038      0x260 CMakeFiles/RobotMatchZET6.elf.dir/Core/Src/system_stm32f1xx.c.obj
 .debug_line    0x00002298      0x825 CMakeFiles/RobotMatchZET6.elf.dir/Core/Src/tim.c.obj
 .debug_line    0x00002abd      0x438 CMakeFiles/RobotMatchZET6.elf.dir/Core/Src/usart.c.obj
 .debug_line    0x00002ef5       0xa2 CMakeFiles/RobotMatchZET6.elf.dir/Core/Startup/startup_stm32f103zetx.s.obj
 .debug_line    0x00002f97      0x584 CMakeFiles/RobotMatchZET6.elf.dir/Drivers/STM32F1xx_HAL_Driver/Src/stm32f1xx_hal.c.obj
 .debug_line    0x0000351b      0x671 CMakeFiles/RobotMatchZET6.elf.dir/Drivers/STM32F1xx_HAL_Driver/Src/stm32f1xx_hal_cortex.c.obj
 .debug_line    0x00003b8c      0xd2a CMakeFiles/RobotMatchZET6.elf.dir/Drivers/STM32F1xx_HAL_Driver/Src/stm32f1xx_hal_dma.c.obj
 .debug_line    0x000048b6      0x62d CMakeFiles/RobotMatchZET6.elf.dir/Drivers/STM32F1xx_HAL_Driver/Src/stm32f1xx_hal_gpio.c.obj
 .debug_line    0x00004ee3      0xc56 CMakeFiles/RobotMatchZET6.elf.dir/Drivers/STM32F1xx_HAL_Driver/Src/stm32f1xx_hal_rcc.c.obj
 .debug_line    0x00005b39     0x2500 CMakeFiles/RobotMatchZET6.elf.dir/Drivers/STM32F1xx_HAL_Driver/Src/stm32f1xx_hal_spi.c.obj
 .debug_line    0x00008039     0x4a94 CMakeFiles/RobotMatchZET6.elf.dir/Drivers/STM32F1xx_HAL_Driver/Src/stm32f1xx_hal_tim.c.obj
 .debug_line    0x0000cacd     0x1c8c CMakeFiles/RobotMatchZET6.elf.dir/Drivers/STM32F1xx_HAL_Driver/Src/stm32f1xx_hal_tim_ex.c.obj
 .debug_line    0x0000e759     0x43f9 CMakeFiles/RobotMatchZET6.elf.dir/Drivers/STM32F1xx_HAL_Driver/Src/stm32f1xx_hal_uart.c.obj

.debug_str      0x00000000     0x45a1
 .debug_str     0x00000000      0xa2f CMakeFiles/RobotMatchZET6.elf.dir/Core/Src/encode.c.obj
                                0xb3f (size before relaxing)
 .debug_str     0x00000a2f      0x4d6 CMakeFiles/RobotMatchZET6.elf.dir/Core/Src/gpio.c.obj
                                0x692 (size before relaxing)
 .debug_str     0x00000f05      0x46c CMakeFiles/RobotMatchZET6.elf.dir/Core/Src/main.c.obj
                                0xaf3 (size before relaxing)
 .debug_str     0x00001371       0x36 CMakeFiles/RobotMatchZET6.elf.dir/Core/Src/motorcontrol.c.obj
                                0x2f3 (size before relaxing)
 .debug_str     0x000013a7      0x28b CMakeFiles/RobotMatchZET6.elf.dir/Core/Src/nrf24l01.c.obj
                                0x712 (size before relaxing)
 .debug_str     0x00001632       0x4c CMakeFiles/RobotMatchZET6.elf.dir/Core/Src/servocontrol.c.obj
                                0x191 (size before relaxing)
 .debug_str     0x0000167e       0x69 CMakeFiles/RobotMatchZET6.elf.dir/Core/Src/spi.c.obj
                                0x6c5 (size before relaxing)
 .debug_str     0x000016e7       0x64 CMakeFiles/RobotMatchZET6.elf.dir/Core/Src/stm32f1xx_hal_msp.c.obj
                                0x242 (size before relaxing)
 .debug_str     0x0000174b      0x145 CMakeFiles/RobotMatchZET6.elf.dir/Core/Src/stm32f1xx_it.c.obj
                                0x9c1 (size before relaxing)
 .debug_str     0x00001890       0x99 CMakeFiles/RobotMatchZET6.elf.dir/Core/Src/system_stm32f1xx.c.obj
                                0x288 (size before relaxing)
 .debug_str     0x00001929      0x211 CMakeFiles/RobotMatchZET6.elf.dir/Core/Src/tim.c.obj
                                0xdb7 (size before relaxing)
 .debug_str     0x00001b3a       0x5e CMakeFiles/RobotMatchZET6.elf.dir/Core/Src/usart.c.obj
                                0xb32 (size before relaxing)
 .debug_str     0x00001b98       0x51 CMakeFiles/RobotMatchZET6.elf.dir/Core/Startup/startup_stm32f103zetx.s.obj
                                 0x81 (size before relaxing)
 .debug_str     0x00001be9      0x2f8 CMakeFiles/RobotMatchZET6.elf.dir/Drivers/STM32F1xx_HAL_Driver/Src/stm32f1xx_hal.c.obj
                                0x93c (size before relaxing)
 .debug_str     0x00001ee1      0x3a5 CMakeFiles/RobotMatchZET6.elf.dir/Drivers/STM32F1xx_HAL_Driver/Src/stm32f1xx_hal_cortex.c.obj
                                0x9eb (size before relaxing)
 .debug_str     0x00002286      0x25a CMakeFiles/RobotMatchZET6.elf.dir/Drivers/STM32F1xx_HAL_Driver/Src/stm32f1xx_hal_dma.c.obj
                                0x631 (size before relaxing)
 .debug_str     0x000024e0       0xf7 CMakeFiles/RobotMatchZET6.elf.dir/Drivers/STM32F1xx_HAL_Driver/Src/stm32f1xx_hal_gpio.c.obj
                                0x434 (size before relaxing)
 .debug_str     0x000025d7      0x20f CMakeFiles/RobotMatchZET6.elf.dir/Drivers/STM32F1xx_HAL_Driver/Src/stm32f1xx_hal_rcc.c.obj
                                0x65f (size before relaxing)
 .debug_str     0x000027e6      0x504 CMakeFiles/RobotMatchZET6.elf.dir/Drivers/STM32F1xx_HAL_Driver/Src/stm32f1xx_hal_spi.c.obj
                                0xba1 (size before relaxing)
 .debug_str     0x00002cea      0xda7 CMakeFiles/RobotMatchZET6.elf.dir/Drivers/STM32F1xx_HAL_Driver/Src/stm32f1xx_hal_tim.c.obj
                               0x1673 (size before relaxing)
 .debug_str     0x00003a91      0x53f CMakeFiles/RobotMatchZET6.elf.dir/Drivers/STM32F1xx_HAL_Driver/Src/stm32f1xx_hal_tim_ex.c.obj
                                0xe74 (size before relaxing)
 .debug_str     0x00003fd0      0x5d1 CMakeFiles/RobotMatchZET6.elf.dir/Drivers/STM32F1xx_HAL_Driver/Src/stm32f1xx_hal_uart.c.obj
                                0xd28 (size before relaxing)

.comment        0x00000000       0x49
 .comment       0x00000000       0x49 CMakeFiles/RobotMatchZET6.elf.dir/Core/Src/encode.c.obj
                                 0x4a (size before relaxing)
 .comment       0x00000049       0x4a CMakeFiles/RobotMatchZET6.elf.dir/Core/Src/gpio.c.obj
 .comment       0x00000049       0x4a CMakeFiles/RobotMatchZET6.elf.dir/Core/Src/main.c.obj
 .comment       0x00000049       0x4a CMakeFiles/RobotMatchZET6.elf.dir/Core/Src/motorcontrol.c.obj
 .comment       0x00000049       0x4a CMakeFiles/RobotMatchZET6.elf.dir/Core/Src/nrf24l01.c.obj
 .comment       0x00000049       0x4a CMakeFiles/RobotMatchZET6.elf.dir/Core/Src/servocontrol.c.obj
 .comment       0x00000049       0x4a CMakeFiles/RobotMatchZET6.elf.dir/Core/Src/spi.c.obj
 .comment       0x00000049       0x4a CMakeFiles/RobotMatchZET6.elf.dir/Core/Src/stm32f1xx_hal_msp.c.obj
 .comment       0x00000049       0x4a CMakeFiles/RobotMatchZET6.elf.dir/Core/Src/stm32f1xx_it.c.obj
 .comment       0x00000049       0x4a CMakeFiles/RobotMatchZET6.elf.dir/Core/Src/system_stm32f1xx.c.obj
 .comment       0x00000049       0x4a CMakeFiles/RobotMatchZET6.elf.dir/Core/Src/tim.c.obj
 .comment       0x00000049       0x4a CMakeFiles/RobotMatchZET6.elf.dir/Core/Src/usart.c.obj
 .comment       0x00000049       0x4a CMakeFiles/RobotMatchZET6.elf.dir/Drivers/STM32F1xx_HAL_Driver/Src/stm32f1xx_hal.c.obj
 .comment       0x00000049       0x4a CMakeFiles/RobotMatchZET6.elf.dir/Drivers/STM32F1xx_HAL_Driver/Src/stm32f1xx_hal_cortex.c.obj
 .comment       0x00000049       0x4a CMakeFiles/RobotMatchZET6.elf.dir/Drivers/STM32F1xx_HAL_Driver/Src/stm32f1xx_hal_dma.c.obj
 .comment       0x00000049       0x4a CMakeFiles/RobotMatchZET6.elf.dir/Drivers/STM32F1xx_HAL_Driver/Src/stm32f1xx_hal_gpio.c.obj
 .comment       0x00000049       0x4a CMakeFiles/RobotMatchZET6.elf.dir/Drivers/STM32F1xx_HAL_Driver/Src/stm32f1xx_hal_rcc.c.obj
 .comment       0x00000049       0x4a CMakeFiles/RobotMatchZET6.elf.dir/Drivers/STM32F1xx_HAL_Driver/Src/stm32f1xx_hal_spi.c.obj
 .comment       0x00000049       0x4a CMakeFiles/RobotMatchZET6.elf.dir/Drivers/STM32F1xx_HAL_Driver/Src/stm32f1xx_hal_tim.c.obj
 .comment       0x00000049       0x4a CMakeFiles/RobotMatchZET6.elf.dir/Drivers/STM32F1xx_HAL_Driver/Src/stm32f1xx_hal_tim_ex.c.obj
 .comment       0x00000049       0x4a CMakeFiles/RobotMatchZET6.elf.dir/Drivers/STM32F1xx_HAL_Driver/Src/stm32f1xx_hal_uart.c.obj

.debug_frame    0x00000000     0x2d00
 .debug_frame   0x00000000       0xd8 CMakeFiles/RobotMatchZET6.elf.dir/Core/Src/encode.c.obj
 .debug_frame   0x000000d8       0x3c CMakeFiles/RobotMatchZET6.elf.dir/Core/Src/gpio.c.obj
 .debug_frame   0x00000114       0x8c CMakeFiles/RobotMatchZET6.elf.dir/Core/Src/main.c.obj
 .debug_frame   0x000001a0      0x18c CMakeFiles/RobotMatchZET6.elf.dir/Core/Src/motorcontrol.c.obj
 .debug_frame   0x0000032c      0x110 CMakeFiles/RobotMatchZET6.elf.dir/Core/Src/nrf24l01.c.obj
 .debug_frame   0x0000043c       0x70 CMakeFiles/RobotMatchZET6.elf.dir/Core/Src/servocontrol.c.obj
 .debug_frame   0x000004ac       0x60 CMakeFiles/RobotMatchZET6.elf.dir/Core/Src/spi.c.obj
 .debug_frame   0x0000050c       0x2c CMakeFiles/RobotMatchZET6.elf.dir/Core/Src/stm32f1xx_hal_msp.c.obj
 .debug_frame   0x00000538       0xf0 CMakeFiles/RobotMatchZET6.elf.dir/Core/Src/stm32f1xx_it.c.obj
 .debug_frame   0x00000628       0x30 CMakeFiles/RobotMatchZET6.elf.dir/Core/Src/system_stm32f1xx.c.obj
 .debug_frame   0x00000658      0x13c CMakeFiles/RobotMatchZET6.elf.dir/Core/Src/tim.c.obj
 .debug_frame   0x00000794       0x7c CMakeFiles/RobotMatchZET6.elf.dir/Core/Src/usart.c.obj
 .debug_frame   0x00000810      0x1cc CMakeFiles/RobotMatchZET6.elf.dir/Drivers/STM32F1xx_HAL_Driver/Src/stm32f1xx_hal.c.obj
 .debug_frame   0x000009dc      0x118 CMakeFiles/RobotMatchZET6.elf.dir/Drivers/STM32F1xx_HAL_Driver/Src/stm32f1xx_hal_cortex.c.obj
 .debug_frame   0x00000af4      0x140 CMakeFiles/RobotMatchZET6.elf.dir/Drivers/STM32F1xx_HAL_Driver/Src/stm32f1xx_hal_dma.c.obj
 .debug_frame   0x00000c34       0xe4 CMakeFiles/RobotMatchZET6.elf.dir/Drivers/STM32F1xx_HAL_Driver/Src/stm32f1xx_hal_gpio.c.obj
 .debug_frame   0x00000d18      0x184 CMakeFiles/RobotMatchZET6.elf.dir/Drivers/STM32F1xx_HAL_Driver/Src/stm32f1xx_hal_rcc.c.obj
 .debug_frame   0x00000e9c      0x5ac CMakeFiles/RobotMatchZET6.elf.dir/Drivers/STM32F1xx_HAL_Driver/Src/stm32f1xx_hal_spi.c.obj
 .debug_frame   0x00001448      0xb04 CMakeFiles/RobotMatchZET6.elf.dir/Drivers/STM32F1xx_HAL_Driver/Src/stm32f1xx_hal_tim.c.obj
 .debug_frame   0x00001f4c      0x40c CMakeFiles/RobotMatchZET6.elf.dir/Drivers/STM32F1xx_HAL_Driver/Src/stm32f1xx_hal_tim_ex.c.obj
 .debug_frame   0x00002358      0x5d8 CMakeFiles/RobotMatchZET6.elf.dir/Drivers/STM32F1xx_HAL_Driver/Src/stm32f1xx_hal_uart.c.obj
 .debug_frame   0x00002930       0xac d:/stm32platform/gcc-arm-none-eabi-10.3-2021.10/bin/../lib/gcc/arm-none-eabi/10.3.1/thumb/v7-m/nofp\libgcc.a(_arm_addsubdf3.o)
 .debug_frame   0x000029dc       0x50 d:/stm32platform/gcc-arm-none-eabi-10.3-2021.10/bin/../lib/gcc/arm-none-eabi/10.3.1/thumb/v7-m/nofp\libgcc.a(_arm_muldivdf3.o)
 .debug_frame   0x00002a2c       0xc4 d:/stm32platform/gcc-arm-none-eabi-10.3-2021.10/bin/../lib/gcc/arm-none-eabi/10.3.1/thumb/v7-m/nofp\libgcc.a(_arm_cmpdf2.o)
 .debug_frame   0x00002af0       0x24 d:/stm32platform/gcc-arm-none-eabi-10.3-2021.10/bin/../lib/gcc/arm-none-eabi/10.3.1/thumb/v7-m/nofp\libgcc.a(_arm_fixunsdfsi.o)
 .debug_frame   0x00002b14       0x2c d:/stm32platform/gcc-arm-none-eabi-10.3-2021.10/bin/../lib/gcc/arm-none-eabi/10.3.1/../../../../arm-none-eabi/lib/thumb/v7-m/nofp\libg.a(lib_a-init.o)
 .debug_frame   0x00002b40       0x2c d:/stm32platform/gcc-arm-none-eabi-10.3-2021.10/bin/../lib/gcc/arm-none-eabi/10.3.1/../../../../arm-none-eabi/lib/thumb/v7-m/nofp\libg.a(lib_a-memset.o)
 .debug_frame   0x00002b6c       0x5c d:/stm32platform/gcc-arm-none-eabi-10.3-2021.10/bin/../lib/gcc/arm-none-eabi/10.3.1/../../../../arm-none-eabi/lib/thumb/v7-m/nofp\libg.a(lib_a-__call_atexit.o)
 .debug_frame   0x00002bc8       0x20 d:/stm32platform/gcc-arm-none-eabi-10.3-2021.10/bin/../lib/gcc/arm-none-eabi/10.3.1/../../../../arm-none-eabi/lib/thumb/v7-m/nofp\libg.a(lib_a-atexit.o)
 .debug_frame   0x00002be8       0x34 d:/stm32platform/gcc-arm-none-eabi-10.3-2021.10/bin/../lib/gcc/arm-none-eabi/10.3.1/../../../../arm-none-eabi/lib/thumb/v7-m/nofp\libg.a(lib_a-fini.o)
 .debug_frame   0x00002c1c       0xb0 d:/stm32platform/gcc-arm-none-eabi-10.3-2021.10/bin/../lib/gcc/arm-none-eabi/10.3.1/../../../../arm-none-eabi/lib/thumb/v7-m/nofp\libg.a(lib_a-lock.o)
 .debug_frame   0x00002ccc       0x34 d:/stm32platform/gcc-arm-none-eabi-10.3-2021.10/bin/../lib/gcc/arm-none-eabi/10.3.1/../../../../arm-none-eabi/lib/thumb/v7-m/nofp\libg.a(lib_a-__atexit.o)
